Archive member included to satisfy reference by file (symbol)

c:/program files (x86)/gnu tools arm embedded/7 2018-q2-update/bin/../lib/gcc/arm-none-eabi/7.3.1/../../../../arm-none-eabi/lib/thumb/v7e-m/fpv4-sp/hard\libm.a(lib_a-s_atan.o)
                              ..\obj\bw_cmps11.o (atan)
c:/program files (x86)/gnu tools arm embedded/7 2018-q2-update/bin/../lib/gcc/arm-none-eabi/7.3.1/../../../../arm-none-eabi/lib/thumb/v7e-m/fpv4-sp/hard\libm.a(lib_a-s_cos.o)
                              ..\obj\bw_dynamixel_hexapod_cmd.o (cos)
c:/program files (x86)/gnu tools arm embedded/7 2018-q2-update/bin/../lib/gcc/arm-none-eabi/7.3.1/../../../../arm-none-eabi/lib/thumb/v7e-m/fpv4-sp/hard\libm.a(lib_a-s_fabs.o)
                              c:/program files (x86)/gnu tools arm embedded/7 2018-q2-update/bin/../lib/gcc/arm-none-eabi/7.3.1/../../../../arm-none-eabi/lib/thumb/v7e-m/fpv4-sp/hard\libm.a(lib_a-s_atan.o) (fabs)
c:/program files (x86)/gnu tools arm embedded/7 2018-q2-update/bin/../lib/gcc/arm-none-eabi/7.3.1/../../../../arm-none-eabi/lib/thumb/v7e-m/fpv4-sp/hard\libm.a(lib_a-s_sin.o)
                              ..\obj\bw_dynamixel_hexapod_cmd.o (sin)
c:/program files (x86)/gnu tools arm embedded/7 2018-q2-update/bin/../lib/gcc/arm-none-eabi/7.3.1/../../../../arm-none-eabi/lib/thumb/v7e-m/fpv4-sp/hard\libm.a(lib_a-w_acos.o)
                              ..\obj\bw_dynamixel_hexapod_cmd.o (acos)
c:/program files (x86)/gnu tools arm embedded/7 2018-q2-update/bin/../lib/gcc/arm-none-eabi/7.3.1/../../../../arm-none-eabi/lib/thumb/v7e-m/fpv4-sp/hard\libm.a(lib_a-w_atan2.o)
                              ..\obj\bw_dynamixel_hexapod_cmd.o (atan2)
c:/program files (x86)/gnu tools arm embedded/7 2018-q2-update/bin/../lib/gcc/arm-none-eabi/7.3.1/../../../../arm-none-eabi/lib/thumb/v7e-m/fpv4-sp/hard\libm.a(lib_a-w_pow.o)
                              ..\obj\bw_dynamixel_hexapod_cmd.o (pow)
c:/program files (x86)/gnu tools arm embedded/7 2018-q2-update/bin/../lib/gcc/arm-none-eabi/7.3.1/../../../../arm-none-eabi/lib/thumb/v7e-m/fpv4-sp/hard\libm.a(lib_a-w_sqrt.o)
                              ..\obj\bw_dynamixel_hexapod_cmd.o (sqrt)
c:/program files (x86)/gnu tools arm embedded/7 2018-q2-update/bin/../lib/gcc/arm-none-eabi/7.3.1/../../../../arm-none-eabi/lib/thumb/v7e-m/fpv4-sp/hard\libm.a(lib_a-e_acos.o)
                              c:/program files (x86)/gnu tools arm embedded/7 2018-q2-update/bin/../lib/gcc/arm-none-eabi/7.3.1/../../../../arm-none-eabi/lib/thumb/v7e-m/fpv4-sp/hard\libm.a(lib_a-w_acos.o) (__ieee754_acos)
c:/program files (x86)/gnu tools arm embedded/7 2018-q2-update/bin/../lib/gcc/arm-none-eabi/7.3.1/../../../../arm-none-eabi/lib/thumb/v7e-m/fpv4-sp/hard\libm.a(lib_a-e_atan2.o)
                              c:/program files (x86)/gnu tools arm embedded/7 2018-q2-update/bin/../lib/gcc/arm-none-eabi/7.3.1/../../../../arm-none-eabi/lib/thumb/v7e-m/fpv4-sp/hard\libm.a(lib_a-w_atan2.o) (__ieee754_atan2)
c:/program files (x86)/gnu tools arm embedded/7 2018-q2-update/bin/../lib/gcc/arm-none-eabi/7.3.1/../../../../arm-none-eabi/lib/thumb/v7e-m/fpv4-sp/hard\libm.a(lib_a-e_pow.o)
                              c:/program files (x86)/gnu tools arm embedded/7 2018-q2-update/bin/../lib/gcc/arm-none-eabi/7.3.1/../../../../arm-none-eabi/lib/thumb/v7e-m/fpv4-sp/hard\libm.a(lib_a-w_pow.o) (__ieee754_pow)
c:/program files (x86)/gnu tools arm embedded/7 2018-q2-update/bin/../lib/gcc/arm-none-eabi/7.3.1/../../../../arm-none-eabi/lib/thumb/v7e-m/fpv4-sp/hard\libm.a(lib_a-e_rem_pio2.o)
                              c:/program files (x86)/gnu tools arm embedded/7 2018-q2-update/bin/../lib/gcc/arm-none-eabi/7.3.1/../../../../arm-none-eabi/lib/thumb/v7e-m/fpv4-sp/hard\libm.a(lib_a-s_cos.o) (__ieee754_rem_pio2)
c:/program files (x86)/gnu tools arm embedded/7 2018-q2-update/bin/../lib/gcc/arm-none-eabi/7.3.1/../../../../arm-none-eabi/lib/thumb/v7e-m/fpv4-sp/hard\libm.a(lib_a-e_sqrt.o)
                              c:/program files (x86)/gnu tools arm embedded/7 2018-q2-update/bin/../lib/gcc/arm-none-eabi/7.3.1/../../../../arm-none-eabi/lib/thumb/v7e-m/fpv4-sp/hard\libm.a(lib_a-w_sqrt.o) (__ieee754_sqrt)
c:/program files (x86)/gnu tools arm embedded/7 2018-q2-update/bin/../lib/gcc/arm-none-eabi/7.3.1/../../../../arm-none-eabi/lib/thumb/v7e-m/fpv4-sp/hard\libm.a(lib_a-k_cos.o)
                              c:/program files (x86)/gnu tools arm embedded/7 2018-q2-update/bin/../lib/gcc/arm-none-eabi/7.3.1/../../../../arm-none-eabi/lib/thumb/v7e-m/fpv4-sp/hard\libm.a(lib_a-s_cos.o) (__kernel_cos)
c:/program files (x86)/gnu tools arm embedded/7 2018-q2-update/bin/../lib/gcc/arm-none-eabi/7.3.1/../../../../arm-none-eabi/lib/thumb/v7e-m/fpv4-sp/hard\libm.a(lib_a-k_rem_pio2.o)
                              c:/program files (x86)/gnu tools arm embedded/7 2018-q2-update/bin/../lib/gcc/arm-none-eabi/7.3.1/../../../../arm-none-eabi/lib/thumb/v7e-m/fpv4-sp/hard\libm.a(lib_a-e_rem_pio2.o) (__kernel_rem_pio2)
[...]
Memory Configuration

Name             Origin             Length             Attributes
rom              0x08000000         0x00100000         xr
ram              0x20000000         0x00020000         xrw
ram1             0x10000000         0x00010000         xrw
*default*        0x00000000         0xffffffff

Linker script and memory map

LOAD c:/program files (x86)/gnu tools arm embedded/7 2018-q2-update/bin/../lib/gcc/arm-none-eabi/7.3.1/thumb/v7e-m/fpv4-sp/hard/crti.o
LOAD c:/program files (x86)/gnu tools arm embedded/7 2018-q2-update/bin/../lib/gcc/arm-none-eabi/7.3.1/thumb/v7e-m/fpv4-sp/hard/crtbegin.o
LOAD c:/program files (x86)/gnu tools arm embedded/7 2018-q2-update/bin/../lib/gcc/arm-none-eabi/7.3.1/../../../../arm-none-eabi/lib/thumb/v7e-m/fpv4-sp/hard/crt0.o
                0x20020000                _eram = 0x20020000

.text           0x08000000    0x50015
 *(.isr_vector)
 .isr_vector    0x08000000      0x188 ..\obj\startup_stm32f4xx.o
                0x08000000                g_pfnVectors
 *(.text*)
 .text          0x08000188       0x40 c:/program files (x86)/gnu tools arm embedded/7 2018-q2-update/bin/../lib/gcc/arm-none-eabi/7.3.1/thumb/v7e-m/fpv4-sp/hard/crtbegin.o
 .text.Dynamixel_USART2_Init
                0x080001c8       0xd0 ..\obj\bw_dynamixel_ax_12a.o
                0x080001c8                Dynamixel_USART2_Init
 .text.USART_TimeOut
                0x08000298       0x30 ..\obj\bw_dynamixel_ax_12a.o
                0x08000298                USART_TimeOut
 .text.Dynamx_Send
                0x080002c8       0xd4 ..\obj\bw_dynamixel_ax_12a.o
                0x080002c8                Dynamx_Send
 .text.Dyna_Slope
                0x0800039c       0xb0 ..\obj\bw_dynamixel_ax_12a.o
                0x0800039c                Dyna_Slope
 .text.setPunch
                0x0800044c       0xa4 ..\obj\bw_dynamixel_ax_12a.o
                0x0800044c                setPunch
 .text.Dyna_Actuate
                0x080004f0      0x104 ..\obj\bw_dynamixel_ax_12a.o
                0x080004f0                Dyna_Actuate
 .text.Start_Pose_SYNC
                0x080005f4      0x138 ..\obj\bw_dynamixel_ax_12a.o
                0x080005f4                Start_Pose_SYNC
 .text.USART2_IRQHandler
                0x0800072c       0x78 ..\obj\bw_dynamixel_ax_12a.o
                0x0800072c                USART2_IRQHandler
 .text.USART1_Init_Tracer
                0x080007a4       0xcc ..\obj\bw_usart_comm.o
                0x080007a4                USART1_Init_Tracer
 .text.USART1_IRQHandler
                0x08000870      0x40c ..\obj\bw_usart_comm.o
                0x08000870                USART1_IRQHandler
 .text.USART6_Init_Tracer_Grip
                0x08000c7c       0xcc ..\obj\bw_usart_comm.o
                0x08000c7c                USART6_Init_Tracer_Grip
 .text.USART6_IRQHandler
                0x08000d48      0x1f0 ..\obj\bw_usart_comm.o
                0x08000d48                USART6_IRQHandler
 .text.Sendto_PC
                0x08000f38       0x18 ..\obj\bw_usart_comm.o
                0x08000f38                Sendto_PC
 .text.TCS3200_Transmit
                0x08000f50       0x84 ..\obj\bw_usart_comm.o
                0x08000f50                TCS3200_Transmit
 .text.BW_I2C_LCD_Init
                0x08000fd4       0xac ..\obj\bw_i2c_lcd.o
                0x08000fd4                BW_I2C_LCD_Init
 .text.I2C1_WriteByte_LCD
                0x08001080      0x128 ..\obj\bw_i2c_lcd.o
                0x08001080                I2C1_WriteByte_LCD
 .text.I2C1_TimeOut_LCD
                0x080011a8       0x48 ..\obj\bw_i2c_lcd.o
                0x080011a8                I2C1_TimeOut_LCD
 .text.PCF8574_WriteI2C
                0x080011f0       0x5c ..\obj\bw_i2c_lcd.o
                0x080011f0                PCF8574_WriteI2C
 .text.PCF8574_Send_Nibble
                0x0800124c       0x36 ..\obj\bw_i2c_lcd.o
                0x0800124c                PCF8574_Send_Nibble
 .text.PCF8574_Send
                0x08001282       0x3e ..\obj\bw_i2c_lcd.o
                0x08001282                PCF8574_Send
 .text.PCF8574_Command
                0x080012c0       0x1c ..\obj\bw_i2c_lcd.o
                0x080012c0                PCF8574_Command
 .text.PCF8574_Write
                0x080012dc       0x1c ..\obj\bw_i2c_lcd.o
                0x080012dc                PCF8574_Write
 .text.PCF8574_LCD_putch
                0x080012f8       0x20 ..\obj\bw_i2c_lcd.o
                0x080012f8                PCF8574_LCD_putch
 .text.LiquidCrystal_PCF8574
                0x08001318       0x2c ..\obj\bw_i2c_lcd.o
                0x08001318                LiquidCrystal_PCF8574
 .text.PCF8574_begin_LCD
                0x08001344       0xec ..\obj\bw_i2c_lcd.o
                0x08001344                PCF8574_begin_LCD
 .text.PCF8574_LCD_CursorOff
                0x08001430       0x2c ..\obj\bw_i2c_lcd.o
                0x08001430                PCF8574_LCD_CursorOff
 .text.PCF8574_LCD_DisplayOn
                0x0800145c       0x2c ..\obj\bw_i2c_lcd.o
                0x0800145c                PCF8574_LCD_DisplayOn
 .text.PCF8574_LCD_gotoxy
                0x08001488       0x6c ..\obj\bw_i2c_lcd.o
                0x08001488                PCF8574_LCD_gotoxy
 .text.PCF8574_LCD_Clear
                0x080014f4       0x16 ..\obj\bw_i2c_lcd.o
                0x080014f4                PCF8574_LCD_Clear
 *fill*         0x0800150a        0x2 
 .text.BW_Read_I2C2
                0x0800150c      0x258 ..\obj\BW_I2C_EEPROM.o
                0x0800150c                BW_Read_I2C2
 .text.Load_CMPS_DATA
                0x08001764      0x238 ..\obj\BW_I2C_EEPROM.o
                0x08001764                Load_CMPS_DATA
 .text.Load_CAT_MIN_DATA
                0x0800199c       0x28 ..\obj\BW_I2C_EEPROM.o
                0x0800199c                Load_CAT_MIN_DATA
 .text.I2C2_TimeOut
                0x080019c4       0x3c ..\obj\BW_I2C_EEPROM.o
                0x080019c4                I2C2_TimeOut
 .text.USART_DeInit
                0x08001a00       0xd4 ..\obj\stm32f4xx_usart.o
                0x08001a00                USART_DeInit
 .text.USART_Init
                0x08001ad4      0x174 ..\obj\stm32f4xx_usart.o
                0x08001ad4                USART_Init
 .text.USART_Cmd
                0x08001c48       0x40 ..\obj\stm32f4xx_usart.o
                0x08001c48                USART_Cmd
 .text.USART_SendData
                0x08001c88       0x24 ..\obj\stm32f4xx_usart.o
                0x08001c88                USART_SendData
 .text.USART_ITConfig
                0x08001cac       0x90 ..\obj\stm32f4xx_usart.o
                0x08001cac                USART_ITConfig
 .text.USART_GetFlagStatus
                0x08001d3c       0x38 ..\obj\stm32f4xx_usart.o
                0x08001d3c                USART_GetFlagStatus
 .text.USART_ClearFlag
                0x08001d74       0x22 ..\obj\stm32f4xx_usart.o
                0x08001d74                USART_ClearFlag
 .text.USART_GetITStatus
                0x08001d96       0xb6 ..\obj\stm32f4xx_usart.o
                0x08001d96                USART_GetITStatus
 .text.RotSwitch_Init
                0x08001e4c       0xb8 ..\obj\bw_rotary_switch.o
                0x08001e4c                RotSwitch_Init
 .text.RotSwitch_Sampling
                0x08001f04       0xc4 ..\obj\bw_rotary_switch.o
                0x08001f04                RotSwitch_Sampling
 .text.Display_MODE
                0x08001fc8      0x194 ..\obj\bw_rotary_switch.o
                0x08001fc8                Display_MODE
 .text.Button_Init
                0x0800215c       0x10 ..\obj\bw_user_interface.o
                0x0800215c                Button_Init
 .text.StartButton_Init
                0x0800216c       0x40 ..\obj\bw_user_interface.o
                0x0800216c                StartButton_Init
 .text.UserButton_Init
                0x080021ac       0x6c ..\obj\bw_user_interface.o
                0x080021ac                UserButton_Init
 .text.BW_Buzz  0x08002218       0x14 ..\obj\bw_user_interface.o
                0x08002218                BW_Buzz
 .text.FIRE_LED_Init
                0x0800222c       0x40 ..\obj\bw_user_interface.o
                0x0800222c                FIRE_LED_Init
 .text.TCS_GRIPPER_LED_Init
                0x0800226c       0x40 ..\obj\bw_user_interface.o
                0x0800226c                TCS_GRIPPER_LED_Init
 .text.SND_ACT_LED_Init
                0x080022ac       0x40 ..\obj\bw_user_interface.o
                0x080022ac                SND_ACT_LED_Init
 .text.BW_LED_Interrupt_Init
                0x080022ec       0x68 ..\obj\bw_user_interface.o
                0x080022ec                BW_LED_Interrupt_Init
 .text.TIM5_IRQHandler
                0x08002354       0xf0 ..\obj\bw_user_interface.o
                0x08002354                TIM5_IRQHandler
 .text.BW_Initial_Setup
                0x08002444       0xb0 ..\obj\bw_user_interface.o
                0x08002444                BW_Initial_Setup
 .text.Default_Reset_Handler
                0x080024f4       0x6c ..\obj\startup_stm32f4xx.o
                0x080024f4                Default_Reset_Handler
                0x080024f4                Reset_Handler
 .text.Default_Handler
                0x08002560        0x6 ..\obj\startup_stm32f4xx.o
                0x08002560                RTC_Alarm_IRQHandler
                0x08002560                HASH_RNG_IRQHandler
                0x08002560                EXTI2_IRQHandler
                0x08002560                TIM8_CC_IRQHandler
                0x08002560                DebugMon_Handler
                0x08002560                TIM1_CC_IRQHandler
                0x08002560                DMA2_Stream5_IRQHandler
                0x08002560                HardFault_Handler
                0x08002560                DMA1_Stream5_IRQHandler
                0x08002560                PVD_IRQHandler
                0x08002560                SDIO_IRQHandler
                0x08002560                TAMP_STAMP_IRQHandler
                0x08002560                PendSV_Handler
                0x08002560                NMI_Handler
                0x08002560                CAN2_RX1_IRQHandler
                0x08002560                EXTI3_IRQHandler
                0x08002560                TIM8_TRG_COM_TIM14_IRQHandler
                0x08002560                TIM1_UP_TIM10_IRQHandler
                0x08002560                TIM8_UP_TIM13_IRQHandler
                0x08002560                I2C3_ER_IRQHandler
                0x08002560                EXTI0_IRQHandler
                0x08002560                I2C2_EV_IRQHandler
                0x08002560                DMA1_Stream2_IRQHandler
                0x08002560                CAN1_RX0_IRQHandler
                0x08002560                FPU_IRQHandler
                0x08002560                OTG_HS_WKUP_IRQHandler
                0x08002560                UsageFault_Handler
                0x08002560                CAN2_SCE_IRQHandler
                0x08002560                DMA2_Stream2_IRQHandler
                0x08002560                SPI1_IRQHandler
                0x08002560                TIM6_DAC_IRQHandler
                0x08002560                TIM1_BRK_TIM9_IRQHandler
                0x08002560                DCMI_IRQHandler
                0x08002560                CAN2_RX0_IRQHandler
                0x08002560                DMA2_Stream3_IRQHandler
                0x08002560                CRYP_IRQHandler
                0x08002560                CAN1_RX1_IRQHandler
                0x08002560                UART5_IRQHandler
                0x08002560                DMA2_Stream0_IRQHandler
                0x08002560                I2C1_EV_IRQHandler
                0x08002560                DMA1_Stream6_IRQHandler
                0x08002560                DMA1_Stream1_IRQHandler
                0x08002560                UART4_IRQHandler
                0x08002560                RCC_IRQHandler
                0x08002560                TIM8_BRK_TIM12_IRQHandler
                0x08002560                EXTI15_10_IRQHandler
                0x08002560                ADC_IRQHandler
                0x08002560                DMA1_Stream7_IRQHandler
                0x08002560                TIM7_IRQHandler
                0x08002560                CAN2_TX_IRQHandler
                0x08002560                DMA2_Stream7_IRQHandler
                0x08002560                I2C3_EV_IRQHandler
                0x08002560                EXTI9_5_IRQHandler
                0x08002560                RTC_WKUP_IRQHandler
                0x08002560                ETH_WKUP_IRQHandler
                0x08002560                SPI2_IRQHandler
                0x08002560                OTG_HS_EP1_IN_IRQHandler
                0x08002560                MemManage_Handler
                0x08002560                DMA1_Stream0_IRQHandler
                0x08002560                CAN1_TX_IRQHandler
                0x08002560                SVC_Handler
                0x08002560                EXTI4_IRQHandler
                0x08002560                FSMC_IRQHandler
                0x08002560                ETH_IRQHandler
                0x08002560                OTG_HS_EP1_OUT_IRQHandler
                0x08002560                WWDG_IRQHandler
                0x08002560                TIM2_IRQHandler
                0x08002560                OTG_FS_WKUP_IRQHandler
                0x08002560                TIM1_TRG_COM_TIM11_IRQHandler
                0x08002560                OTG_HS_IRQHandler
                0x08002560                EXTI1_IRQHandler
                0x08002560                I2C2_ER_IRQHandler
                0x08002560                DMA2_Stream1_IRQHandler
                0x08002560                CAN1_SCE_IRQHandler
                0x08002560                FLASH_IRQHandler
                0x08002560                DMA2_Stream4_IRQHandler
                0x08002560                BusFault_Handler
                0x08002560                OTG_FS_IRQHandler
                0x08002560                SPI3_IRQHandler
                0x08002560                DMA1_Stream4_IRQHandler
                0x08002560                I2C1_ER_IRQHandler
                0x08002560                DMA2_Stream6_IRQHandler
                0x08002560                DMA1_Stream3_IRQHandler
 *fill*         0x08002566        0x2 
 .text.Servo_PWM_Config
                0x08002568      0x110 ..\obj\mz_servo_pwm.o
                0x08002568                Servo_PWM_Config
 .text.Servo_PWM_Set_Angle
                0x08002678       0x58 ..\obj\mz_servo_pwm.o
                0x08002678                Servo_PWM_Set_Angle
 .text.Gripper_PWM_Trial_Button
                0x080026d0      0x250 ..\obj\mz_servo_pwm.o
                0x080026d0                Gripper_PWM_Trial_Button
 .text.Gripper_Down_K1
                0x08002920       0x1c ..\obj\mz_servo_pwm.o
                0x08002920                Gripper_Down_K1
 .text.Gripper_Up_K1
                0x0800293c       0x1c ..\obj\mz_servo_pwm.o
                0x0800293c                Gripper_Up_K1
 .text.Gripper_Open_K1
                0x08002958       0x12 ..\obj\mz_servo_pwm.o
                0x08002958                Gripper_Open_K1
 .text.Gripper_Close_K1
                0x0800296a       0x12 ..\obj\mz_servo_pwm.o
                0x0800296a                Gripper_Close_K1
 .text.Gripper_Up_Calibration
                0x0800297c      0x27c ..\obj\mz_servo_pwm.o
                0x0800297c                Gripper_Up_Calibration
 .text.Gripper_Down_Calibration
                0x08002bf8      0x27c ..\obj\mz_servo_pwm.o
                0x08002bf8                Gripper_Down_Calibration
 .text.Gripper_Close_Calibration
                0x08002e74      0x23c ..\obj\mz_servo_pwm.o
                0x08002e74                Gripper_Close_Calibration
 .text.Gripper_Open_Calibration
                0x080030b0      0x23c ..\obj\mz_servo_pwm.o
                0x080030b0                Gripper_Open_Calibration
 .text.Gripper_Down_New
                0x080032ec       0x9e ..\obj\mz_servo_pwm.o
                0x080032ec                Gripper_Down_New
 .text.Gripper_Up_New
                0x0800338a       0x9e ..\obj\mz_servo_pwm.o
                0x0800338a                Gripper_Up_New
 .text.Gripper_Up_Dikit
                0x08003428       0x58 ..\obj\mz_servo_pwm.o
                0x08003428                Gripper_Up_Dikit
 .text.Gripper_Up_Full
                0x08003480       0x9e ..\obj\mz_servo_pwm.o
                0x08003480                Gripper_Up_Full
 *fill*         0x0800351e        0x2 
 .text.main     0x08003520      0xd8c ..\obj\main.o
                0x08003520                main
 .text.BW_Initialization
                0x080042ac      0x1b0 ..\obj\main.o
                0x080042ac                BW_Initialization
 .text.BW_SystemCheck
                0x0800445c      0x6f8 ..\obj\main.o
                0x0800445c                BW_SystemCheck
 .text.RCC_GetClocksFreq
                0x08004b54      0x150 ..\obj\stm32f4xx_rcc.o
                0x08004b54                RCC_GetClocksFreq
 .text.RCC_AHB1PeriphClockCmd
                0x08004ca4       0x40 ..\obj\stm32f4xx_rcc.o
                0x08004ca4                RCC_AHB1PeriphClockCmd
 .text.RCC_APB1PeriphClockCmd
                0x08004ce4       0x40 ..\obj\stm32f4xx_rcc.o
                0x08004ce4                RCC_APB1PeriphClockCmd
 .text.RCC_APB2PeriphClockCmd
                0x08004d24       0x40 ..\obj\stm32f4xx_rcc.o
                0x08004d24                RCC_APB2PeriphClockCmd
 .text.RCC_APB1PeriphResetCmd
                0x08004d64       0x40 ..\obj\stm32f4xx_rcc.o
                0x08004d64                RCC_APB1PeriphResetCmd
 .text.RCC_APB2PeriphResetCmd
                0x08004da4       0x40 ..\obj\stm32f4xx_rcc.o
                0x08004da4                RCC_APB2PeriphResetCmd
 .text.RCC_GetFlagStatus
                0x08004de4       0x74 ..\obj\stm32f4xx_rcc.o
                0x08004de4                RCC_GetFlagStatus
 .text.RCC_ClearFlag
                0x08004e58       0x20 ..\obj\stm32f4xx_rcc.o
                0x08004e58                RCC_ClearFlag
 .text.USART3_Init
                0x08004e78       0xd0 ..\obj\bw_ping_receiver.o
                0x08004e78                USART3_Init
 .text.USART3_PutChar
                0x08004f48       0x16 ..\obj\bw_ping_receiver.o
                0x08004f48                USART3_PutChar
 *fill*         0x08004f5e        0x2 
 .text.USART3_IRQHandler
                0x08004f60      0x1b4 ..\obj\bw_ping_receiver.o
                0x08004f60                USART3_IRQHandler
 .text.Display_Ping_Status
                0x08005114      0x16c ..\obj\bw_ping_receiver.o
                0x08005114                Display_Ping_Status
 .text.BW_Test_Menu
                0x08005280      0x2a4 ..\obj\bw_2021_algorithm.o
                0x08005280                BW_Test_Menu
 .text.Menu_Normal
                0x08005524      0x968 ..\obj\bw_2021_algorithm.o
                0x08005524                Menu_Normal
 .text.Menu_Obstaicle
                0x08005e8c      0x88c ..\obj\bw_2021_algorithm.o
                0x08005e8c                Menu_Obstaicle
 .text.Menu_Umum
                0x08006718      0x330 ..\obj\bw_2021_algorithm.o
                0x08006718                Menu_Umum
 .text.BW_Algorithm1_2023
                0x08006a48       0xdc ..\obj\bw_2021_algorithm.o
                0x08006a48                BW_Algorithm1_2023
 .text.Sensor_Menu
                0x08006b24      0x198 ..\obj\bw_2021_algorithm.o
                0x08006b24                Sensor_Menu
 .text.BW_FollowCounter_Right
                0x08006cbc       0x68 ..\obj\bw_2021_algorithm.o
                0x08006cbc                BW_FollowCounter_Right
 .text.PID_BW_FollowCounter_Right
                0x08006d24      0x1ac ..\obj\bw_2021_algorithm.o
                0x08006d24                PID_BW_FollowCounter_Right
 .text.BW_FollowCounter_Left
                0x08006ed0       0x68 ..\obj\bw_2021_algorithm.o
                0x08006ed0                BW_FollowCounter_Left
 .text.PID_BW_FollowCounter_Left
                0x08006f38      0x1ac ..\obj\bw_2021_algorithm.o
                0x08006f38                PID_BW_FollowCounter_Left
 .text.BW_FollowCounter_Left_Obs
                0x080070e4       0x5c ..\obj\bw_2021_algorithm.o
                0x080070e4                BW_FollowCounter_Left_Obs
 .text.PID_BW_FollowCounter_Left_Obs
                0x08007140      0x100 ..\obj\bw_2021_algorithm.o
                0x08007140                PID_BW_FollowCounter_Left_Obs
 .text.BW_FollowCounter_Right_Obs
                0x08007240       0x60 ..\obj\bw_2021_algorithm.o
                0x08007240                BW_FollowCounter_Right_Obs
 .text.PID_BW_FollowCounter_Right_Obs
                0x080072a0      0x200 ..\obj\bw_2021_algorithm.o
                0x080072a0                PID_BW_FollowCounter_Right_Obs
 .text.BW_Start_Compas_Correction_S2
                0x080074a0       0x88 ..\obj\bw_2021_algorithm.o
                0x080074a0                BW_Start_Compas_Correction_S2
 .text.BW_Mode_2
                0x08007528      0x5ec ..\obj\bw_2021_algorithm.o
                0x08007528                BW_Mode_2
 .text.BW_FollowCounter_Right_Climbing
                0x08007b14       0x60 ..\obj\bw_2021_algorithm.o
                0x08007b14                BW_FollowCounter_Right_Climbing
 .text.PID_BW_FollowCounter_Right_Climbing
                0x08007b74      0x144 ..\obj\bw_2021_algorithm.o
                0x08007b74                PID_BW_FollowCounter_Right_Climbing
 .text.Home_To_K1_S2
                0x08007cb8      0x48c ..\obj\bw_2021_algorithm.o
                0x08007cb8                Home_To_K1_S2
 .text.SZ1_To_K2_S2
                0x08008144      0x83c ..\obj\bw_2021_algorithm.o
                0x08008144                SZ1_To_K2_S2
 .text.SZ2_To_K3_S2
                0x08008980      0x1e0 ..\obj\bw_2021_algorithm.o
                0x08008980                SZ2_To_K3_S2
 .text.K3_To_SZ4
                0x08008b60      0x3d8 ..\obj\bw_2021_algorithm.o
                0x08008b60                K3_To_SZ4
 .text.K5_To_Finish
                0x08008f38      0x278 ..\obj\bw_2021_algorithm.o
                0x08008f38                K5_To_Finish
 .text.SCAN_KORBAN
                0x080091b0       0xfc ..\obj\bw_2021_algorithm.o
                0x080091b0                SCAN_KORBAN
 .text.SCAN_KORBAN_K5
                0x080092ac      0x124 ..\obj\bw_2021_algorithm.o
                0x080092ac                SCAN_KORBAN_K5
 .text.SCAN_KORBAN_OBS
                0x080093d0       0xec ..\obj\bw_2021_algorithm.o
                0x080093d0                SCAN_KORBAN_OBS
 .text.SCAN_KORBAN_OBS_S2
                0x080094bc       0xb4 ..\obj\bw_2021_algorithm.o
                0x080094bc                SCAN_KORBAN_OBS_S2
 .text.TES_ROT_CMPS
                0x08009570       0x84 ..\obj\bw_2021_algorithm.o
                0x08009570                TES_ROT_CMPS
 .text.BW_Sound_Activation_Init
                0x080095f4       0x40 ..\obj\bw_sound_activation.o
                0x080095f4                BW_Sound_Activation_Init
 .text.BW_Extinguisher_Init
                0x08009634       0x1c ..\obj\bw_extinguisher.o
                0x08009634                BW_Extinguisher_Init
 .text.Pump_GPIOInit
                0x08009650       0x40 ..\obj\bw_extinguisher.o
                0x08009650                Pump_GPIOInit
 .text.DynaExt  0x08009690       0x28 ..\obj\bw_extinguisher.o
                0x08009690                DynaExt
 .text.CO2_LAUNCHER
                0x080096b8       0x38 ..\obj\bw_extinguisher.o
                0x080096b8                CO2_LAUNCHER
 .text.BW_Pump_R4
                0x080096f0      0x21c ..\obj\bw_extinguisher.o
                0x080096f0                BW_Pump_R4
 .text.BW_HydroPump_V10
                0x0800990c       0x18 ..\obj\bw_extinguisher.o
                0x0800990c                BW_HydroPump_V10
 .text.DynaCleaner
                0x08009924       0x28 ..\obj\bw_extinguisher.o
                0x08009924                DynaCleaner
 .text.ADC_Init
                0x0800994c       0xac ..\obj\stm32f4xx_adc.o
                0x0800994c                ADC_Init
 .text.ADC_CommonInit
                0x080099f8       0x50 ..\obj\stm32f4xx_adc.o
                0x080099f8                ADC_CommonInit
 .text.ADC_Cmd  0x08009a48       0x38 ..\obj\stm32f4xx_adc.o
                0x08009a48                ADC_Cmd
 .text.ADC_RegularChannelConfig
                0x08009a80      0x194 ..\obj\stm32f4xx_adc.o
                0x08009a80                ADC_RegularChannelConfig
 .text.ADC_SoftwareStartConv
                0x08009c14       0x20 ..\obj\stm32f4xx_adc.o
                0x08009c14                ADC_SoftwareStartConv
 .text.ADC_ContinuousModeCmd
                0x08009c34       0x38 ..\obj\stm32f4xx_adc.o
                0x08009c34                ADC_ContinuousModeCmd
 .text.ADC_GetConversionValue
                0x08009c6c       0x1a ..\obj\stm32f4xx_adc.o
                0x08009c6c                ADC_GetConversionValue
 .text.Cat_Avoider
                0x08009c86        0xe ..\obj\bw2017_algorithm.o
                0x08009c86                Cat_Avoider
 .text.Stairs_Detector
                0x08009c94       0x78 ..\obj\bw2017_algorithm.o
                0x08009c94                Stairs_Detector
 .text.FlameSense_PID_Init
                0x08009d0c       0xb4 ..\obj\bw2017_algorithm.o
                0x08009d0c                FlameSense_PID_Init
 .text.BW_FireFight_V2
                0x08009dc0     0x1c5c ..\obj\bw2017_algorithm.o
                0x08009dc0                BW_FireFight_V2
 .text.UVLock_Refresh
                0x0800ba1c       0x24 ..\obj\bw2017_algorithm.o
                0x0800ba1c                UVLock_Refresh
 .text.TCSlave_Check
                0x0800ba40       0xf4 ..\obj\bw2017_algorithm.o
                0x0800ba40                TCSlave_Check
 .text.Nav_TurnAround
                0x0800bb34      0x1dc ..\obj\bw2017_algorithm.o
                0x0800bb34                Nav_TurnAround
 .text.FlameSenseDigi_PID_Init
                0x0800bd10       0xb4 ..\obj\bw2017_algorithm.o
                0x0800bd10                FlameSenseDigi_PID_Init
 .text.FlameTracking_Ver3
                0x0800bdc4      0x220 ..\obj\bw2017_algorithm.o
                0x0800bdc4                FlameTracking_Ver3
 .text.FlameTracking_Center
                0x0800bfe4      0x384 ..\obj\bw2017_algorithm.o
                0x0800bfe4                FlameTracking_Center
 .text.Furniture_Avoider
                0x0800c368        0xe ..\obj\bw2017_algorithm.o
                0x0800c368                Furniture_Avoider
 *fill*         0x0800c376        0x2 
 .text.BW_FollowTracer_Left_Interpolate
                0x0800c378      0x178 ..\obj\bw2017_algorithm.o
                0x0800c378                BW_FollowTracer_Left_Interpolate
 .text.PID_BWFollowTracer_Left_Interpolate
                0x0800c4f0      0x460 ..\obj\bw2017_algorithm.o
                0x0800c4f0                PID_BWFollowTracer_Left_Interpolate
 .text.BW_PID_Init
                0x0800c950      0x338 ..\obj\bw_pid_controller.o
                0x0800c950                BW_PID_Init
 .text.BW_PID_Init_Room
                0x0800cc88      0x328 ..\obj\bw_pid_controller.o
                0x0800cc88                BW_PID_Init_Room
 .text.BW_PID_Init_Furniture
                0x0800cfb0      0x32c ..\obj\bw_pid_controller.o
                0x0800cfb0                BW_PID_Init_Furniture
 .text.BW_PID_Init_Obs
                0x0800d2dc      0x1e4 ..\obj\bw_pid_controller.o
                0x0800d2dc                BW_PID_Init_Obs
 .text.PID_Calc_RightRule
                0x0800d4c0      0x160 ..\obj\bw_pid_controller.o
                0x0800d4c0                PID_Calc_RightRule
 .text.PID_Calc_RightObs
                0x0800d620      0x160 ..\obj\bw_pid_controller.o
                0x0800d620                PID_Calc_RightObs
 .text.PID_Calc_RightRule_Reverse
                0x0800d780      0x160 ..\obj\bw_pid_controller.o
                0x0800d780                PID_Calc_RightRule_Reverse
 .text.PID_Calc_LeftRule
                0x0800d8e0      0x160 ..\obj\bw_pid_controller.o
                0x0800d8e0                PID_Calc_LeftRule
 .text.PID_Calc_LeftObs
                0x0800da40      0x160 ..\obj\bw_pid_controller.o
                0x0800da40                PID_Calc_LeftObs
 .text.PID_Calc_LeftRule_Reverse
                0x0800dba0      0x160 ..\obj\bw_pid_controller.o
                0x0800dba0                PID_Calc_LeftRule_Reverse
 .text.PID_Calc_FlameRule
                0x0800dd00      0x1d8 ..\obj\bw_pid_controller.o
                0x0800dd00                PID_Calc_FlameRule
 .text.PID_Calculate_Rule_Interrupt_Init
                0x0800ded8       0x64 ..\obj\bw_pid_controller.o
                0x0800ded8                PID_Calculate_Rule_Interrupt_Init
 .text.TIM3_IRQHandler
                0x0800df3c       0xc0 ..\obj\bw_pid_controller.o
                0x0800df3c                TIM3_IRQHandler
 *fill*         0x0800dffc        0x4 
 .text.Kp_Tuning_R
                0x0800e000       0xf0 ..\obj\bw_pid_controller.o
                0x0800e000                Kp_Tuning_R
 .text.Ki_Tuning_R
                0x0800e0f0       0xf0 ..\obj\bw_pid_controller.o
                0x0800e0f0                Ki_Tuning_R
 .text.Kd_Tuning_R
                0x0800e1e0       0xf8 ..\obj\bw_pid_controller.o
                0x0800e1e0                Kd_Tuning_R
 .text.Kp_Tuning_L
                0x0800e2d8       0xf8 ..\obj\bw_pid_controller.o
                0x0800e2d8                Kp_Tuning_L
 .text.Ki_Tuning_L
                0x0800e3d0       0xf8 ..\obj\bw_pid_controller.o
                0x0800e3d0                Ki_Tuning_L
 .text.Kd_Tuning_L
                0x0800e4c8       0xf8 ..\obj\bw_pid_controller.o
                0x0800e4c8                Kd_Tuning_L
 .text.Kp_Tuning_R_Obs
                0x0800e5c0       0xf8 ..\obj\bw_pid_controller.o
                0x0800e5c0                Kp_Tuning_R_Obs
 .text.Ki_Tuning_R_Obs
                0x0800e6b8       0xf8 ..\obj\bw_pid_controller.o
                0x0800e6b8                Ki_Tuning_R_Obs
 .text.Kd_Tuning_R_Obs
                0x0800e7b0       0xf8 ..\obj\bw_pid_controller.o
                0x0800e7b0                Kd_Tuning_R_Obs
 .text.GPIO_Init
                0x0800e8a8      0x11c ..\obj\stm32f4xx_gpio.o
                0x0800e8a8                GPIO_Init
 .text.GPIO_ReadInputDataBit
                0x0800e9c4       0x34 ..\obj\stm32f4xx_gpio.o
                0x0800e9c4                GPIO_ReadInputDataBit
 .text.GPIO_SetBits
                0x0800e9f8       0x1e ..\obj\stm32f4xx_gpio.o
                0x0800e9f8                GPIO_SetBits
 .text.GPIO_ResetBits
                0x0800ea16       0x1e ..\obj\stm32f4xx_gpio.o
                0x0800ea16                GPIO_ResetBits
 .text.GPIO_PinAFConfig
                0x0800ea34       0x92 ..\obj\stm32f4xx_gpio.o
                0x0800ea34                GPIO_PinAFConfig
 *fill*         0x0800eac6        0x2 
 .text.SystemInit
                0x0800eac8       0x6c ..\obj\system_stm32f4xx.o
                0x0800eac8                SystemInit
 .text.SetSysClock
                0x0800eb34       0xf8 ..\obj\system_stm32f4xx.o
 .text._sbrk    0x0800ec2c       0x40 ..\obj\syscalls.o
                0x0800ec2c                _sbrk
 .text.Get_UV   0x0800ec6c       0x44 ..\obj\bw_UV-TRON.o
                0x0800ec6c                Get_UV
 .text.NVIC_SetPriority
                0x0800ecb0       0x54 ..\obj\bw_systick_delay.o
 .text.SysTick_Config
                0x0800ed04       0x44 ..\obj\bw_systick_delay.o
 .text.SysTick_Init
                0x0800ed48       0x2c ..\obj\bw_systick_delay.o
                0x0800ed48                SysTick_Init
 .text.SysTick_Handler
                0x0800ed74        0xc ..\obj\bw_systick_delay.o
                0x0800ed74                SysTick_Handler
 .text.TimeTick_Decrement
                0x0800ed80       0x24 ..\obj\bw_systick_delay.o
                0x0800ed80                TimeTick_Decrement
 .text.delay_us
                0x0800eda4       0x28 ..\obj\bw_systick_delay.o
                0x0800eda4                delay_us
 .text.delay_1ms
                0x0800edcc       0x24 ..\obj\bw_systick_delay.o
                0x0800edcc                delay_1ms
 .text.delay_ms
                0x0800edf0       0x20 ..\obj\bw_systick_delay.o
                0x0800edf0                delay_ms
 .text.HexJoint_Actuate_Interpolate
                0x0800ee10      0x434 ..\obj\bw_dynamixel_hexapod_cmd.o
                0x0800ee10                HexJoint_Actuate_Interpolate
 .text.HexJoint_Actuate_Climbing
                0x0800f244      0x374 ..\obj\bw_dynamixel_hexapod_cmd.o
                0x0800f244                HexJoint_Actuate_Climbing
 .text.HexJoint_Actuate_New
                0x0800f5b8      0x3bc ..\obj\bw_dynamixel_hexapod_cmd.o
                0x0800f5b8                HexJoint_Actuate_New
 .text.Dynamx_MovFwd_Interpolate_6S
                0x0800f974     0x3b1c ..\obj\bw_dynamixel_hexapod_cmd.o
                0x0800f974                Dynamx_MovFwd_Interpolate_6S
 .text.Dynamx_MovFwd4cm_Interpolate
                0x08013490     0x3d1c ..\obj\bw_dynamixel_hexapod_cmd.o
                0x08013490                Dynamx_MovFwd4cm_Interpolate
 .text.Dynamx_Mov_Static_Obs
                0x080171ac      0x144 ..\obj\bw_dynamixel_hexapod_cmd.o
                0x080171ac                Dynamx_Mov_Static_Obs
 .text.Dynamx_Mov_Static_Obs_High
                0x080172f0      0x144 ..\obj\bw_dynamixel_hexapod_cmd.o
                0x080172f0                Dynamx_Mov_Static_Obs_High
 .text.Dynamx_Mov_Static_Interpolate
                0x08017434      0x208 ..\obj\bw_dynamixel_hexapod_cmd.o
                0x08017434                Dynamx_Mov_Static_Interpolate
 .text.Dynamx_MoveLeg_Interpolate
                0x0801763c      0x22c ..\obj\bw_dynamixel_hexapod_cmd.o
                0x0801763c                Dynamx_MoveLeg_Interpolate
 .text.Dynamx_MoveCurveRight_IK
                0x08017868     0x2c8c ..\obj\bw_dynamixel_hexapod_cmd.o
                0x08017868                Dynamx_MoveCurveRight_IK
 .text.Dynamx_MoveCurveRight_Obstaicle
                0x0801a4f4     0x1e60 ..\obj\bw_dynamixel_hexapod_cmd.o
                0x0801a4f4                Dynamx_MoveCurveRight_Obstaicle
 .text.Dynamx_MoveCurveLeft_Obstaicle
                0x0801c354     0x1e60 ..\obj\bw_dynamixel_hexapod_cmd.o
                0x0801c354                Dynamx_MoveCurveLeft_Obstaicle
 .text.Dynamx_MovFwd_Obstaicle_Interpolate
                0x0801e1b4     0x2330 ..\obj\bw_dynamixel_hexapod_cmd.o
                0x0801e1b4                Dynamx_MovFwd_Obstaicle_Interpolate
 .text.Dynamx_MovBwd_Interpolate
                0x080204e4     0x2e1c ..\obj\bw_dynamixel_hexapod_cmd.o
                0x080204e4                Dynamx_MovBwd_Interpolate
 .text.Dynamx_MovBwd_Obs_Interpolate
                0x08023300     0x2dc4 ..\obj\bw_dynamixel_hexapod_cmd.o
                0x08023300                Dynamx_MovBwd_Obs_Interpolate
 .text.Dynamx_Rot_Right_Interpolate
                0x080260c4     0x10d0 ..\obj\bw_dynamixel_hexapod_cmd.o
                0x080260c4                Dynamx_Rot_Right_Interpolate
 .text.Dynamx_Rot_Left_IK
                0x08027194     0x15c4 ..\obj\bw_dynamixel_hexapod_cmd.o
                0x08027194                Dynamx_Rot_Left_IK
 .text.Dynamx_Rot_Right_IK
                0x08028758     0x1554 ..\obj\bw_dynamixel_hexapod_cmd.o
                0x08028758                Dynamx_Rot_Right_IK
 .text.Dynamx_Rot_Left_Interpolate
                0x08029cac     0x10ec ..\obj\bw_dynamixel_hexapod_cmd.o
                0x08029cac                Dynamx_Rot_Left_Interpolate
 .text.Dynamx_Rot_Obs_Left_IK
                0x0802ad98     0x16c8 ..\obj\bw_dynamixel_hexapod_cmd.o
                0x0802ad98                Dynamx_Rot_Obs_Left_IK
 .text.Dynamx_Rot_Obs_Right_IK
                0x0802c460     0x168c ..\obj\bw_dynamixel_hexapod_cmd.o
                0x0802c460                Dynamx_Rot_Obs_Right_IK
 .text.Dynamx_Slide_Left_Interpolate
                0x0802daec      0xfd4 ..\obj\bw_dynamixel_hexapod_cmd.o
                0x0802daec                Dynamx_Slide_Left_Interpolate
 .text.Dynamx_Slide_Right_Interpolate
                0x0802eac0     0x10b8 ..\obj\bw_dynamixel_hexapod_cmd.o
                0x0802eac0                Dynamx_Slide_Right_Interpolate
 .text.Dynamx_Slide_Right_IK
                0x0802fb78     0x134c ..\obj\bw_dynamixel_hexapod_cmd.o
                0x0802fb78                Dynamx_Slide_Right_IK
 .text.Dynamx_Slide_Left_IK
                0x08030ec4     0x1298 ..\obj\bw_dynamixel_hexapod_cmd.o
                0x08030ec4                Dynamx_Slide_Left_IK
 .text.Dynamx_Slide_Obs_Right_IK
                0x0803215c     0x12bc ..\obj\bw_dynamixel_hexapod_cmd.o
                0x0803215c                Dynamx_Slide_Obs_Right_IK
 .text.Dynamx_Slide_Obs_Left_IK
                0x08033418     0x1298 ..\obj\bw_dynamixel_hexapod_cmd.o
                0x08033418                Dynamx_Slide_Obs_Left_IK
 .text.Dynamx_MoveCurveLeft_IK
                0x080346b0     0x2d74 ..\obj\bw_dynamixel_hexapod_cmd.o
                0x080346b0                Dynamx_MoveCurveLeft_IK
 .text.Dynamx_MovLeanFwd_Interpolate
                0x08037424      0xb20 ..\obj\bw_dynamixel_hexapod_cmd.o
                0x08037424                Dynamx_MovLeanFwd_Interpolate
 .text.Dynamx_MovLeanFwd_Obstaicle_Interpolate
                0x08037f44      0xb80 ..\obj\bw_dynamixel_hexapod_cmd.o
                0x08037f44                Dynamx_MovLeanFwd_Obstaicle_Interpolate
 *fill*         0x08038ac4        0x4 
 .text.Dynamx_MovFwdClimbing_Interpolate
                0x08038ac8     0x1d08 ..\obj\bw_dynamixel_hexapod_cmd.o
                0x08038ac8                Dynamx_MovFwdClimbing_Interpolate
 .text.Dynamx_MovCrvRight_Climbing_Interpolate
                0x0803a7d0     0x2094 ..\obj\bw_dynamixel_hexapod_cmd.o
                0x0803a7d0                Dynamx_MovCrvRight_Climbing_Interpolate
 *fill*         0x0803c864        0x4 
 .text.Dynamx_MovCrvLeft_Climbing_Interpolate
                0x0803c868     0x2090 ..\obj\bw_dynamixel_hexapod_cmd.o
                0x0803c868                Dynamx_MovCrvLeft_Climbing_Interpolate
 .text.Dynamx_MovFwdMiring_Interpolate
                0x0803e8f8     0x1e68 ..\obj\bw_dynamixel_hexapod_cmd.o
                0x0803e8f8                Dynamx_MovFwdMiring_Interpolate
 .text.sin_deg  0x08040760       0x50 ..\obj\bw_dynamixel_hexapod_cmd.o
                0x08040760                sin_deg
 .text.cos_deg  0x080407b0       0x50 ..\obj\bw_dynamixel_hexapod_cmd.o
                0x080407b0                cos_deg
 .text.acos_deg
                0x08040800       0x58 ..\obj\bw_dynamixel_hexapod_cmd.o
                0x08040800                acos_deg
 .text.atan2_deg
                0x08040858       0x80 ..\obj\bw_dynamixel_hexapod_cmd.o
                0x08040858                atan2_deg
 .text.Dyna_IKCALC_Obs
                0x080408d8      0x598 ..\obj\bw_dynamixel_hexapod_cmd.o
                0x080408d8                Dyna_IKCALC_Obs
 .text.Dyna_IKCALC_NEW
                0x08040e70      0x524 ..\obj\bw_dynamixel_hexapod_cmd.o
                0x08040e70                Dyna_IKCALC_NEW
 *fill*         0x08041394        0x4 
 .text.Dyna_IKCalc_Only_Static_Climbing
                0x08041398      0x518 ..\obj\bw_dynamixel_hexapod_cmd.o
                0x08041398                Dyna_IKCalc_Only_Static_Climbing
 .text.Dyna_IKCalc_Only
                0x080418b0      0x2ac ..\obj\bw_dynamixel_hexapod_cmd.o
                0x080418b0                Dyna_IKCalc_Only
 *fill*         0x08041b5c        0x4 
 .text.Translation
                0x08041b60      0x1c4 ..\obj\bw_dynamixel_hexapod_cmd.o
                0x08041b60                Translation
 .text.Rotation
                0x08041d24      0x180 ..\obj\bw_dynamixel_hexapod_cmd.o
                0x08041d24                Rotation
 .text.Generate_Body
                0x08041ea4      0x13c ..\obj\bw_dynamixel_hexapod_cmd.o
                0x08041ea4                Generate_Body
 .text.H_Elips  0x08041fe0       0xc8 ..\obj\bw_dynamixel_hexapod_cmd.o
                0x08041fe0                H_Elips
 .text.Trajectory_Generator_Obs
                0x080420a8      0x354 ..\obj\bw_dynamixel_hexapod_cmd.o
                0x080420a8                Trajectory_Generator_Obs
 *fill*         0x080423fc        0x4 
 .text.Trajectory_Generator_Climbing
                0x08042400      0x36c ..\obj\bw_dynamixel_hexapod_cmd.o
                0x08042400                Trajectory_Generator_Climbing
 *fill*         0x0804276c        0x4 
 .text.Trajectory_Generator_6S
                0x08042770      0x344 ..\obj\bw_dynamixel_hexapod_cmd.o
                0x08042770                Trajectory_Generator_6S
 *fill*         0x08042ab4        0x4 
 .text.Trajectory_Generator_NEW
                0x08042ab8      0x344 ..\obj\bw_dynamixel_hexapod_cmd.o
                0x08042ab8                Trajectory_Generator_NEW
 .text.Trajectory_Generator_Lean
                0x08042dfc      0x2c4 ..\obj\bw_dynamixel_hexapod_cmd.o
                0x08042dfc                Trajectory_Generator_Lean
 .text.Dynamx_MoveLeg_Interpolate_NEW
                0x080430c0      0x220 ..\obj\bw_dynamixel_hexapod_cmd.o
                0x080430c0                Dynamx_MoveLeg_Interpolate_NEW
 .text.I2C_DeInit
                0x080432e0       0x74 ..\obj\stm32f4xx_i2c.o
                0x080432e0                I2C_DeInit
 .text.I2C_Init
                0x08043354      0x184 ..\obj\stm32f4xx_i2c.o
                0x08043354                I2C_Init
 .text.I2C_Cmd  0x080434d8       0x40 ..\obj\stm32f4xx_i2c.o
                0x080434d8                I2C_Cmd
 .text.I2C_GenerateSTART
                0x08043518       0x40 ..\obj\stm32f4xx_i2c.o
                0x08043518                I2C_GenerateSTART
 .text.I2C_GenerateSTOP
                0x08043558       0x40 ..\obj\stm32f4xx_i2c.o
                0x08043558                I2C_GenerateSTOP
 .text.I2C_Send7bitAddress
                0x08043598       0x3c ..\obj\stm32f4xx_i2c.o
                0x08043598                I2C_Send7bitAddress
 .text.I2C_AcknowledgeConfig
                0x080435d4       0x40 ..\obj\stm32f4xx_i2c.o
                0x080435d4                I2C_AcknowledgeConfig
 .text.I2C_SoftwareResetCmd
                0x08043614       0x44 ..\obj\stm32f4xx_i2c.o
                0x08043614                I2C_SoftwareResetCmd
 .text.I2C_SendData
                0x08043658       0x20 ..\obj\stm32f4xx_i2c.o
                0x08043658                I2C_SendData
 .text.I2C_ReceiveData
                0x08043678       0x1c ..\obj\stm32f4xx_i2c.o
                0x08043678                I2C_ReceiveData
 .text.I2C_CheckEvent
                0x08043694       0x60 ..\obj\stm32f4xx_i2c.o
                0x08043694                I2C_CheckEvent
 .text.I2C_GetFlagStatus
                0x080436f4       0x66 ..\obj\stm32f4xx_i2c.o
                0x080436f4                I2C_GetFlagStatus
 *fill*         0x0804375a        0x2 
 .text.RS_off   0x0804375c       0x18 ..\obj\bw_lcd.o
                0x0804375c                RS_off
 .text.EN_off   0x08043774       0x18 ..\obj\bw_lcd.o
                0x08043774                EN_off
 .text.EN_on    0x0804378c       0x18 ..\obj\bw_lcd.o
                0x0804378c                EN_on
 .text.D4_off   0x080437a4       0x18 ..\obj\bw_lcd.o
                0x080437a4                D4_off
 .text.D4_on    0x080437bc       0x18 ..\obj\bw_lcd.o
                0x080437bc                D4_on
 .text.D5_off   0x080437d4       0x18 ..\obj\bw_lcd.o
                0x080437d4                D5_off
 .text.D5_on    0x080437ec       0x18 ..\obj\bw_lcd.o
                0x080437ec                D5_on
 .text.D6_off   0x08043804       0x18 ..\obj\bw_lcd.o
                0x08043804                D6_off
 .text.D6_on    0x0804381c       0x18 ..\obj\bw_lcd.o
                0x0804381c                D6_on
 .text.D7_off   0x08043834       0x18 ..\obj\bw_lcd.o
                0x08043834                D7_off
 .text.D7_on    0x0804384c       0x18 ..\obj\bw_lcd.o
                0x0804384c                D7_on
 .text.lcd_write_nible
                0x08043864       0x6a ..\obj\bw_lcd.o
                0x08043864                lcd_write_nible
 .text.lcd_write_byte
                0x080438ce       0x32 ..\obj\bw_lcd.o
                0x080438ce                lcd_write_byte
 .text.lcd_write_cmd_byte
                0x08043900       0x32 ..\obj\bw_lcd.o
                0x08043900                lcd_write_cmd_byte
 .text.BW_LCD_Init
                0x08043932       0x1c ..\obj\bw_lcd.o
                0x08043932                BW_LCD_Init
 .text.lcd_putstr
                0x0804394e       0x28 ..\obj\bw_lcd.o
                0x0804394e                lcd_putstr
 .text.lcd_gotoxy
                0x08043976       0x24 ..\obj\bw_lcd.o
                0x08043976                lcd_gotoxy
 .text.lcd_display_clear
                0x0804399a        0xc ..\obj\bw_lcd.o
                0x0804399a                lcd_display_clear
 .text.lcd_cursor_off_blink_off
                0x080439a6       0x18 ..\obj\bw_lcd.o
                0x080439a6                lcd_cursor_off_blink_off
 *fill*         0x080439be        0x2 
 .text.NVIC_Init
                0x080439c0       0xc4 ..\obj\misc.o
                0x080439c0                NVIC_Init
 .text.BW_CMPS11_Init
                0x08043a84        0xe ..\obj\bw_cmps11.o
                0x08043a84                BW_CMPS11_Init
 *fill*         0x08043a92        0x2 
 .text.BW_CMPS11_I2C_Init
                0x08043a94       0xe4 ..\obj\bw_cmps11.o
                0x08043a94                BW_CMPS11_I2C_Init
 .text.I2C3_TimeOut
                0x08043b78       0x40 ..\obj\bw_cmps11.o
                0x08043b78                I2C3_TimeOut
 .text.GetCMPS11_Pitch
                0x08043bb8       0x98 ..\obj\bw_cmps11.o
                0x08043bb8                GetCMPS11_Pitch
 .text.GetCMPS11_Roll
                0x08043c50       0x58 ..\obj\bw_cmps11.o
                0x08043c50                GetCMPS11_Roll
 .text.GetCMPS11_Angle8Bit
                0x08043ca8       0xb4 ..\obj\bw_cmps11.o
                0x08043ca8                GetCMPS11_Angle8Bit
 .text.I2C3_ReadByte
                0x08043d5c      0x200 ..\obj\bw_cmps11.o
                0x08043d5c                I2C3_ReadByte
 .text.I2C3_Test
                0x08043f5c      0x130 ..\obj\bw_cmps11.o
                0x08043f5c                I2C3_Test
 .text.Display_Fix_Direction
                0x0804408c      0x2c8 ..\obj\bw_cmps11.o
                0x0804408c                Display_Fix_Direction
 .text.Display_Pitch_Data
                0x08044354       0x94 ..\obj\bw_cmps11.o
                0x08044354                Display_Pitch_Data
 .text.Display_Yaw_Angle
                0x080443e8       0x88 ..\obj\bw_cmps11.o
                0x080443e8                Display_Yaw_Angle
 .text.Display_Roll_Data
                0x08044470       0x9c ..\obj\bw_cmps11.o
                0x08044470                Display_Roll_Data
 .text.Fix_Direction
                0x0804450c      0x264 ..\obj\bw_cmps11.o
                0x0804450c                Fix_Direction
 .text.Cmps11_Interrupt_Init
                0x08044770       0x64 ..\obj\bw_cmps11.o
                0x08044770                Cmps11_Interrupt_Init
 .text.TIM4_IRQHandler
                0x080447d4       0x58 ..\obj\bw_cmps11.o
                0x080447d4                TIM4_IRQHandler
 .text.Display_RGB_Data
                0x0804482c      0x284 ..\obj\bw_tcs3200_receiver.o
                0x0804482c                Display_RGB_Data
 .text.Display_Threshold_Raw
                0x08044ab0       0x88 ..\obj\bw_tcs3200_receiver.o
                0x08044ab0                Display_Threshold_Raw
 .text.Display_Threshold_RGB
                0x08044b38       0xcc ..\obj\bw_tcs3200_receiver.o
                0x08044b38                Display_Threshold_RGB
 .text.Display_tracer_stat
                0x08044c04       0x90 ..\obj\bw_tcs3200_receiver.o
                0x08044c04                Display_tracer_stat
 .text.TIM_TimeBaseInit
                0x08044c94       0xd8 ..\obj\stm32f4xx_tim.o
                0x08044c94                TIM_TimeBaseInit
 .text.TIM_ARRPreloadConfig
                0x08044d6c       0x40 ..\obj\stm32f4xx_tim.o
                0x08044d6c                TIM_ARRPreloadConfig
 .text.TIM_Cmd  0x08044dac       0x40 ..\obj\stm32f4xx_tim.o
                0x08044dac                TIM_Cmd
 .text.TIM_OC1Init
                0x08044dec       0xf4 ..\obj\stm32f4xx_tim.o
                0x08044dec                TIM_OC1Init
 .text.TIM_OC2Init
                0x08044ee0      0x110 ..\obj\stm32f4xx_tim.o
                0x08044ee0                TIM_OC2Init
 .text.TIM_OC3Init
                0x08044ff0      0x10c ..\obj\stm32f4xx_tim.o
                0x08044ff0                TIM_OC3Init
 .text.TIM_OC4Init
                0x080450fc       0xd0 ..\obj\stm32f4xx_tim.o
                0x080450fc                TIM_OC4Init
 .text.TIM_OC1PreloadConfig
                0x080451cc       0x38 ..\obj\stm32f4xx_tim.o
                0x080451cc                TIM_OC1PreloadConfig
 .text.TIM_OC2PreloadConfig
                0x08045204       0x3c ..\obj\stm32f4xx_tim.o
                0x08045204                TIM_OC2PreloadConfig
 .text.TIM_OC3PreloadConfig
                0x08045240       0x38 ..\obj\stm32f4xx_tim.o
                0x08045240                TIM_OC3PreloadConfig
 .text.TIM_OC4PreloadConfig
                0x08045278       0x3c ..\obj\stm32f4xx_tim.o
                0x08045278                TIM_OC4PreloadConfig
 .text.TIM_ITConfig
                0x080452b4       0x48 ..\obj\stm32f4xx_tim.o
                0x080452b4                TIM_ITConfig
 .text.TIM_GetITStatus
                0x080452fc       0x54 ..\obj\stm32f4xx_tim.o
                0x080452fc                TIM_GetITStatus
 .text.TIM_ClearITPendingBit
                0x08045350       0x22 ..\obj\stm32f4xx_tim.o
                0x08045350                TIM_ClearITPendingBit
 *fill*         0x08045372        0x2 
 .text.Aktuator_Monitor
                0x08045374      0x1ec ..\obj\bw_gripper_2021.o
                0x08045374                Aktuator_Monitor
 .text.atan     0x08045560      0x358 c:/program files (x86)/gnu tools arm embedded/7 2018-q2-update/bin/../lib/gcc/arm-none-eabi/7.3.1/../../../../arm-none-eabi/lib/thumb/v7e-m/fpv4-sp/hard\libm.a(lib_a-s_atan.o)
                0x08045560                atan
 .text.cos      0x080458b8       0xc0 c:/program files (x86)/gnu tools arm embedded/7 2018-q2-update/bin/../lib/gcc/arm-none-eabi/7.3.1/../../../../arm-none-eabi/lib/thumb/v7e-m/fpv4-sp/hard\libm.a(lib_a-s_cos.o)
                0x080458b8                cos
 .text.fabs     0x08045978       0x14 c:/program files (x86)/gnu tools arm embedded/7 2018-q2-update/bin/../lib/gcc/arm-none-eabi/7.3.1/../../../../arm-none-eabi/lib/thumb/v7e-m/fpv4-sp/hard\libm.a(lib_a-s_fabs.o)
                0x08045978                fabs
 *fill*         0x0804598c        0x4 
 .text.sin      0x08045990       0xc0 c:/program files (x86)/gnu tools arm embedded/7 2018-q2-update/bin/../lib/gcc/arm-none-eabi/7.3.1/../../../../arm-none-eabi/lib/thumb/v7e-m/fpv4-sp/hard\libm.a(lib_a-s_sin.o)
                0x08045990                sin
 .text.acos     0x08045a50       0xb8 c:/program files (x86)/gnu tools arm embedded/7 2018-q2-update/bin/../lib/gcc/arm-none-eabi/7.3.1/../../../../arm-none-eabi/lib/thumb/v7e-m/fpv4-sp/hard\libm.a(lib_a-w_acos.o)
                0x08045a50                acos
 .text.atan2    0x08045b08        0x4 c:/program files (x86)/gnu tools arm embedded/7 2018-q2-update/bin/../lib/gcc/arm-none-eabi/7.3.1/../../../../arm-none-eabi/lib/thumb/v7e-m/fpv4-sp/hard\libm.a(lib_a-w_atan2.o)
                0x08045b08                atan2
 *fill*         0x08045b0c        0x4 
 .text.pow      0x08045b10      0x338 c:/program files (x86)/gnu tools arm embedded/7 2018-q2-update/bin/../lib/gcc/arm-none-eabi/7.3.1/../../../../arm-none-eabi/lib/thumb/v7e-m/fpv4-sp/hard\libm.a(lib_a-w_pow.o)
                0x08045b10                pow
 .text.sqrt     0x08045e48       0xb8 c:/program files (x86)/gnu tools arm embedded/7 2018-q2-update/bin/../lib/gcc/arm-none-eabi/7.3.1/../../../../arm-none-eabi/lib/thumb/v7e-m/fpv4-sp/hard\libm.a(lib_a-w_sqrt.o)
                0x08045e48                sqrt
 .text.__ieee754_acos
                0x08045f00      0x4d8 c:/program files (x86)/gnu tools arm embedded/7 2018-q2-update/bin/../lib/gcc/arm-none-eabi/7.3.1/../../../../arm-none-eabi/lib/thumb/v7e-m/fpv4-sp/hard\libm.a(lib_a-e_acos.o)
                0x08045f00                __ieee754_acos
 .text.__ieee754_atan2
                0x080463d8      0x1c4 c:/program files (x86)/gnu tools arm embedded/7 2018-q2-update/bin/../lib/gcc/arm-none-eabi/7.3.1/../../../../arm-none-eabi/lib/thumb/v7e-m/fpv4-sp/hard\libm.a(lib_a-e_atan2.o)
                0x080463d8                __ieee754_atan2
 *fill*         0x0804659c        0x4 
 .text.__ieee754_pow
                0x080465a0      0xab8 c:/program files (x86)/gnu tools arm embedded/7 2018-q2-update/bin/../lib/gcc/arm-none-eabi/7.3.1/../../../../arm-none-eabi/lib/thumb/v7e-m/fpv4-sp/hard\libm.a(lib_a-e_pow.o)
                0x080465a0                __ieee754_pow
 .text.__ieee754_rem_pio2
                0x08047058      0x454 c:/program files (x86)/gnu tools arm embedded/7 2018-q2-update/bin/../lib/gcc/arm-none-eabi/7.3.1/../../../../arm-none-eabi/lib/thumb/v7e-m/fpv4-sp/hard\libm.a(lib_a-e_rem_pio2.o)
                0x08047058                __ieee754_rem_pio2
 .text.__ieee754_sqrt
                0x080474ac      0x194 c:/program files (x86)/gnu tools arm embedded/7 2018-q2-update/bin/../lib/gcc/arm-none-eabi/7.3.1/../../../../arm-none-eabi/lib/thumb/v7e-m/fpv4-sp/hard\libm.a(lib_a-e_sqrt.o)
                0x080474ac                __ieee754_sqrt
 .text.__kernel_cos
                0x08047640      0x284 c:/program files (x86)/gnu tools arm embedded/7 2018-q2-update/bin/../lib/gcc/arm-none-eabi/7.3.1/../../../../arm-none-eabi/lib/thumb/v7e-m/fpv4-sp/hard\libm.a(lib_a-k_cos.o)
                0x08047640                __kernel_cos
 *fill*         0x080478c4        0x4 
 .text.__kernel_rem_pio2
                0x080478c8      0x818 c:/program files (x86)/gnu tools arm embedded/7 2018-q2-update/bin/../lib/gcc/arm-none-eabi/7.3.1/../../../../arm-none-eabi/lib/thumb/v7e-m/fpv4-sp/hard\libm.a(lib_a-k_rem_pio2.o)
                0x080478c8                __kernel_rem_pio2
 .text.__kernel_sin
                0x080480e0      0x194 c:/program files (x86)/gnu tools arm embedded/7 2018-q2-update/bin/../lib/gcc/arm-none-eabi/7.3.1/../../../../arm-none-eabi/lib/thumb/v7e-m/fpv4-sp/hard\libm.a(lib_a-k_sin.o)
                0x080480e0                __kernel_sin
 .text.finite   0x08048274       0x10 c:/program files (x86)/gnu tools arm embedded/7 2018-q2-update/bin/../lib/gcc/arm-none-eabi/7.3.1/../../../../arm-none-eabi/lib/thumb/v7e-m/fpv4-sp/hard\libm.a(lib_a-s_finite.o)
                0x08048274                finite
 *fill*         0x08048284        0x4 
 .text.floor    0x08048288      0x110 c:/program files (x86)/gnu tools arm embedded/7 2018-q2-update/bin/../lib/gcc/arm-none-eabi/7.3.1/../../../../arm-none-eabi/lib/thumb/v7e-m/fpv4-sp/hard\libm.a(lib_a-s_floor.o)
                0x08048288                floor
 .text.matherr  0x08048398        0x4 c:/program files (x86)/gnu tools arm embedded/7 2018-q2-update/bin/../lib/gcc/arm-none-eabi/7.3.1/../../../../arm-none-eabi/lib/thumb/v7e-m/fpv4-sp/hard\libm.a(lib_a-s_matherr.o)
                0x08048398                matherr
 *fill*         0x0804839c        0x4 
 .text.nan      0x080483a0       0x10 c:/program files (x86)/gnu tools arm embedded/7 2018-q2-update/bin/../lib/gcc/arm-none-eabi/7.3.1/../../../../arm-none-eabi/lib/thumb/v7e-m/fpv4-sp/hard\libm.a(lib_a-s_nan.o)
                0x080483a0                nan
 .text.rint     0x080483b0      0x110 c:/program files (x86)/gnu tools arm embedded/7 2018-q2-update/bin/../lib/gcc/arm-none-eabi/7.3.1/../../../../arm-none-eabi/lib/thumb/v7e-m/fpv4-sp/hard\libm.a(lib_a-s_rint.o)
                0x080483b0                rint
 .text.scalbn   0x080484c0      0x114 c:/program files (x86)/gnu tools arm embedded/7 2018-q2-update/bin/../lib/gcc/arm-none-eabi/7.3.1/../../../../arm-none-eabi/lib/thumb/v7e-m/fpv4-sp/hard\libm.a(lib_a-s_scalbn.o)
                0x080484c0                scalbn
 .text.copysign
                0x080485d4       0x1c c:/program files (x86)/gnu tools arm embedded/7 2018-q2-update/bin/../lib/gcc/arm-none-eabi/7.3.1/../../../../arm-none-eabi/lib/thumb/v7e-m/fpv4-sp/hard\libm.a(lib_a-s_copysign.o)
                0x080485d4                copysign
 .text          0x080485f0      0x378 c:/program files (x86)/gnu tools arm embedded/7 2018-q2-update/bin/../lib/gcc/arm-none-eabi/7.3.1/thumb/v7e-m/fpv4-sp/hard\libgcc.a(_arm_addsubdf3.o)
                0x080485f0                __aeabi_drsub
                0x080485f8                __aeabi_dsub
                0x080485f8                __subdf3
                0x080485fc                __aeabi_dadd
                0x080485fc                __adddf3
                0x08048874                __floatunsidf
                0x08048874                __aeabi_ui2d
                0x08048894                __floatsidf
                0x08048894                __aeabi_i2d
                0x080488b8                __aeabi_f2d
                0x080488b8                __extendsfdf2
                0x080488fc                __floatundidf
                0x080488fc                __aeabi_ul2d
                0x0804890c                __floatdidf
                0x0804890c                __aeabi_l2d
 .text          0x08048968      0x424 c:/program files (x86)/gnu tools arm embedded/7 2018-q2-update/bin/../lib/gcc/arm-none-eabi/7.3.1/thumb/v7e-m/fpv4-sp/hard\libgcc.a(_arm_muldivdf3.o)
                0x08048968                __aeabi_dmul
                0x08048968                __muldf3
                0x08048bbc                __divdf3
                0x08048bbc                __aeabi_ddiv
 .text          0x08048d8c      0x110 c:/program files (x86)/gnu tools arm embedded/7 2018-q2-update/bin/../lib/gcc/arm-none-eabi/7.3.1/thumb/v7e-m/fpv4-sp/hard\libgcc.a(_arm_cmpdf2.o)
                0x08048d8c                __gtdf2
                0x08048d8c                __gedf2
                0x08048d94                __ltdf2
                0x08048d94                __ledf2
                0x08048d9c                __nedf2
                0x08048d9c                __eqdf2
                0x08048d9c                __cmpdf2
                0x08048e18                __aeabi_cdrcmple
                0x08048e28                __aeabi_cdcmpeq
                0x08048e28                __aeabi_cdcmple
                0x08048e38                __aeabi_dcmpeq
                0x08048e4c                __aeabi_dcmplt
                0x08048e60                __aeabi_dcmple
                0x08048e74                __aeabi_dcmpge
                0x08048e88                __aeabi_dcmpgt
 .text          0x08048e9c       0x2c c:/program files (x86)/gnu tools arm embedded/7 2018-q2-update/bin/../lib/gcc/arm-none-eabi/7.3.1/thumb/v7e-m/fpv4-sp/hard\libgcc.a(_arm_unorddf2.o)
                0x08048e9c                __unorddf2
                0x08048e9c                __aeabi_dcmpun
 .text          0x08048ec8       0x50 c:/program files (x86)/gnu tools arm embedded/7 2018-q2-update/bin/../lib/gcc/arm-none-eabi/7.3.1/thumb/v7e-m/fpv4-sp/hard\libgcc.a(_arm_fixdfsi.o)
                0x08048ec8                __aeabi_d2iz
                0x08048ec8                __fixdfsi
 .text          0x08048f18       0xa0 c:/program files (x86)/gnu tools arm embedded/7 2018-q2-update/bin/../lib/gcc/arm-none-eabi/7.3.1/thumb/v7e-m/fpv4-sp/hard\libgcc.a(_arm_truncdfsf2.o)
                0x08048f18                __truncdfsf2
                0x08048f18                __aeabi_d2f
 .text.__errno  0x08048fb8        0xc c:/program files (x86)/gnu tools arm embedded/7 2018-q2-update/bin/../lib/gcc/arm-none-eabi/7.3.1/../../../../arm-none-eabi/lib/thumb/v7e-m/fpv4-sp/hard\libc.a(lib_a-errno.o)
                0x08048fb8                __errno
 .text          0x08048fc4      0x134 c:/program files (x86)/gnu tools arm embedded/7 2018-q2-update/bin/../lib/gcc/arm-none-eabi/7.3.1/../../../../arm-none-eabi/lib/thumb/v7e-m/fpv4-sp/hard\libc.a(lib_a-memcpy.o)
                0x08048fc4                memcpy
 .text.memset   0x080490f8       0x94 c:/program files (x86)/gnu tools arm embedded/7 2018-q2-update/bin/../lib/gcc/arm-none-eabi/7.3.1/../../../../arm-none-eabi/lib/thumb/v7e-m/fpv4-sp/hard\libc.a(lib_a-memset.o)
                0x080490f8                memset
 .text.sprintf  0x0804918c       0x44 c:/program files (x86)/gnu tools arm embedded/7 2018-q2-update/bin/../lib/gcc/arm-none-eabi/7.3.1/../../../../arm-none-eabi/lib/thumb/v7e-m/fpv4-sp/hard\libc.a(lib_a-sprintf.o)
                0x0804918c                sprintf
 .text._svfprintf_r
                0x080491d0     0x19cc c:/program files (x86)/gnu tools arm embedded/7 2018-q2-update/bin/../lib/gcc/arm-none-eabi/7.3.1/../../../../arm-none-eabi/lib/thumb/v7e-m/fpv4-sp/hard\libc.a(lib_a-svfprintf.o)
                0x080491d0                _svfprintf_r
 .text.startup.register_fini
                0x0804ab9c       0x14 c:/program files (x86)/gnu tools arm embedded/7 2018-q2-update/bin/../lib/gcc/arm-none-eabi/7.3.1/../../../../arm-none-eabi/lib/thumb/v7e-m/fpv4-sp/hard\libc.a(lib_a-__call_atexit.o)
 .text.atexit   0x0804abb0        0xc c:/program files (x86)/gnu tools arm embedded/7 2018-q2-update/bin/../lib/gcc/arm-none-eabi/7.3.1/../../../../arm-none-eabi/lib/thumb/v7e-m/fpv4-sp/hard\libc.a(lib_a-atexit.o)
                0x0804abb0                atexit
 .text.quorem   0x0804abbc      0x124 c:/program files (x86)/gnu tools arm embedded/7 2018-q2-update/bin/../lib/gcc/arm-none-eabi/7.3.1/../../../../arm-none-eabi/lib/thumb/v7e-m/fpv4-sp/hard\libc.a(lib_a-dtoa.o)
 .text._dtoa_r  0x0804ace0      0xe20 c:/program files (x86)/gnu tools arm embedded/7 2018-q2-update/bin/../lib/gcc/arm-none-eabi/7.3.1/../../../../arm-none-eabi/lib/thumb/v7e-m/fpv4-sp/hard\libc.a(lib_a-dtoa.o)
                0x0804ace0                _dtoa_r
 .text.__libc_fini_array
                0x0804bb00       0x34 c:/program files (x86)/gnu tools arm embedded/7 2018-q2-update/bin/../lib/gcc/arm-none-eabi/7.3.1/../../../../arm-none-eabi/lib/thumb/v7e-m/fpv4-sp/hard\libc.a(lib_a-fini.o)
                0x0804bb00                __libc_fini_array
 .text._malloc_trim_r
                0x0804bb34       0xa0 c:/program files (x86)/gnu tools arm embedded/7 2018-q2-update/bin/../lib/gcc/arm-none-eabi/7.3.1/../../../../arm-none-eabi/lib/thumb/v7e-m/fpv4-sp/hard\libc.a(lib_a-freer.o)
                0x0804bb34                _malloc_trim_r
 .text._free_r  0x0804bbd4      0x1e8 c:/program files (x86)/gnu tools arm embedded/7 2018-q2-update/bin/../lib/gcc/arm-none-eabi/7.3.1/../../../../arm-none-eabi/lib/thumb/v7e-m/fpv4-sp/hard\libc.a(lib_a-freer.o)
                0x0804bbd4                _free_r
 .text._localeconv_r
                0x0804bdbc       0x1c c:/program files (x86)/gnu tools arm embedded/7 2018-q2-update/bin/../lib/gcc/arm-none-eabi/7.3.1/../../../../arm-none-eabi/lib/thumb/v7e-m/fpv4-sp/hard\libc.a(lib_a-localeconv.o)
                0x0804bdbc                _localeconv_r
 .text.__retarget_lock_acquire_recursive
                0x0804bdd8        0x4 c:/program files (x86)/gnu tools arm embedded/7 2018-q2-update/bin/../lib/gcc/arm-none-eabi/7.3.1/../../../../arm-none-eabi/lib/thumb/v7e-m/fpv4-sp/hard\libc.a(lib_a-lock.o)
                0x0804bdd8                __retarget_lock_acquire_recursive
 .text.__retarget_lock_release_recursive
                0x0804bddc        0x4 c:/program files (x86)/gnu tools arm embedded/7 2018-q2-update/bin/../lib/gcc/arm-none-eabi/7.3.1/../../../../arm-none-eabi/lib/thumb/v7e-m/fpv4-sp/hard\libc.a(lib_a-lock.o)
                0x0804bddc                __retarget_lock_release_recursive
 .text._malloc_r
                0x0804bde0      0x548 c:/program files (x86)/gnu tools arm embedded/7 2018-q2-update/bin/../lib/gcc/arm-none-eabi/7.3.1/../../../../arm-none-eabi/lib/thumb/v7e-m/fpv4-sp/hard\libc.a(lib_a-mallocr.o)
                0x0804bde0                _malloc_r
 *fill*         0x0804c328        0x8 
 .text          0x0804c330       0xa0 c:/program files (x86)/gnu tools arm embedded/7 2018-q2-update/bin/../lib/gcc/arm-none-eabi/7.3.1/../../../../arm-none-eabi/lib/thumb/v7e-m/fpv4-sp/hard\libc.a(lib_a-memchr.o)
                0x0804c330                memchr
 .text.__malloc_lock
                0x0804c3d0        0xc c:/program files (x86)/gnu tools arm embedded/7 2018-q2-update/bin/../lib/gcc/arm-none-eabi/7.3.1/../../../../arm-none-eabi/lib/thumb/v7e-m/fpv4-sp/hard\libc.a(lib_a-mlock.o)
                0x0804c3d0                __malloc_lock
 .text.__malloc_unlock
                0x0804c3dc        0xc c:/program files (x86)/gnu tools arm embedded/7 2018-q2-update/bin/../lib/gcc/arm-none-eabi/7.3.1/../../../../arm-none-eabi/lib/thumb/v7e-m/fpv4-sp/hard\libc.a(lib_a-mlock.o)
                0x0804c3dc                __malloc_unlock
 .text._Balloc  0x0804c3e8       0x4c c:/program files (x86)/gnu tools arm embedded/7 2018-q2-update/bin/../lib/gcc/arm-none-eabi/7.3.1/../../../../arm-none-eabi/lib/thumb/v7e-m/fpv4-sp/hard\libc.a(lib_a-mprec.o)
                0x0804c3e8                _Balloc
 .text._Bfree   0x0804c434       0x14 c:/program files (x86)/gnu tools arm embedded/7 2018-q2-update/bin/../lib/gcc/arm-none-eabi/7.3.1/../../../../arm-none-eabi/lib/thumb/v7e-m/fpv4-sp/hard\libc.a(lib_a-mprec.o)
                0x0804c434                _Bfree
 .text.__multadd
                0x0804c448       0x80 c:/program files (x86)/gnu tools arm embedded/7 2018-q2-update/bin/../lib/gcc/arm-none-eabi/7.3.1/../../../../arm-none-eabi/lib/thumb/v7e-m/fpv4-sp/hard\libc.a(lib_a-mprec.o)
                0x0804c448                __multadd
 .text.__hi0bits
                0x0804c4c8       0x40 c:/program files (x86)/gnu tools arm embedded/7 2018-q2-update/bin/../lib/gcc/arm-none-eabi/7.3.1/../../../../arm-none-eabi/lib/thumb/v7e-m/fpv4-sp/hard\libc.a(lib_a-mprec.o)
                0x0804c4c8                __hi0bits
 .text.__lo0bits
                0x0804c508       0x60 c:/program files (x86)/gnu tools arm embedded/7 2018-q2-update/bin/../lib/gcc/arm-none-eabi/7.3.1/../../../../arm-none-eabi/lib/thumb/v7e-m/fpv4-sp/hard\libc.a(lib_a-mprec.o)
                0x0804c508                __lo0bits
 .text.__i2b    0x0804c568       0x14 c:/program files (x86)/gnu tools arm embedded/7 2018-q2-update/bin/../lib/gcc/arm-none-eabi/7.3.1/../../../../arm-none-eabi/lib/thumb/v7e-m/fpv4-sp/hard\libc.a(lib_a-mprec.o)
                0x0804c568                __i2b
 .text.__multiply
                0x0804c57c      0x14c c:/program files (x86)/gnu tools arm embedded/7 2018-q2-update/bin/../lib/gcc/arm-none-eabi/7.3.1/../../../../arm-none-eabi/lib/thumb/v7e-m/fpv4-sp/hard\libc.a(lib_a-mprec.o)
                0x0804c57c                __multiply
 .text.__pow5mult
                0x0804c6c8       0xa0 c:/program files (x86)/gnu tools arm embedded/7 2018-q2-update/bin/../lib/gcc/arm-none-eabi/7.3.1/../../../../arm-none-eabi/lib/thumb/v7e-m/fpv4-sp/hard\libc.a(lib_a-mprec.o)
                0x0804c6c8                __pow5mult
 .text.__lshift
                0x0804c768       0xac c:/program files (x86)/gnu tools arm embedded/7 2018-q2-update/bin/../lib/gcc/arm-none-eabi/7.3.1/../../../../arm-none-eabi/lib/thumb/v7e-m/fpv4-sp/hard\libc.a(lib_a-mprec.o)
                0x0804c768                __lshift
 .text.__mcmp   0x0804c814       0x38 c:/program files (x86)/gnu tools arm embedded/7 2018-q2-update/bin/../lib/gcc/arm-none-eabi/7.3.1/../../../../arm-none-eabi/lib/thumb/v7e-m/fpv4-sp/hard\libc.a(lib_a-mprec.o)
                0x0804c814                __mcmp
 .text.__mdiff  0x0804c84c       0xec c:/program files (x86)/gnu tools arm embedded/7 2018-q2-update/bin/../lib/gcc/arm-none-eabi/7.3.1/../../../../arm-none-eabi/lib/thumb/v7e-m/fpv4-sp/hard\libc.a(lib_a-mprec.o)
                0x0804c84c                __mdiff
 .text.__d2b    0x0804c938       0xc4 c:/program files (x86)/gnu tools arm embedded/7 2018-q2-update/bin/../lib/gcc/arm-none-eabi/7.3.1/../../../../arm-none-eabi/lib/thumb/v7e-m/fpv4-sp/hard\libc.a(lib_a-mprec.o)
                0x0804c938                __d2b
 .text.frexp    0x0804c9fc       0x68 c:/program files (x86)/gnu tools arm embedded/7 2018-q2-update/bin/../lib/gcc/arm-none-eabi/7.3.1/../../../../arm-none-eabi/lib/thumb/v7e-m/fpv4-sp/hard\libc.a(lib_a-s_frexp.o)
                0x0804c9fc                frexp
 .text._sbrk_r  0x0804ca64       0x24 c:/program files (x86)/gnu tools arm embedded/7 2018-q2-update/bin/../lib/gcc/arm-none-eabi/7.3.1/../../../../arm-none-eabi/lib/thumb/v7e-m/fpv4-sp/hard\libc.a(lib_a-sbrkr.o)
                0x0804ca64                _sbrk_r
 *fill*         0x0804ca88       0x38 
 .text          0x0804cac0       0xdc c:/program files (x86)/gnu tools arm embedded/7 2018-q2-update/bin/../lib/gcc/arm-none-eabi/7.3.1/../../../../arm-none-eabi/lib/thumb/v7e-m/fpv4-sp/hard\libc.a(lib_a-strlen.o)
                0x0804cac0                strlen
 .text.strncpy  0x0804cb9c       0x64 c:/program files (x86)/gnu tools arm embedded/7 2018-q2-update/bin/../lib/gcc/arm-none-eabi/7.3.1/../../../../arm-none-eabi/lib/thumb/v7e-m/fpv4-sp/hard\libc.a(lib_a-strncpy.o)
                0x0804cb9c                strncpy
 .text.__ssprint_r
                0x0804cc00       0xf4 c:/program files (x86)/gnu tools arm embedded/7 2018-q2-update/bin/../lib/gcc/arm-none-eabi/7.3.1/../../../../arm-none-eabi/lib/thumb/v7e-m/fpv4-sp/hard\libc.a(lib_a-svfiprintf.o)
                0x0804cc00                __ssprint_r
 .text.__register_exitproc
                0x0804ccf4       0xc0 c:/program files (x86)/gnu tools arm embedded/7 2018-q2-update/bin/../lib/gcc/arm-none-eabi/7.3.1/../../../../arm-none-eabi/lib/thumb/v7e-m/fpv4-sp/hard\libc.a(lib_a-__atexit.o)
                0x0804ccf4                __register_exitproc
 .text._calloc_r
                0x0804cdb4       0x68 c:/program files (x86)/gnu tools arm embedded/7 2018-q2-update/bin/../lib/gcc/arm-none-eabi/7.3.1/../../../../arm-none-eabi/lib/thumb/v7e-m/fpv4-sp/hard\libc.a(lib_a-callocr.o)
                0x0804cdb4                _calloc_r
 .text.__ascii_mbtowc
                0x0804ce1c       0x2c c:/program files (x86)/gnu tools arm embedded/7 2018-q2-update/bin/../lib/gcc/arm-none-eabi/7.3.1/../../../../arm-none-eabi/lib/thumb/v7e-m/fpv4-sp/hard\libc.a(lib_a-mbtowc_r.o)
                0x0804ce1c                __ascii_mbtowc
 .text.memmove  0x0804ce48       0xc8 c:/program files (x86)/gnu tools arm embedded/7 2018-q2-update/bin/../lib/gcc/arm-none-eabi/7.3.1/../../../../arm-none-eabi/lib/thumb/v7e-m/fpv4-sp/hard\libc.a(lib_a-memmove.o)
                0x0804ce48                memmove
 .text._realloc_r
                0x0804cf10      0x35c c:/program files (x86)/gnu tools arm embedded/7 2018-q2-update/bin/../lib/gcc/arm-none-eabi/7.3.1/../../../../arm-none-eabi/lib/thumb/v7e-m/fpv4-sp/hard\libc.a(lib_a-reallocr.o)
                0x0804cf10                _realloc_r
 .text.__ascii_wctomb
                0x0804d26c       0x1c c:/program files (x86)/gnu tools arm embedded/7 2018-q2-update/bin/../lib/gcc/arm-none-eabi/7.3.1/../../../../arm-none-eabi/lib/thumb/v7e-m/fpv4-sp/hard\libc.a(lib_a-wctomb_r.o)
                0x0804d26c                __ascii_wctomb
 .text          0x0804d288       0x30 c:/program files (x86)/gnu tools arm embedded/7 2018-q2-update/bin/../lib/gcc/arm-none-eabi/7.3.1/thumb/v7e-m/fpv4-sp/hard\libgcc.a(_aeabi_uldivmod.o)
                0x0804d288                __aeabi_uldivmod
 .text          0x0804d2b8      0x2cc c:/program files (x86)/gnu tools arm embedded/7 2018-q2-update/bin/../lib/gcc/arm-none-eabi/7.3.1/thumb/v7e-m/fpv4-sp/hard\libgcc.a(_udivmoddi4.o)
                0x0804d2b8                __udivmoddi4
 .text          0x0804d584        0x4 c:/program files (x86)/gnu tools arm embedded/7 2018-q2-update/bin/../lib/gcc/arm-none-eabi/7.3.1/thumb/v7e-m/fpv4-sp/hard\libgcc.a(_dvmd_tls.o)
                0x0804d584                __aeabi_idiv0
                0x0804d584                __aeabi_ldiv0
 *(.init)
 .init          0x0804d588        0x4 c:/program files (x86)/gnu tools arm embedded/7 2018-q2-update/bin/../lib/gcc/arm-none-eabi/7.3.1/thumb/v7e-m/fpv4-sp/hard/crti.o
                0x0804d588                _init
 .init          0x0804d58c        0x8 c:/program files (x86)/gnu tools arm embedded/7 2018-q2-update/bin/../lib/gcc/arm-none-eabi/7.3.1/thumb/v7e-m/fpv4-sp/hard/crtn.o
 *(.fini)
 .fini          0x0804d594        0x4 c:/program files (x86)/gnu tools arm embedded/7 2018-q2-update/bin/../lib/gcc/arm-none-eabi/7.3.1/thumb/v7e-m/fpv4-sp/hard/crti.o
                0x0804d594                _fini
 .fini          0x0804d598        0x8 c:/program files (x86)/gnu tools arm embedded/7 2018-q2-update/bin/../lib/gcc/arm-none-eabi/7.3.1/thumb/v7e-m/fpv4-sp/hard/crtn.o
 *crtbegin.o(.ctors)
 *crtbegin?.o(.ctors)
 *(EXCLUDE_FILE(*crtend.o *crtend?.o) .ctors)
 *(SORT_BY_NAME(.ctors.*))
 *(.ctors)
 *crtbegin.o(.dtors)
 *crtbegin?.o(.dtors)
 *(EXCLUDE_FILE(*crtend.o *crtend?.o) .dtors)
 *(SORT_BY_NAME(.dtors.*))
 *(.dtors)
 *(.rodata*)
 .rodata        0x0804d5a0      0x1c4 ..\obj\bw_global_var.o
                0x0804d5a0                STAIRS_DETECTED
                0x0804d5a4                STAIRS_NOT_DETECTED
                0x0804d5a8                STAIRS_DETECTOR_ACTIVATED
                0x0804d5ac                STAIRS_DETECTOR_DEACTIVATED
                0x0804d5b0                FRONT_LEFT_DX_COXA
                0x0804d5b4                FRONT_LEFT_DX_FEMUR
                0x0804d5b8                FRONT_LEFT_DX_TIBIA
                0x0804d5bc                MIDDLE_LEFT_DX_COXA
                0x0804d5c0                MIDDLE_LEFT_DX_FEMUR
                0x0804d5c4                MIDDLE_LEFT_DX_TIBIA
                0x0804d5c8                REAR_LEFT_DX_COXA
                0x0804d5cc                REAR_LEFT_DX_FEMUR
                0x0804d5d0                REAR_LEFT_DX_TIBIA
                0x0804d5d4                FRONT_RIGHT_DX_COXA
                0x0804d5d8                FRONT_RIGHT_DX_FEMUR
                0x0804d5dc                FRONT_RIGHT_DX_TIBIA
                0x0804d5e0                MIDDLE_RIGHT_DX_COXA
                0x0804d5e4                MIDDLE_RIGHT_DX_FEMUR
                0x0804d5e8                MIDDLE_RIGHT_DX_TIBIA
                0x0804d5ec                REAR_RIGHT_DX_COXA
                0x0804d5f0                REAR_RIGHT_DX_FEMUR
                0x0804d5f4                REAR_RIGHT_DX_TIBIA
                0x0804d5f8                GRIPPER_UP
                0x0804d5fc                GRIPPER_CLIP
                0x0804d600                CLEANER
                0x0804d604                DYNA_EXT_ID
                0x0804d608                A_const
                0x0804d650                B_const
                0x0804d698                leg_1
                0x0804d6b0                leg_norm
                0x0804d6c8                alpha
                0x0804d6e0                Gyro_Sensitivity_1000s
                0x0804d6e4                Gyro_Sensitivity_2000s
                0x0804d6e8                TCS_CALIBRATE_WHITE
                0x0804d6ec                TCS_CALIBRATE_BLACK
                0x0804d6f0                TCS_CALIBRATE_GRAY
                0x0804d6f4                TCS_CALIBRATE_GETRULE
                0x0804d6f8                TCS_FRONT_SHOW_THRESHOLD
                0x0804d6fc                TCS_MIDDLE_SHOW_THRESHOLD
                0x0804d700                IMU_CMD_SEND_RAW
                0x0804d704                SOUNDCHECK
                0x0804d708                FOLLOW_TRACER_WHITE
                0x0804d70c                FOLLOW_CARPET_ACTIVE
                0x0804d710                FOLLOW_COLOUR_DISABLE
                0x0804d714                TRACER_CALIBRATE_GRAY
                0x0804d718                TRACER_CALIBRATE_WHITE
                0x0804d71c                TRACER_CALIBRATE_BLACK
                0x0804d720                TRACER_CALIBRATE_GETRULE
                0x0804d724                LEFT_FOLLOW
                0x0804d728                RIGHT_FOLLOW
                0x0804d72c                X_BODY_OFFSET
                0x0804d744                Y_BODY_OFFSET
                0x0804d75c                X_STATIC_OFFSET
                0x0804d760                Y_STATIC_OFFSET
 .rodata        0x0804d764        0xe ..\obj\bw_dynamixel_ax_12a.o
 *fill*         0x0804d772        0x2 
 .rodata        0x0804d774       0x10 ..\obj\bw_i2c_lcd.o
 .rodata        0x0804d784       0x81 ..\obj\bw_rotary_switch.o
 *fill*         0x0804d805        0x3 
 .rodata        0x0804d808      0x165 ..\obj\bw_user_interface.o
 *fill*         0x0804d96d        0x3 
 .rodata        0x0804d970      0x159 ..\obj\mz_servo_pwm.o
 *fill*         0x0804dac9        0x3 
 .rodata        0x0804dacc      0x260 ..\obj\main.o
 .rodata        0x0804dd2c       0x92 ..\obj\bw_ping_receiver.o
 *fill*         0x0804ddbe        0x2 
 .rodata        0x0804ddc0      0x4af ..\obj\bw_2021_algorithm.o
 *fill*         0x0804e26f        0x1 
 .rodata        0x0804e270      0xf7b ..\obj\bw2017_algorithm.o
 *fill*         0x0804f1eb        0x1 
 .rodata        0x0804f1ec       0xb1 ..\obj\bw_pid_controller.o
 *fill*         0x0804f29d        0x3 
 .rodata        0x0804f2a0      0x24a ..\obj\bw_dynamixel_hexapod_cmd.o
 *fill*         0x0804f4ea        0x2 
 .rodata        0x0804f4ec      0x385 ..\obj\bw_cmps11.o
 *fill*         0x0804f871        0x3 
 .rodata        0x0804f874      0x226 ..\obj\bw_tcs3200_receiver.o
 *fill*         0x0804fa9a        0x2 
 .rodata        0x0804fa9c       0xad ..\obj\bw_gripper_2021.o
 *fill*         0x0804fb49        0x7 
 .rodata.atanhi
                0x0804fb50       0x20 c:/program files (x86)/gnu tools arm embedded/7 2018-q2-update/bin/../lib/gcc/arm-none-eabi/7.3.1/../../../../arm-none-eabi/lib/thumb/v7e-m/fpv4-sp/hard\libm.a(lib_a-s_atan.o)
 .rodata.atanlo
                0x0804fb70       0x20 c:/program files (x86)/gnu tools arm embedded/7 2018-q2-update/bin/../lib/gcc/arm-none-eabi/7.3.1/../../../../arm-none-eabi/lib/thumb/v7e-m/fpv4-sp/hard\libm.a(lib_a-s_atan.o)
 .rodata.acos.str1.4
                0x0804fb90        0x5 c:/program files (x86)/gnu tools arm embedded/7 2018-q2-update/bin/../lib/gcc/arm-none-eabi/7.3.1/../../../../arm-none-eabi/lib/thumb/v7e-m/fpv4-sp/hard\libm.a(lib_a-w_acos.o)
                                  0x9 (size before relaxing)
 *fill*         0x0804fb95        0x3 
 .rodata.pow.str1.4
                0x0804fb98        0x4 c:/program files (x86)/gnu tools arm embedded/7 2018-q2-update/bin/../lib/gcc/arm-none-eabi/7.3.1/../../../../arm-none-eabi/lib/thumb/v7e-m/fpv4-sp/hard\libm.a(lib_a-w_pow.o)
 .rodata.sqrt.str1.4
                0x0804fb9c        0x5 c:/program files (x86)/gnu tools arm embedded/7 2018-q2-update/bin/../lib/gcc/arm-none-eabi/7.3.1/../../../../arm-none-eabi/lib/thumb/v7e-m/fpv4-sp/hard\libm.a(lib_a-w_sqrt.o)
 .rodata.__ieee754_pow.str1.4
                0x0804fba1        0x1 c:/program files (x86)/gnu tools arm embedded/7 2018-q2-update/bin/../lib/gcc/arm-none-eabi/7.3.1/../../../../arm-none-eabi/lib/thumb/v7e-m/fpv4-sp/hard\libm.a(lib_a-e_pow.o)
 *fill*         0x0804fba1        0x3 
 .rodata.npio2_hw
                0x0804fba4       0x80 c:/program files (x86)/gnu tools arm embedded/7 2018-q2-update/bin/../lib/gcc/arm-none-eabi/7.3.1/../../../../arm-none-eabi/lib/thumb/v7e-m/fpv4-sp/hard\libm.a(lib_a-e_rem_pio2.o)
 .rodata.two_over_pi
                0x0804fc24      0x108 c:/program files (x86)/gnu tools arm embedded/7 2018-q2-update/bin/../lib/gcc/arm-none-eabi/7.3.1/../../../../arm-none-eabi/lib/thumb/v7e-m/fpv4-sp/hard\libm.a(lib_a-e_rem_pio2.o)
 *fill*         0x0804fd2c        0x4 
 .rodata.PIo2   0x0804fd30       0x40 c:/program files (x86)/gnu tools arm embedded/7 2018-q2-update/bin/../lib/gcc/arm-none-eabi/7.3.1/../../../../arm-none-eabi/lib/thumb/v7e-m/fpv4-sp/hard\libm.a(lib_a-k_rem_pio2.o)
 .rodata.init_jk
                0x0804fd70       0x10 c:/program files (x86)/gnu tools arm embedded/7 2018-q2-update/bin/../lib/gcc/arm-none-eabi/7.3.1/../../../../arm-none-eabi/lib/thumb/v7e-m/fpv4-sp/hard\libm.a(lib_a-k_rem_pio2.o)
 .rodata.TWO52  0x0804fd80       0x10 c:/program files (x86)/gnu tools arm embedded/7 2018-q2-update/bin/../lib/gcc/arm-none-eabi/7.3.1/../../../../arm-none-eabi/lib/thumb/v7e-m/fpv4-sp/hard\libm.a(lib_a-s_rint.o)
 .rodata._global_impure_ptr
                0x0804fd90        0x4 c:/program files (x86)/gnu tools arm embedded/7 2018-q2-update/bin/../lib/gcc/arm-none-eabi/7.3.1/../../../../arm-none-eabi/lib/thumb/v7e-m/fpv4-sp/hard\libc.a(lib_a-impure.o)
                0x0804fd90                _global_impure_ptr
 .rodata._svfprintf_r.str1.4
                0x0804fd94       0x42 c:/program files (x86)/gnu tools arm embedded/7 2018-q2-update/bin/../lib/gcc/arm-none-eabi/7.3.1/../../../../arm-none-eabi/lib/thumb/v7e-m/fpv4-sp/hard\libc.a(lib_a-svfprintf.o)
 *fill*         0x0804fdd6        0x2 
 .rodata.blanks.8590
                0x0804fdd8       0x10 c:/program files (x86)/gnu tools arm embedded/7 2018-q2-update/bin/../lib/gcc/arm-none-eabi/7.3.1/../../../../arm-none-eabi/lib/thumb/v7e-m/fpv4-sp/hard\libc.a(lib_a-svfprintf.o)
 .rodata.zeroes.8591
                0x0804fde8       0x10 c:/program files (x86)/gnu tools arm embedded/7 2018-q2-update/bin/../lib/gcc/arm-none-eabi/7.3.1/../../../../arm-none-eabi/lib/thumb/v7e-m/fpv4-sp/hard\libc.a(lib_a-svfprintf.o)
 .rodata._dtoa_r.str1.4
                0x0804fdf8       0x10 c:/program files (x86)/gnu tools arm embedded/7 2018-q2-update/bin/../lib/gcc/arm-none-eabi/7.3.1/../../../../arm-none-eabi/lib/thumb/v7e-m/fpv4-sp/hard\libc.a(lib_a-dtoa.o)
                                 0x12 (size before relaxing)
 .rodata.__mprec_bigtens
                0x0804fe08       0x28 c:/program files (x86)/gnu tools arm embedded/7 2018-q2-update/bin/../lib/gcc/arm-none-eabi/7.3.1/../../../../arm-none-eabi/lib/thumb/v7e-m/fpv4-sp/hard\libc.a(lib_a-mprec.o)
                0x0804fe08                __mprec_bigtens
 .rodata.__mprec_tens
                0x0804fe30       0xc8 c:/program files (x86)/gnu tools arm embedded/7 2018-q2-update/bin/../lib/gcc/arm-none-eabi/7.3.1/../../../../arm-none-eabi/lib/thumb/v7e-m/fpv4-sp/hard\libc.a(lib_a-mprec.o)
                0x0804fe30                __mprec_tens
 .rodata.p05.7367
                0x0804fef8        0xc c:/program files (x86)/gnu tools arm embedded/7 2018-q2-update/bin/../lib/gcc/arm-none-eabi/7.3.1/../../../../arm-none-eabi/lib/thumb/v7e-m/fpv4-sp/hard\libc.a(lib_a-mprec.o)
 .rodata._setlocale_r.str1.4
                0x0804ff04        0xa c:/program files (x86)/gnu tools arm embedded/7 2018-q2-update/bin/../lib/gcc/arm-none-eabi/7.3.1/../../../../arm-none-eabi/lib/thumb/v7e-m/fpv4-sp/hard\libc.a(lib_a-locale.o)
                                  0xd (size before relaxing)
 *fill*         0x0804ff0e        0x2 
 .rodata.str1.4
                0x0804ff10        0x4 c:/program files (x86)/gnu tools arm embedded/7 2018-q2-update/bin/../lib/gcc/arm-none-eabi/7.3.1/../../../../arm-none-eabi/lib/thumb/v7e-m/fpv4-sp/hard\libc.a(lib_a-locale.o)
                                  0x2 (size before relaxing)
 .rodata._ctype_
                0x0804ff14      0x101 c:/program files (x86)/gnu tools arm embedded/7 2018-q2-update/bin/../lib/gcc/arm-none-eabi/7.3.1/../../../../arm-none-eabi/lib/thumb/v7e-m/fpv4-sp/hard\libc.a(lib_a-ctype_.o)
                0x0804ff14                _ctype_
 *(.eh_fram e*)

.eh_frame       0x08050018        0x0
 .eh_frame      0x08050018        0x0 c:/program files (x86)/gnu tools arm embedded/7 2018-q2-update/bin/../lib/gcc/arm-none-eabi/7.3.1/thumb/v7e-m/fpv4-sp/hard/crtbegin.o

.glue_7         0x08050018        0x0
 .glue_7        0x08050018        0x0 linker stubs

.glue_7t        0x08050018        0x0
 .glue_7t       0x08050018        0x0 linker stubs

.vfp11_veneer   0x08050018        0x0
 .vfp11_veneer  0x08050018        0x0 linker stubs

.v4_bx          0x08050018        0x0
 .v4_bx         0x08050018        0x0 linker stubs

.iplt           0x08050018        0x0
 .iplt          0x08050018        0x0 c:/program files (x86)/gnu tools arm embedded/7 2018-q2-update/bin/../lib/gcc/arm-none-eabi/7.3.1/thumb/v7e-m/fpv4-sp/hard/crtbegin.o

.ARM.extab
 *(.ARM.extab* .gnu.linkonce.armextab.*)
                0x08050018                __exidx_start = .

.ARM.exidx      0x08050018        0x8
 *(.ARM.exidx* .gnu.linkonce.armexidx.*)
 .ARM.exidx     0x08050018        0x8 c:/program files (x86)/gnu tools arm embedded/7 2018-q2-update/bin/../lib/gcc/arm-none-eabi/7.3.1/thumb/v7e-m/fpv4-sp/hard\libgcc.a(_udivmoddi4.o)
                0x08050020                __exidx_end = .
                0x08050020                __etext = .
                0x08050020                _sidata = __etext

.rel.dyn        0x08050020        0x0
 .rel.iplt      0x08050020        0x0 c:/program files (x86)/gnu tools arm embedded/7 2018-q2-update/bin/../lib/gcc/arm-none-eabi/7.3.1/thumb/v7e-m/fpv4-sp/hard/crtbegin.o

.data           0x20000000     0x138c load address 0x08050020
                0x20000000                __data_start__ = .
                0x20000000                _sdata = __data_start__
 *(vtable)
 *(.data*)
 .data          0x20000000      0x9ac ..\obj\bw_global_var.o
                0x20000000                START_BUTTON_CMD
                0x20000004                RCV_IDLE
                0x20000008                RCV_START
                0x2000000c                RCV_BUTTON_A
                0x20000010                RCV_BUTTON_B
                0x20000014                COLOUR_GRAY
                0x20000018                COLOUR_WHITE
                0x2000001c                COLOUR_RED
                0x20000020                COLOUR_BLUE
                0x20000024                FRONT_TCS3200
                0x20000028                MID_TCS3200
                0x2000002c                CANDLE_CIRCLE_DETECTED
                0x20000030                ZONE_BLACK
                0x20000034                ZONE_RED
                0x20000038                ZONE_BLUE
                0x2000003c                TRACER
                0x20000040                BW_LOCATION
                0x20000048                LOCATION_ROOM
                0x2000004c                FOLLOW_KIRI
                0x20000050                FOLLOW_KANAN
                0x20000054                SHIFT_FOLLOW
                0x20000058                FOLLOW_CARPET_MODE
                0x2000005c                COLOUR_BUF
                0x20000060                CAT_DETECTED
                0x20000064                CAT_ACTIVATED
                0x20000068                UV_R2FLAG_ACTIVE
                0x2000006c                led_counter
                0x2000006e                sensor_UV_front
                0x2000006f                sensor_UV_back
                0x20000070                COMMAND_FLAG_A
                0x20000074                COMMAND_FLAG_B
                0x20000078                COMMAND_COMPLETED
                0x2000007c                COMMAND_NOT_RECEIVED
                0x20000080                REAR_THRESHOLD
                0x20000084                IN_ROOM_STAT
                0x20000088                SUDUT_STATIC
                0x200000d0                SUDUT_STATIC_BWD
                0x20000118                SUDUT_ANGKAT
                0x2000011c                LIFT_ANGLE
                0x20000128                DG_GRIP_DOWN
                0x2000012c                DG_GRIP_UP
                0x20000130                FOLLOW_HOME_KIRI
                0x20000134                R4B_MID_FOLLOW
                0x20000138                R4AB_KIRI_FOLLOW
                0x2000013c                R4AB_KANAN_FOLLOW
                0x20000140                IKFWD_COXA_R
                0x2000014c                IKFWD_TIBIA_R
                0x20000158                IKFWD_COXA_L
                0x20000164                IKFWD_TIBIA_L
                0x20000170                IKFWD_COXA_R1
                0x2000017c                IKFWD_TIBIA_R1
                0x20000188                IKFWD_COXA_L1
                0x20000194                IKFWD_TIBIA_L1
                0x200001a0                IKFWD_COXA_R2
                0x200001ac                IKFWD_TIBIA_R2
                0x200001b8                IKFWD_COXA_L2
                0x200001c4                IKFWD_TIBIA_L2
                0x200001d0                IKFWD_COXA_R3
                0x200001dc                IKFWD_TIBIA_R3
                0x200001e8                IKFWD_COXA_L3
                0x200001f4                IKFWD_TIBIA_L3
                0x20000200                IKCRVR_COXA_R2
                0x2000020c                IKCRVR_TIBIA_R2
                0x20000218                IKCRVR_COXA_L2
                0x20000224                IKCRVR_TIBIA_L2
                0x20000230                IKRPID_COXA_R2
                0x2000023c                IKRPID_TIBIA_R2
                0x20000248                IKCRVR_COXA_R
                0x20000254                IKCRVR_TIBIA_R
                0x20000260                IKCRVR_COXA_L
                0x2000026c                IKCRVR_TIBIA_L
                0x20000278                IKRPID_COXA_R
                0x20000284                IKRPID_TIBIA_R
                0x20000290                IKSLR_COXA
                0x2000029c                IKSLR_TIBIA
                0x200002ac                IKSLR_COXA1
                0x200002b8                IKSLR_TIBIA1
                0x200002c8                IKSLR_COXA2
                0x200002d4                IKSLR_TIBIA2
                0x200002e4                IKCRVL_COXA_R
                0x200002f0                IKCRVL_TIBIA_R
                0x200002fc                IKCRVL_COXA_L
                0x20000308                IKCRVL_TIBIA_L
                0x20000314                IKLPID_COXA_L
                0x20000320                IKLPID_TIBIA_L
                0x2000032c                IKCRVL_COXA_R2
                0x20000338                IKCRVL_TIBIA_R2
                0x20000344                IKCRVL_COXA_L2
                0x20000350                IKCRVL_TIBIA_L2
                0x2000035c                IKLPID_COXA_L2
                0x20000368                IKLPID_TIBIA_L2
                0x20000374                IKSLL_COXA
                0x20000380                IKSLL_TIBIA
                0x20000390                IKSLL_COXA1
                0x2000039c                IKSLL_TIBIA1
                0x200003ac                IKSLL_COXA2
                0x200003b8                IKSLL_TIBIA2
                0x200003c8                IKBWD_COXA_R
                0x200003d4                IKBWD_TIBIA_R
                0x200003e0                IKBWD_COXA_L
                0x200003ec                IKBWD_TIBIA_L
                0x200003f8                IKCRVRR_COXA_L
                0x20000404                IKCRVRR_TIBIA_L
                0x20000410                IKCRVRR_COXA_R
                0x2000041c                IKCRVRR_TIBIA_R
                0x20000428                IKPIDR_COXA_L
                0x20000434                IKPIDR_TIBIA_L
                0x20000440                IKCRVLR_COXA_L
                0x2000044c                IKCRVLR_TIBIA_L
                0x20000458                IKCRVLR_COXA_R
                0x20000464                IKCRVLR_TIBIA_R
                0x20000470                IKPIDR_COXA_R
                0x2000047c                IKPIDR_TIBIA_R
                0x20000488                sudut
                0x200004d0                correct
                0x20000518                MPU6050_PWR_MGMT_1
                0x2000051c                MPU6050_GYRO_CONFIG
                0x20000520                MPU6050_ACCEL_CONFIG
                0x20000524                Gyro_Sensitivity_500s
                0x20000528                PI
                0x20000530                GRAVITY
                0x20000538                TEST
                0x2000053c                CALIBRATION_STAT
                0x20000540                HOME_CIRCLE_DETECTED
                0x20000544                FOLLOWHOME_ACTIVE
                0x20000548                CROSS_ENABLED
                0x2000054c                CROSSING_SUCCESS
                0x20000550                CROSSING_FAILED
                0x20000554                STEALFIRE_SUCCESS
                0x20000558                STEALFIRE_FAILED
                0x2000055c                ENEMY_ZONE
                0x20000560                SPECIAL_CONDITION_ENABLED
                0x20000564                ROOM_FLAG
                0x2000056c                PREVIOUS_ROOM
                0x20000570                OTHER_ROOM
                0x20000574                ROOM_ONE
                0x20000578                WARZONE
                0x2000057c                VAR_DOOR_DETECTED
                0x20000580                VAR_DOOR_SCAN
                0x20000584                FOLLOW_CARPET_ENABLED
                0x20000588                FOLLOW_CARPET_ESCAPE_TRAP
                0x2000058c                GET_VERSION
                0x20000590                GET_ANGLE_8_BIT
                0x20000594                GET_ANGLE_16_BIT
                0x20000598                GET_PITCH
                0x2000059c                GET_ROLL
                0x200005a0                GET_PITCH_NO_KF
                0x200005a4                GET_ROLL_NO_KF
                0x200005a8                GET_MAG_RAW