Archive member included to satisfy reference by file (symbol)

c:/program files (x86)/gnu tools arm embedded/7 2018-q2-update/bin/../lib/gcc/arm-none-eabi/7.3.1/thumb/v7-m\libgcc.a(_arm_addsubdf3.o)
                              ..\obj\adc_comp.o (__aeabi_dsub)
c:/program files (x86)/gnu tools arm embedded/7 2018-q2-update/bin/../lib/gcc/arm-none-eabi/7.3.1/thumb/v7-m\libgcc.a(_arm_muldivdf3.o)
                              ..\obj\adc_comp.o (__aeabi_dmul)
c:/program files (x86)/gnu tools arm embedded/7 2018-q2-update/bin/../lib/gcc/arm-none-eabi/7.3.1/thumb/v7-m\libgcc.a(_arm_cmpdf2.o)
                              ..\obj\MZ_VL53L0X.o (__aeabi_dcmpgt)
c:/program files (x86)/gnu tools arm embedded/7 2018-q2-update/bin/../lib/gcc/arm-none-eabi/7.3.1/thumb/v7-m\libgcc.a(_arm_fixdfsi.o)
                              ..\obj\adc_comp.o (__aeabi_d2iz)
c:/program files (x86)/gnu tools arm embedded/7 2018-q2-update/bin/../lib/gcc/arm-none-eabi/7.3.1/thumb/v7-m\libgcc.a(_arm_truncdfsf2.o)
                              ..\obj\adc_comp.o (__aeabi_d2f)
c:/program files (x86)/gnu tools arm embedded/7 2018-q2-update/bin/../lib/gcc/arm-none-eabi/7.3.1/thumb/v7-m\libgcc.a(_arm_addsubsf3.o)
                              ..\obj\MZ_VL53L0X.o (__aeabi_ui2f)
c:/program files (x86)/gnu tools arm embedded/7 2018-q2-update/bin/../lib/gcc/arm-none-eabi/7.3.1/thumb/v7-m\libgcc.a(_arm_muldivsf3.o)
                              ..\obj\MZ_VL53L0X.o (__aeabi_fmul)
c:/program files (x86)/gnu tools arm embedded/7 2018-q2-update/bin/../lib/gcc/arm-none-eabi/7.3.1/thumb/v7-m\libgcc.a(_arm_cmpsf2.o)
                              ..\obj\MZ_VL53L0X.o (__aeabi_fcmplt)
c:/program files (x86)/gnu tools arm embedded/7 2018-q2-update/bin/../lib/gcc/arm-none-eabi/7.3.1/thumb/v7-m\libgcc.a(_arm_fixsfsi.o)
                              ..\obj\adc_comp.o (__aeabi_f2iz)
c:/program files (x86)/gnu tools arm embedded/7 2018-q2-update/bin/../lib/gcc/arm-none-eabi/7.3.1/thumb/v7-m\libgcc.a(_arm_fixunssfsi.o)
                              ..\obj\MZ_VL53L0X.o (__aeabi_f2uiz)

Allocating common symbols
Common symbol       size              file

TIM_TimeBaseStructure
                    0xa               ..\obj\Tracer_2019.o
TCS_GREEN_BACK      0x8               ..\obj\delay.o
TCS_B               0x8               ..\obj\delay.o
TCS_GREEN_FRONT     0x8               ..\obj\delay.o
sysTick_Time        0x4               ..\obj\delay.o
TCS_CLEAR_BACK      0x8               ..\obj\delay.o
ADC_DATA_F          0x4               ..\obj\main.o
TCS_BLUE_FRONT      0x8               ..\obj\delay.o
STATUS              0x4               ..\obj\main.o
TCS_RED_BACK        0x8               ..\obj\delay.o
TCS_CLEAR_FRONT     0x8               ..\obj\delay.o
dist                0x2               ..\obj\main.o
adc_value           0x4               ..\obj\delay.o
ADC_InitStructure   0x14              ..\obj\Tracer_2019.o
I2C_InitStructure   0x10              ..\obj\Tracer_2019.o
TCS_RED_FRONT       0x8               ..\obj\delay.o
buffer              0x19              ..\obj\main.o
ADC_DATA_M          0x4               ..\obj\main.o
TCS_BLUE_BACK       0x8               ..\obj\delay.o
data                0x1e              ..\obj\main.o
GPIO_InitStructure  0x4               ..\obj\Tracer_2019.o
USART_InitStructure
                    0x10              ..\obj\Tracer_2019.o
TCS_F               0x8               ..\obj\delay.o
Sharp               0x4               ..\obj\delay.o
ADC_DATA_R          0x4               ..\obj\main.o
NVIC_InitStructure  0x4               ..\obj\Tracer_2019.o
sharp_data          0xa               ..\obj\adc_comp.o
ADC_SUM             0x4               ..\obj\Tracer_2019.o

Discarded input sections

 .text          0x00000000        0x0 ..\obj\delay.o
 .data          0x00000000        0x0 ..\obj\delay.o
 .bss           0x00000000        0x0 ..\obj\delay.o
 .text          0x00000000        0x0 ..\obj\stm32f10x_tim.o
 .data          0x00000000        0x0 ..\obj\stm32f10x_tim.o
 .bss           0x00000000        0x0 ..\obj\stm32f10x_tim.o
 .text.TIM_DeInit
                0x00000000      0x22c ..\obj\stm32f10x_tim.o
 .text.TIM_OC1Init
                0x00000000      0x118 ..\obj\stm32f10x_tim.o
 .text.TIM_OC2Init
                0x00000000      0x110 ..\obj\stm32f10x_tim.o
 .text.TIM_OC3Init
                0x00000000      0x10c ..\obj\stm32f10x_tim.o
 .text.TIM_OC4Init
                0x00000000       0xd0 ..\obj\stm32f10x_tim.o
 .text.TIM_ICInit
                0x00000000       0xa8 ..\obj\stm32f10x_tim.o
 .text.TIM_PWMIConfig
                0x00000000       0xb8 ..\obj\stm32f10x_tim.o
 .text.TIM_BDTRConfig
                0x00000000       0x4e ..\obj\stm32f10x_tim.o
 .text.TIM_TimeBaseStructInit
                0x00000000       0x32 ..\obj\stm32f10x_tim.o
 .text.TIM_OCStructInit
                0x00000000       0x42 ..\obj\stm32f10x_tim.o
 .text.TIM_ICStructInit
                0x00000000       0x30 ..\obj\stm32f10x_tim.o
 .text.TIM_BDTRStructInit
                0x00000000       0x3c ..\obj\stm32f10x_tim.o
 .text.TIM_CtrlPWMOutputs
                0x00000000       0x4a ..\obj\stm32f10x_tim.o
 .text.TIM_GenerateEvent
                0x00000000       0x1c ..\obj\stm32f10x_tim.o
 .text.TIM_DMAConfig
                0x00000000       0x28 ..\obj\stm32f10x_tim.o
 .text.TIM_DMACmd
                0x00000000       0x46 ..\obj\stm32f10x_tim.o
 .text.TIM_InternalClockConfig
                0x00000000       0x22 ..\obj\stm32f10x_tim.o
 .text.TIM_ITRxExternalClockConfig
                0x00000000       0x2e ..\obj\stm32f10x_tim.o
 .text.TIM_TIxExternalClockConfig
                0x00000000       0x5c ..\obj\stm32f10x_tim.o
 .text.TIM_ETRClockMode1Config
                0x00000000       0x5e ..\obj\stm32f10x_tim.o
 .text.TIM_ETRClockMode2Config
                0x00000000       0x3e ..\obj\stm32f10x_tim.o
 .text.TIM_ETRConfig
                0x00000000       0x52 ..\obj\stm32f10x_tim.o
 .text.TIM_PrescalerConfig
                0x00000000       0x26 ..\obj\stm32f10x_tim.o
 .text.TIM_CounterModeConfig
                0x00000000       0x36 ..\obj\stm32f10x_tim.o
 .text.TIM_SelectInputTrigger
                0x00000000       0x36 ..\obj\stm32f10x_tim.o
 .text.TIM_EncoderInterfaceConfig
                0x00000000       0x96 ..\obj\stm32f10x_tim.o
 .text.TIM_ForcedOC1Config
                0x00000000       0x36 ..\obj\stm32f10x_tim.o
 .text.TIM_ForcedOC2Config
                0x00000000       0x3a ..\obj\stm32f10x_tim.o
 .text.TIM_ForcedOC3Config
                0x00000000       0x36 ..\obj\stm32f10x_tim.o
 .text.TIM_ForcedOC4Config
                0x00000000       0x3a ..\obj\stm32f10x_tim.o
 .text.TIM_ARRPreloadConfig
                0x00000000       0x3e ..\obj\stm32f10x_tim.o
 .text.TIM_SelectCOM
                0x00000000       0x3e ..\obj\stm32f10x_tim.o
 .text.TIM_SelectCCDMA
                0x00000000       0x3e ..\obj\stm32f10x_tim.o
 .text.TIM_CCPreloadControl
                0x00000000       0x3e ..\obj\stm32f10x_tim.o
 .text.TIM_OC1PreloadConfig
                0x00000000       0x36 ..\obj\stm32f10x_tim.o
 .text.TIM_OC2PreloadConfig
                0x00000000       0x3a ..\obj\stm32f10x_tim.o
 .text.TIM_OC3PreloadConfig
                0x00000000       0x36 ..\obj\stm32f10x_tim.o
 .text.TIM_OC4PreloadConfig
                0x00000000       0x3a ..\obj\stm32f10x_tim.o
 .text.TIM_OC1FastConfig
                0x00000000       0x36 ..\obj\stm32f10x_tim.o
 .text.TIM_OC2FastConfig
                0x00000000       0x3a ..\obj\stm32f10x_tim.o
 .text.TIM_OC3FastConfig
                0x00000000       0x36 ..\obj\stm32f10x_tim.o
 .text.TIM_OC4FastConfig
                0x00000000       0x3a ..\obj\stm32f10x_tim.o
 .text.TIM_ClearOC1Ref
                0x00000000       0x36 ..\obj\stm32f10x_tim.o
 .text.TIM_ClearOC2Ref
                0x00000000       0x3a ..\obj\stm32f10x_tim.o
 .text.TIM_ClearOC3Ref
                0x00000000       0x36 ..\obj\stm32f10x_tim.o
 .text.TIM_ClearOC4Ref
                0x00000000       0x3a ..\obj\stm32f10x_tim.o
 .text.TIM_OC1PolarityConfig
                0x00000000       0x36 ..\obj\stm32f10x_tim.o
 .text.TIM_OC1NPolarityConfig
                0x00000000       0x36 ..\obj\stm32f10x_tim.o
 .text.TIM_OC2PolarityConfig
                0x00000000       0x3a ..\obj\stm32f10x_tim.o
 .text.TIM_OC2NPolarityConfig
                0x00000000       0x3a ..\obj\stm32f10x_tim.o
 .text.TIM_OC3PolarityConfig
                0x00000000       0x3a ..\obj\stm32f10x_tim.o
 .text.TIM_OC3NPolarityConfig
                0x00000000       0x3a ..\obj\stm32f10x_tim.o
 .text.TIM_OC4PolarityConfig
                0x00000000       0x3a ..\obj\stm32f10x_tim.o
 .text.TIM_CCxCmd
                0x00000000       0x54 ..\obj\stm32f10x_tim.o
 .text.TIM_CCxNCmd
                0x00000000       0x54 ..\obj\stm32f10x_tim.o
 .text.TIM_SelectOCxM
                0x00000000       0xae ..\obj\stm32f10x_tim.o
 .text.TIM_UpdateDisableConfig
                0x00000000       0x3e ..\obj\stm32f10x_tim.o
 .text.TIM_UpdateRequestConfig
                0x00000000       0x3e ..\obj\stm32f10x_tim.o
 .text.TIM_SelectHallSensor
                0x00000000       0x3e ..\obj\stm32f10x_tim.o
 .text.TIM_SelectOnePulseMode
                0x00000000       0x36 ..\obj\stm32f10x_tim.o
 .text.TIM_SelectOutputTrigger
                0x00000000       0x36 ..\obj\stm32f10x_tim.o
 .text.TIM_SelectSlaveMode
                0x00000000       0x36 ..\obj\stm32f10x_tim.o
 .text.TIM_SelectMasterSlaveMode
                0x00000000       0x36 ..\obj\stm32f10x_tim.o
 .text.TIM_SetCounter
                0x00000000       0x1c ..\obj\stm32f10x_tim.o
 .text.TIM_SetAutoreload
                0x00000000       0x1c ..\obj\stm32f10x_tim.o
 .text.TIM_SetCompare1
                0x00000000       0x1c ..\obj\stm32f10x_tim.o
 .text.TIM_SetCompare2
                0x00000000       0x1c ..\obj\stm32f10x_tim.o
 .text.TIM_SetCompare3
                0x00000000       0x1c ..\obj\stm32f10x_tim.o
 .text.TIM_SetCompare4
                0x00000000       0x1e ..\obj\stm32f10x_tim.o
 .text.TIM_SetIC1Prescaler
                0x00000000       0x36 ..\obj\stm32f10x_tim.o
 .text.TIM_SetIC2Prescaler
                0x00000000       0x3a ..\obj\stm32f10x_tim.o
 .text.TIM_SetIC3Prescaler
                0x00000000       0x36 ..\obj\stm32f10x_tim.o
 .text.TIM_SetIC4Prescaler
                0x00000000       0x3a ..\obj\stm32f10x_tim.o
 .text.TIM_SetClockDivision
                0x00000000       0x36 ..\obj\stm32f10x_tim.o
 .text.TIM_GetCapture1
                0x00000000       0x18 ..\obj\stm32f10x_tim.o
 .text.TIM_GetCapture2
                0x00000000       0x18 ..\obj\stm32f10x_tim.o
 .text.TIM_GetCapture3
                0x00000000       0x18 ..\obj\stm32f10x_tim.o
 .text.TIM_GetCapture4
                0x00000000       0x1a ..\obj\stm32f10x_tim.o
 .text.TIM_GetCounter
                0x00000000       0x18 ..\obj\stm32f10x_tim.o
 .text.TIM_GetPrescaler
                0x00000000       0x18 ..\obj\stm32f10x_tim.o
 .text.TIM_GetFlagStatus
                0x00000000       0x36 ..\obj\stm32f10x_tim.o
 .text.TIM_ClearFlag
                0x00000000       0x20 ..\obj\stm32f10x_tim.o
 .text.TI1_Config
                0x00000000       0xe0 ..\obj\stm32f10x_tim.o
 .text.TI2_Config
                0x00000000       0xf4 ..\obj\stm32f10x_tim.o
 .text.TI3_Config
                0x00000000       0xec ..\obj\stm32f10x_tim.o
 .text.TI4_Config
                0x00000000       0xf8 ..\obj\stm32f10x_tim.o
 .text          0x00000000        0x0 ..\obj\system_stm32f10x.o
 .bss           0x00000000        0x0 ..\obj\system_stm32f10x.o
 .text.SetSysClock
                0x00000000        0xc ..\obj\system_stm32f10x.o
 .text.SetSysClockTo72
                0x00000000      0x100 ..\obj\system_stm32f10x.o
 .text          0x00000000        0x0 ..\obj\TCS_Tracer2019.o
 .data          0x00000000        0x0 ..\obj\TCS_Tracer2019.o
 .text.TCS_Get_RAW
                0x00000000       0x50 ..\obj\TCS_Tracer2019.o
 .text.IWDG_Reset_Init
                0x00000000       0x38 ..\obj\TCS_Tracer2019.o
 .text          0x00000000        0x0 ..\obj\startup_stm32f10x_md.o
 .data          0x00000000        0x0 ..\obj\startup_stm32f10x_md.o
 .bss           0x00000000        0x0 ..\obj\startup_stm32f10x_md.o
 .text          0x00000000        0x0 ..\obj\stm32f10x_gpio.o
 .data          0x00000000        0x0 ..\obj\stm32f10x_gpio.o
 .bss           0x00000000        0x0 ..\obj\stm32f10x_gpio.o
 .text.GPIO_DeInit
                0x00000000       0xe4 ..\obj\stm32f10x_gpio.o
 .text.GPIO_AFIODeInit
                0x00000000       0x18 ..\obj\stm32f10x_gpio.o
 .text.GPIO_StructInit
                0x00000000       0x26 ..\obj\stm32f10x_gpio.o
 .text.GPIO_ReadInputDataBit
                0x00000000       0x32 ..\obj\stm32f10x_gpio.o
 .text.GPIO_ReadInputData
                0x00000000       0x18 ..\obj\stm32f10x_gpio.o
 .text.GPIO_ReadOutputDataBit
                0x00000000       0x32 ..\obj\stm32f10x_gpio.o
 .text.GPIO_ReadOutputData
                0x00000000       0x18 ..\obj\stm32f10x_gpio.o
 .text.GPIO_SetBits
                0x00000000       0x1c ..\obj\stm32f10x_gpio.o
 .text.GPIO_ResetBits
                0x00000000       0x1c ..\obj\stm32f10x_gpio.o
 .text.GPIO_WriteBit
                0x00000000       0x2e ..\obj\stm32f10x_gpio.o
 .text.GPIO_Write
                0x00000000       0x1c ..\obj\stm32f10x_gpio.o
 .text.GPIO_PinLockConfig
                0x00000000       0x42 ..\obj\stm32f10x_gpio.o
 .text.GPIO_EventOutputConfig
                0x00000000       0x4c ..\obj\stm32f10x_gpio.o
 .text.GPIO_EventOutputCmd
                0x00000000       0x20 ..\obj\stm32f10x_gpio.o
 .text.GPIO_PinRemapConfig
                0x00000000       0xe0 ..\obj\stm32f10x_gpio.o
 .text.GPIO_EXTILineConfig
                0x00000000       0x80 ..\obj\stm32f10x_gpio.o
 .text.GPIO_ETH_MediaInterfaceConfig
                0x00000000       0x1c ..\obj\stm32f10x_gpio.o
 .text          0x00000000        0x0 ..\obj\i2c_vl530x.o
 .data          0x00000000        0x0 ..\obj\i2c_vl530x.o
 .bss           0x00000000        0x0 ..\obj\i2c_vl530x.o
 .text          0x00000000        0x0 ..\obj\main.o
 .bss           0x00000000        0x4 ..\obj\main.o
 .text          0x00000000        0x0 ..\obj\stm32f10x_rcc.o
 .bss           0x00000000        0x0 ..\obj\stm32f10x_rcc.o
 .text.RCC_AdjustHSICalibrationValue
                0x00000000       0x3c ..\obj\stm32f10x_rcc.o
 .text.RCC_HSICmd
                0x00000000       0x20 ..\obj\stm32f10x_rcc.o
 .text.RCC_ITConfig
                0x00000000       0x4c ..\obj\stm32f10x_rcc.o
 .text.RCC_USBCLKConfig
                0x00000000       0x1c ..\obj\stm32f10x_rcc.o
 .text.RCC_LSEConfig
                0x00000000       0x40 ..\obj\stm32f10x_rcc.o
 .text.RCC_LSICmd
                0x00000000       0x20 ..\obj\stm32f10x_rcc.o
 .text.RCC_RTCCLKConfig
                0x00000000       0x24 ..\obj\stm32f10x_rcc.o
 .text.RCC_RTCCLKCmd
                0x00000000       0x20 ..\obj\stm32f10x_rcc.o
 .text.RCC_APB2PeriphResetCmd
                0x00000000       0x3c ..\obj\stm32f10x_rcc.o
 .text.RCC_BackupResetCmd
                0x00000000       0x20 ..\obj\stm32f10x_rcc.o
 .text.RCC_ClockSecuritySystemCmd
                0x00000000       0x20 ..\obj\stm32f10x_rcc.o
 .text.RCC_MCOConfig
                0x00000000       0x20 ..\obj\stm32f10x_rcc.o
 .text.RCC_ClearFlag
                0x00000000       0x1c ..\obj\stm32f10x_rcc.o
 .text.RCC_GetITStatus
                0x00000000       0x34 ..\obj\stm32f10x_rcc.o
 .text.RCC_ClearITPendingBit
                0x00000000       0x20 ..\obj\stm32f10x_rcc.o
 .text          0x00000000        0x0 ..\obj\stm32f10x_adc.o
 .data          0x00000000        0x0 ..\obj\stm32f10x_adc.o
 .bss           0x00000000        0x0 ..\obj\stm32f10x_adc.o
 .text.ADC_DeInit
                0x00000000       0x74 ..\obj\stm32f10x_adc.o
 .text.ADC_StructInit
                0x00000000       0x36 ..\obj\stm32f10x_adc.o
 .text.ADC_ITConfig
                0x00000000       0x44 ..\obj\stm32f10x_adc.o
 .text.ADC_GetSoftwareStartConvStatus
                0x00000000       0x2e ..\obj\stm32f10x_adc.o
 .text.ADC_DiscModeChannelCountConfig
                0x00000000       0x42 ..\obj\stm32f10x_adc.o
 .text.ADC_DiscModeCmd
                0x00000000       0x36 ..\obj\stm32f10x_adc.o
 .text.ADC_ExternalTrigConvCmd
                0x00000000       0x36 ..\obj\stm32f10x_adc.o
 .text.ADC_GetConversionValue
                0x00000000       0x18 ..\obj\stm32f10x_adc.o
 .text.ADC_GetDualModeConversionValue
                0x00000000       0x14 ..\obj\stm32f10x_adc.o
 .text.ADC_AutoInjectedConvCmd
                0x00000000       0x36 ..\obj\stm32f10x_adc.o
 .text.ADC_InjectedDiscModeCmd
                0x00000000       0x36 ..\obj\stm32f10x_adc.o
 .text.ADC_ExternalTrigInjectedConvConfig
                0x00000000       0x34 ..\obj\stm32f10x_adc.o
 .text.ADC_ExternalTrigInjectedConvCmd
                0x00000000       0x36 ..\obj\stm32f10x_adc.o
 .text.ADC_SoftwareStartInjectedConvCmd
                0x00000000       0x36 ..\obj\stm32f10x_adc.o
 .text.ADC_GetSoftwareStartInjectedConvCmdStatus
                0x00000000       0x2e ..\obj\stm32f10x_adc.o
 .text.ADC_InjectedChannelConfig
                0x00000000      0x120 ..\obj\stm32f10x_adc.o
 .text.ADC_InjectedSequencerLengthConfig
                0x00000000       0x42 ..\obj\stm32f10x_adc.o
 .text.ADC_SetInjectedOffset
                0x00000000       0x32 ..\obj\stm32f10x_adc.o
 .text.ADC_GetInjectedConversionValue
                0x00000000       0x2e ..\obj\stm32f10x_adc.o
 .text.ADC_AnalogWatchdogCmd
                0x00000000       0x38 ..\obj\stm32f10x_adc.o
 .text.ADC_AnalogWatchdogThresholdsConfig
                0x00000000       0x26 ..\obj\stm32f10x_adc.o
 .text.ADC_AnalogWatchdogSingleChannelConfig
                0x00000000       0x36 ..\obj\stm32f10x_adc.o
 .text.ADC_TempSensorVrefintCmd
                0x00000000       0x38 ..\obj\stm32f10x_adc.o
 .text.ADC_GetFlagStatus
                0x00000000       0x32 ..\obj\stm32f10x_adc.o
 .text.ADC_ClearFlag
                0x00000000       0x1e ..\obj\stm32f10x_adc.o
 .text.ADC_GetITStatus
                0x00000000       0x54 ..\obj\stm32f10x_adc.o
 .text.ADC_ClearITPendingBit
                0x00000000       0x2a ..\obj\stm32f10x_adc.o
 .text          0x00000000        0x0 ..\obj\stm32f10x_usart.o
 .data          0x00000000        0x0 ..\obj\stm32f10x_usart.o
 .bss           0x00000000        0x0 ..\obj\stm32f10x_usart.o
 .text.USART_DeInit
                0x00000000       0xb8 ..\obj\stm32f10x_usart.o
 .text.USART_StructInit
                0x00000000       0x38 ..\obj\stm32f10x_usart.o
 .text.USART_ClockInit
                0x00000000       0x56 ..\obj\stm32f10x_usart.o
 .text.USART_ClockStructInit
                0x00000000       0x2a ..\obj\stm32f10x_usart.o
 .text.USART_ITConfig
                0x00000000       0x8e ..\obj\stm32f10x_usart.o
 .text.USART_DMACmd
                0x00000000       0x46 ..\obj\stm32f10x_usart.o
 .text.USART_SetAddress
                0x00000000       0x38 ..\obj\stm32f10x_usart.o
 .text.USART_WakeUpConfig
                0x00000000       0x36 ..\obj\stm32f10x_usart.o
 .text.USART_ReceiverWakeUpCmd
                0x00000000       0x3e ..\obj\stm32f10x_usart.o
 .text.USART_LINBreakDetectLengthConfig
                0x00000000       0x36 ..\obj\stm32f10x_usart.o
 .text.USART_LINCmd
                0x00000000       0x3e ..\obj\stm32f10x_usart.o
 .text.USART_ReceiveData
                0x00000000       0x1e ..\obj\stm32f10x_usart.o
 .text.USART_SendBreak
                0x00000000       0x22 ..\obj\stm32f10x_usart.o
 .text.USART_SetGuardTime
                0x00000000       0x3a ..\obj\stm32f10x_usart.o
 .text.USART_SetPrescaler
                0x00000000       0x38 ..\obj\stm32f10x_usart.o
 .text.USART_SmartCardCmd
                0x00000000       0x3e ..\obj\stm32f10x_usart.o
 .text.USART_SmartCardNACKCmd
                0x00000000       0x3e ..\obj\stm32f10x_usart.o
 .text.USART_HalfDuplexCmd
                0x00000000       0x3e ..\obj\stm32f10x_usart.o
 .text.USART_OverSampling8Cmd
                0x00000000       0x42 ..\obj\stm32f10x_usart.o
 .text.USART_OneBitMethodCmd
                0x00000000       0x3e ..\obj\stm32f10x_usart.o
 .text.USART_IrDAConfig
                0x00000000       0x36 ..\obj\stm32f10x_usart.o
 .text.USART_IrDACmd
                0x00000000       0x3e ..\obj\stm32f10x_usart.o
 .text.USART_ClearFlag
                0x00000000       0x20 ..\obj\stm32f10x_usart.o
 .text.USART_ClearITPendingBit
                0x00000000       0x38 ..\obj\stm32f10x_usart.o
 .text          0x00000000        0x0 ..\obj\Tracer_2019.o
 .text.USART2_Init
                0x00000000       0xc4 ..\obj\Tracer_2019.o
 .text.Reset_Pin_Init
                0x00000000       0x34 ..\obj\Tracer_2019.o
 .text.Tracer_Get_Value
                0x00000000      0x1d8 ..\obj\Tracer_2019.o
 .text.Tracer_Get_Colour
                0x00000000       0x58 ..\obj\Tracer_2019.o
 .text.Tracer_Get_Rule
                0x00000000       0x1e ..\obj\Tracer_2019.o
 .text          0x00000000        0x0 ..\obj\syscalls.o
 .data          0x00000000        0x0 ..\obj\syscalls.o
 .bss           0x00000000        0x4 ..\obj\syscalls.o
 .text._sbrk    0x00000000       0x3c ..\obj\syscalls.o
 .text.link     0x00000000       0x18 ..\obj\syscalls.o
 .text._close   0x00000000       0x16 ..\obj\syscalls.o
 .text._fstat   0x00000000       0x1e ..\obj\syscalls.o
 .text._isatty  0x00000000       0x14 ..\obj\syscalls.o
 .text._lseek   0x00000000       0x18 ..\obj\syscalls.o
 .text._read    0x00000000       0x18 ..\obj\syscalls.o
 .text._write   0x00000000       0x18 ..\obj\syscalls.o
 .text.abort    0x00000000        0x6 ..\obj\syscalls.o
 .debug_info    0x00000000      0xc98 ..\obj\syscalls.o
 .debug_abbrev  0x00000000      0x20d ..\obj\syscalls.o
 .debug_aranges
                0x00000000       0x60 ..\obj\syscalls.o
 .debug_ranges  0x00000000       0x50 ..\obj\syscalls.o
 .debug_line    0x00000000      0x352 ..\obj\syscalls.o
 .debug_str     0x00000000      0x813 ..\obj\syscalls.o
 .comment       0x00000000       0x80 ..\obj\syscalls.o
 .debug_frame   0x00000000      0x168 ..\obj\syscalls.o
 .ARM.attributes
                0x00000000       0x33 ..\obj\syscalls.o
 .text          0x00000000        0x0 ..\obj\MZ_VL53L0X.o
 .data          0x00000000        0x0 ..\obj\MZ_VL53L0X.o
 .bss           0x00000000        0x0 ..\obj\MZ_VL53L0X.o
 .text.VL53L0X_setAddress
                0x00000000       0x2c ..\obj\MZ_VL53L0X.o
 .text.VL53L0X_readReg32Bit
                0x00000000       0x64 ..\obj\MZ_VL53L0X.o
 .text.VL53L0X_getSignalRateLimit
                0x00000000       0x2e ..\obj\MZ_VL53L0X.o
 .text.VL53L0X_stopContinuous
                0x00000000       0x4c ..\obj\MZ_VL53L0X.o
 .text.VL53L0X_readRangeSingleMillimeters
                0x00000000       0x9e ..\obj\MZ_VL53L0X.o
 .text.VL53L0X_timeoutOccurred
                0x00000000       0x20 ..\obj\MZ_VL53L0X.o
 .text          0x00000000        0x0 ..\obj\adc_comp.o
 .bss           0x00000000        0x8 ..\obj\adc_comp.o
 .text.ADC_Config_X
                0x00000000       0x98 ..\obj\adc_comp.o
 .text.ADC_Config_GPIOA
                0x00000000       0xb4 ..\obj\adc_comp.o
 .text.ADC_Config_GPIOB
                0x00000000       0xb4 ..\obj\adc_comp.o
 .text.ADCInit  0x00000000       0x80 ..\obj\adc_comp.o
 .text.GetADCChanel
                0x00000000       0x44 ..\obj\adc_comp.o
 .text.ADC_Calibration
                0x00000000       0x34 ..\obj\adc_comp.o
 .text.ADC1_Read
                0x00000000       0x28 ..\obj\adc_comp.o
 .text.Sharp_Distance_Calc
                0x00000000       0x14 ..\obj\adc_comp.o
 .text.SHARP_IR_read
                0x00000000      0x428 ..\obj\adc_comp.o
 .text.SHARP_FL_read
                0x00000000       0xc4 ..\obj\adc_comp.o
 .text.SHARP_BUMPER_LEFT_Read
                0x00000000       0xd4 ..\obj\adc_comp.o
 .text.SHARP_BUMPER_RIGHT_Read
                0x00000000       0xd8 ..\obj\adc_comp.o
 .text.Stair_Read
                0x00000000       0xd8 ..\obj\adc_comp.o
 COMMON         0x00000000        0xa ..\obj\adc_comp.o
 .text          0x00000000        0x0 ..\obj\stm32f10x_dma.o
 .data          0x00000000        0x0 ..\obj\stm32f10x_dma.o
 .bss           0x00000000        0x0 ..\obj\stm32f10x_dma.o
 .text.DMA_DeInit
                0x00000000      0x178 ..\obj\stm32f10x_dma.o
 .text.DMA_StructInit
                0x00000000       0x54 ..\obj\stm32f10x_dma.o
 .text.DMA_ITConfig
                0x00000000       0x3a ..\obj\stm32f10x_dma.o
 .text.DMA_SetCurrDataCounter
                0x00000000       0x1c ..\obj\stm32f10x_dma.o
 .text.DMA_GetCurrDataCounter
                0x00000000       0x18 ..\obj\stm32f10x_dma.o
 .text.DMA_GetFlagStatus
                0x00000000       0x50 ..\obj\stm32f10x_dma.o
 .text.DMA_ClearFlag
                0x00000000       0x34 ..\obj\stm32f10x_dma.o
 .text.DMA_GetITStatus
                0x00000000       0x50 ..\obj\stm32f10x_dma.o
 .text.DMA_ClearITPendingBit
                0x00000000       0x34 ..\obj\stm32f10x_dma.o
 .text          0x00000000        0x0 ..\obj\misc.o
 .data          0x00000000        0x0 ..\obj\misc.o
 .bss           0x00000000        0x0 ..\obj\misc.o
 .text.NVIC_PriorityGroupConfig
                0x00000000       0x24 ..\obj\misc.o
 .text.NVIC_SetVectorTable
                0x00000000       0x2c ..\obj\misc.o
 .text.NVIC_SystemLPConfig
                0x00000000       0x40 ..\obj\misc.o
 .text.SysTick_CLKSourceConfig
                0x00000000       0x38 ..\obj\misc.o
 .text          0x00000000        0x0 ..\obj\stm32f10x_i2c.o
 .data          0x00000000        0x0 ..\obj\stm32f10x_i2c.o
 .bss           0x00000000        0x0 ..\obj\stm32f10x_i2c.o
 .text.I2C_StructInit
                0x00000000       0x3c ..\obj\stm32f10x_i2c.o
 .text.I2C_DMACmd
                0x00000000       0x3e ..\obj\stm32f10x_i2c.o
 .text.I2C_DMALastTransferCmd
                0x00000000       0x3e ..\obj\stm32f10x_i2c.o
 .text.I2C_OwnAddress2Config
                0x00000000       0x42 ..\obj\stm32f10x_i2c.o
 .text.I2C_DualAddressCmd
                0x00000000       0x3e ..\obj\stm32f10x_i2c.o
 .text.I2C_GeneralCallCmd
                0x00000000       0x3e ..\obj\stm32f10x_i2c.o
 .text.I2C_ITConfig
                0x00000000       0x46 ..\obj\stm32f10x_i2c.o
 .text.I2C_ReadRegister
                0x00000000       0x2c ..\obj\stm32f10x_i2c.o
 .text.I2C_NACKPositionConfig
                0x00000000       0x40 ..\obj\stm32f10x_i2c.o
 .text.I2C_SMBusAlertConfig
                0x00000000       0x40 ..\obj\stm32f10x_i2c.o
 .text.I2C_TransmitPEC
                0x00000000       0x3e ..\obj\stm32f10x_i2c.o
 .text.I2C_PECPositionConfig
                0x00000000       0x40 ..\obj\stm32f10x_i2c.o
 .text.I2C_CalculatePEC
                0x00000000       0x3e ..\obj\stm32f10x_i2c.o
 .text.I2C_GetPEC
                0x00000000       0x1e ..\obj\stm32f10x_i2c.o
 .text.I2C_ARPCmd
                0x00000000       0x3e ..\obj\stm32f10x_i2c.o
 .text.I2C_StretchClockCmd
                0x00000000       0x3e ..\obj\stm32f10x_i2c.o
 .text.I2C_FastModeDutyCycleConfig
                0x00000000       0x40 ..\obj\stm32f10x_i2c.o
 .text.I2C_CheckEvent
                0x00000000       0x5e ..\obj\stm32f10x_i2c.o
 .text.I2C_GetLastEvent
                0x00000000       0x42 ..\obj\stm32f10x_i2c.o
 .text.I2C_ClearFlag
                0x00000000       0x2c ..\obj\stm32f10x_i2c.o
 .text.I2C_GetITStatus
                0x00000000       0x58 ..\obj\stm32f10x_i2c.o
 .text.I2C_ClearITPendingBit
                0x00000000       0x2c ..\obj\stm32f10x_i2c.o
 .text          0x00000000        0x0 ..\obj\stm32f10x_iwdg.o
 .data          0x00000000        0x0 ..\obj\stm32f10x_iwdg.o
 .bss           0x00000000        0x0 ..\obj\stm32f10x_iwdg.o
 .text.IWDG_WriteAccessCmd
                0x00000000       0x20 ..\obj\stm32f10x_iwdg.o
 .text.IWDG_SetPrescaler
                0x00000000       0x20 ..\obj\stm32f10x_iwdg.o
 .text.IWDG_SetReload
                0x00000000       0x20 ..\obj\stm32f10x_iwdg.o
 .text.IWDG_ReloadCounter
                0x00000000       0x18 ..\obj\stm32f10x_iwdg.o
 .text.IWDG_Enable
                0x00000000       0x18 ..\obj\stm32f10x_iwdg.o
 .text.IWDG_GetFlagStatus
                0x00000000       0x34 ..\obj\stm32f10x_iwdg.o
 .debug_info    0x00000000      0x213 ..\obj\stm32f10x_iwdg.o
 .debug_abbrev  0x00000000      0x130 ..\obj\stm32f10x_iwdg.o
 .debug_aranges
                0x00000000       0x48 ..\obj\stm32f10x_iwdg.o
 .debug_ranges  0x00000000       0x38 ..\obj\stm32f10x_iwdg.o
 .debug_line    0x00000000      0x396 ..\obj\stm32f10x_iwdg.o
 .debug_str     0x00000000      0x39b ..\obj\stm32f10x_iwdg.o
 .comment       0x00000000       0x80 ..\obj\stm32f10x_iwdg.o
 .debug_frame   0x00000000       0xf0 ..\obj\stm32f10x_iwdg.o
 .ARM.attributes
                0x00000000       0x33 ..\obj\stm32f10x_iwdg.o
 .data          0x00000000        0x0 c:/program files (x86)/gnu tools arm embedded/7 2018-q2-update/bin/../lib/gcc/arm-none-eabi/7.3.1/thumb/v7-m\libgcc.a(_arm_addsubdf3.o)
 .bss           0x00000000        0x0 c:/program files (x86)/gnu tools arm embedded/7 2018-q2-update/bin/../lib/gcc/arm-none-eabi/7.3.1/thumb/v7-m\libgcc.a(_arm_addsubdf3.o)
 .text          0x00000000      0x424 c:/program files (x86)/gnu tools arm embedded/7 2018-q2-update/bin/../lib/gcc/arm-none-eabi/7.3.1/thumb/v7-m\libgcc.a(_arm_muldivdf3.o)
 .data          0x00000000        0x0 c:/program files (x86)/gnu tools arm embedded/7 2018-q2-update/bin/../lib/gcc/arm-none-eabi/7.3.1/thumb/v7-m\libgcc.a(_arm_muldivdf3.o)
 .bss           0x00000000        0x0 c:/program files (x86)/gnu tools arm embedded/7 2018-q2-update/bin/../lib/gcc/arm-none-eabi/7.3.1/thumb/v7-m\libgcc.a(_arm_muldivdf3.o)
 .debug_frame   0x00000000       0x50 c:/program files (x86)/gnu tools arm embedded/7 2018-q2-update/bin/../lib/gcc/arm-none-eabi/7.3.1/thumb/v7-m\libgcc.a(_arm_muldivdf3.o)
 .ARM.attributes
                0x00000000       0x1d c:/program files (x86)/gnu tools arm embedded/7 2018-q2-update/bin/../lib/gcc/arm-none-eabi/7.3.1/thumb/v7-m\libgcc.a(_arm_muldivdf3.o)
 .data          0x00000000        0x0 c:/program files (x86)/gnu tools arm embedded/7 2018-q2-update/bin/../lib/gcc/arm-none-eabi/7.3.1/thumb/v7-m\libgcc.a(_arm_cmpdf2.o)
 .bss           0x00000000        0x0 c:/program files (x86)/gnu tools arm embedded/7 2018-q2-update/bin/../lib/gcc/arm-none-eabi/7.3.1/thumb/v7-m\libgcc.a(_arm_cmpdf2.o)
 .text          0x00000000       0x50 c:/program files (x86)/gnu tools arm embedded/7 2018-q2-update/bin/../lib/gcc/arm-none-eabi/7.3.1/thumb/v7-m\libgcc.a(_arm_fixdfsi.o)
 .data          0x00000000        0x0 c:/program files (x86)/gnu tools arm embedded/7 2018-q2-update/bin/../lib/gcc/arm-none-eabi/7.3.1/thumb/v7-m\libgcc.a(_arm_fixdfsi.o)
 .bss           0x00000000        0x0 c:/program files (x86)/gnu tools arm embedded/7 2018-q2-update/bin/../lib/gcc/arm-none-eabi/7.3.1/thumb/v7-m\libgcc.a(_arm_fixdfsi.o)
 .debug_frame   0x00000000       0x24 c:/program files (x86)/gnu tools arm embedded/7 2018-q2-update/bin/../lib/gcc/arm-none-eabi/7.3.1/thumb/v7-m\libgcc.a(_arm_fixdfsi.o)
 .ARM.attributes
                0x00000000       0x1d c:/program files (x86)/gnu tools arm embedded/7 2018-q2-update/bin/../lib/gcc/arm-none-eabi/7.3.1/thumb/v7-m\libgcc.a(_arm_fixdfsi.o)
 .text          0x00000000       0xa0 c:/program files (x86)/gnu tools arm embedded/7 2018-q2-update/bin/../lib/gcc/arm-none-eabi/7.3.1/thumb/v7-m\libgcc.a(_arm_truncdfsf2.o)
 .data          0x00000000        0x0 c:/program files (x86)/gnu tools arm embedded/7 2018-q2-update/bin/../lib/gcc/arm-none-eabi/7.3.1/thumb/v7-m\libgcc.a(_arm_truncdfsf2.o)
 .bss           0x00000000        0x0 c:/program files (x86)/gnu tools arm embedded/7 2018-q2-update/bin/../lib/gcc/arm-none-eabi/7.3.1/thumb/v7-m\libgcc.a(_arm_truncdfsf2.o)
 .debug_frame   0x00000000       0x24 c:/program files (x86)/gnu tools arm embedded/7 2018-q2-update/bin/../lib/gcc/arm-none-eabi/7.3.1/thumb/v7-m\libgcc.a(_arm_truncdfsf2.o)
 .ARM.attributes
                0x00000000       0x1d c:/program files (x86)/gnu tools arm embedded/7 2018-q2-update/bin/../lib/gcc/arm-none-eabi/7.3.1/thumb/v7-m\libgcc.a(_arm_truncdfsf2.o)
 .text          0x00000000      0x21c c:/program files (x86)/gnu tools arm embedded/7 2018-q2-update/bin/../lib/gcc/arm-none-eabi/7.3.1/thumb/v7-m\libgcc.a(_arm_addsubsf3.o)
 .data          0x00000000        0x0 c:/program files (x86)/gnu tools arm embedded/7 2018-q2-update/bin/../lib/gcc/arm-none-eabi/7.3.1/thumb/v7-m\libgcc.a(_arm_addsubsf3.o)
 .bss           0x00000000        0x0 c:/program files (x86)/gnu tools arm embedded/7 2018-q2-update/bin/../lib/gcc/arm-none-eabi/7.3.1/thumb/v7-m\libgcc.a(_arm_addsubsf3.o)
 .debug_frame   0x00000000       0x4c c:/program files (x86)/gnu tools arm embedded/7 2018-q2-update/bin/../lib/gcc/arm-none-eabi/7.3.1/thumb/v7-m\libgcc.a(_arm_addsubsf3.o)
 .ARM.attributes
                0x00000000       0x1d c:/program files (x86)/gnu tools arm embedded/7 2018-q2-update/bin/../lib/gcc/arm-none-eabi/7.3.1/thumb/v7-m\libgcc.a(_arm_addsubsf3.o)
 .data          0x00000000        0x0 c:/program files (x86)/gnu tools arm embedded/7 2018-q2-update/bin/../lib/gcc/arm-none-eabi/7.3.1/thumb/v7-m\libgcc.a(_arm_muldivsf3.o)
 .bss           0x00000000        0x0 c:/program files (x86)/gnu tools arm embedded/7 2018-q2-update/bin/../lib/gcc/arm-none-eabi/7.3.1/thumb/v7-m\libgcc.a(_arm_muldivsf3.o)
 .data          0x00000000        0x0 c:/program files (x86)/gnu tools arm embedded/7 2018-q2-update/bin/../lib/gcc/arm-none-eabi/7.3.1/thumb/v7-m\libgcc.a(_arm_cmpsf2.o)
 .bss           0x00000000        0x0 c:/program files (x86)/gnu tools arm embedded/7 2018-q2-update/bin/../lib/gcc/arm-none-eabi/7.3.1/thumb/v7-m\libgcc.a(_arm_cmpsf2.o)
 .text          0x00000000       0x4c c:/program files (x86)/gnu tools arm embedded/7 2018-q2-update/bin/../lib/gcc/arm-none-eabi/7.3.1/thumb/v7-m\libgcc.a(_arm_fixsfsi.o)
 .data          0x00000000        0x0 c:/program files (x86)/gnu tools arm embedded/7 2018-q2-update/bin/../lib/gcc/arm-none-eabi/7.3.1/thumb/v7-m\libgcc.a(_arm_fixsfsi.o)
 .bss           0x00000000        0x0 c:/program files (x86)/gnu tools arm embedded/7 2018-q2-update/bin/../lib/gcc/arm-none-eabi/7.3.1/thumb/v7-m\libgcc.a(_arm_fixsfsi.o)
 .debug_frame   0x00000000       0x24 c:/program files (x86)/gnu tools arm embedded/7 2018-q2-update/bin/../lib/gcc/arm-none-eabi/7.3.1/thumb/v7-m\libgcc.a(_arm_fixsfsi.o)
 .ARM.attributes
                0x00000000       0x1d c:/program files (x86)/gnu tools arm embedded/7 2018-q2-update/bin/../lib/gcc/arm-none-eabi/7.3.1/thumb/v7-m\libgcc.a(_arm_fixsfsi.o)
 .data          0x00000000        0x0 c:/program files (x86)/gnu tools arm embedded/7 2018-q2-update/bin/../lib/gcc/arm-none-eabi/7.3.1/thumb/v7-m\libgcc.a(_arm_fixunssfsi.o)
 .bss           0x00000000        0x0 c:/program files (x86)/gnu tools arm embedded/7 2018-q2-update/bin/../lib/gcc/arm-none-eabi/7.3.1/thumb/v7-m\libgcc.a(_arm_fixunssfsi.o)

Memory Configuration

Name             Origin             Length             Attributes
rom              0x08000000         0x00010000         xr
ram              0x20000000         0x00005000         xrw
*default*        0x00000000         0xffffffff

Linker script and memory map

                0x20005000                _eram = 0x20005000

.text           0x08000000     0x4bfc
 *(.isr_vector)
 .isr_vector    0x08000000      0x10c ..\obj\startup_stm32f10x_md.o
                0x08000000                g_pfnVectors
 *(.text*)
 .text.NVIC_SetPriority
                0x0800010c       0x54 ..\obj\delay.o
 .text.SysTick_Config
                0x08000160       0x44 ..\obj\delay.o
 .text.SysTick_Handler
                0x080001a4       0x24 ..\obj\delay.o
                0x080001a4                SysTick_Handler
 .text.DelayInit
                0x080001c8       0x28 ..\obj\delay.o
                0x080001c8                DelayInit
 .text.DelayUs  0x080001f0       0x28 ..\obj\delay.o
                0x080001f0                DelayUs
 .text.DelayMs  0x08000218       0x24 ..\obj\delay.o
                0x08000218                DelayMs
 .text.TIM_TimeBaseInit
                0x0800023c       0xf8 ..\obj\stm32f10x_tim.o
                0x0800023c                TIM_TimeBaseInit
 .text.TIM_Cmd  0x08000334       0x3e ..\obj\stm32f10x_tim.o
                0x08000334                TIM_Cmd
 .text.TIM_ITConfig
                0x08000372       0x46 ..\obj\stm32f10x_tim.o
                0x08000372                TIM_ITConfig
 .text.TIM_GetITStatus
                0x080003b8       0x52 ..\obj\stm32f10x_tim.o
                0x080003b8                TIM_GetITStatus
 .text.TIM_ClearITPendingBit
                0x0800040a       0x20 ..\obj\stm32f10x_tim.o
                0x0800040a                TIM_ClearITPendingBit
 *fill*         0x0800042a        0x2 
 .text.SystemInit
                0x0800042c       0x88 ..\obj\system_stm32f10x.o
                0x0800042c                SystemInit
 .text.SystemCoreClockUpdate
                0x080004b4       0xd8 ..\obj\system_stm32f10x.o
                0x080004b4                SystemCoreClockUpdate
 .text.I2C1_TimeOut_LCD
                0x0800058c       0x46 ..\obj\TCS_Tracer2019.o
                0x0800058c                I2C1_TimeOut_LCD
 *fill*         0x080005d2        0x2 
 .text.TCS34725_Write_Data
                0x080005d4      0x144 ..\obj\TCS_Tracer2019.o
                0x080005d4                TCS34725_Write_Data
 .text.TCS34725_Read_data
                0x08000718      0x1e0 ..\obj\TCS_Tracer2019.o
                0x08000718                TCS34725_Read_data
 .text.TCS_GetRealData
                0x080008f8       0x98 ..\obj\TCS_Tracer2019.o
                0x080008f8                TCS_GetRealData
 .text.TCS_Get_RGB
                0x08000990      0x168 ..\obj\TCS_Tracer2019.o
                0x08000990                TCS_Get_RGB
 .text.TCS_Config
                0x08000af8       0x60 ..\obj\TCS_Tracer2019.o
                0x08000af8                TCS_Config
 .text.TCS_Get_Colour
                0x08000b58       0x48 ..\obj\TCS_Tracer2019.o
                0x08000b58                TCS_Get_Colour
 .text.TCS_Get_Rule
                0x08000ba0       0x34 ..\obj\TCS_Tracer2019.o
                0x08000ba0                TCS_Get_Rule
 .text.Default_Reset_Handler
                0x08000bd4       0x60 ..\obj\startup_stm32f10x_md.o
                0x08000bd4                Default_Reset_Handler
                0x08000bd4                Reset_Handler
 .text.Default_Handler
                0x08000c34        0x6 ..\obj\startup_stm32f10x_md.o
                0x08000c34                EXTI2_IRQHandler
                0x08000c34                DebugMon_Handler
                0x08000c34                TIM1_CC_IRQHandler
                0x08000c34                HardFault_Handler
                0x08000c34                PVD_IRQHandler
                0x08000c34                PendSV_Handler
                0x08000c34                NMI_Handler
                0x08000c34                EXTI3_IRQHandler
                0x08000c34                EXTI0_IRQHandler
                0x08000c34                I2C2_EV_IRQHandler
                0x08000c34                UsageFault_Handler
                0x08000c34                ADC1_2_IRQHandler
                0x08000c34                SPI1_IRQHandler
                0x08000c34                TAMPER_IRQHandler
                0x08000c34                DMA1_Channel4_IRQHandler
                0x08000c34                USART3_IRQHandler
                0x08000c34                RTC_IRQHandler
                0x08000c34                DMA1_Channel7_IRQHandler
                0x08000c34                CAN1_RX1_IRQHandler
                0x08000c34                I2C1_EV_IRQHandler
                0x08000c34                DMA1_Channel6_IRQHandler
                0x08000c34                TIM3_IRQHandler
                0x08000c34                RCC_IRQHandler
                0x08000c34                TIM1_TRG_COM_IRQHandler
                0x08000c34                DMA1_Channel1_IRQHandler
                0x08000c34                EXTI15_10_IRQHandler
                0x08000c34                EXTI9_5_IRQHandler
                0x08000c34                SPI2_IRQHandler
                0x08000c34                MemManage_Handler
                0x08000c34                SVC_Handler
                0x08000c34                DMA1_Channel5_IRQHandler
                0x08000c34                EXTI4_IRQHandler
                0x08000c34                USB_LP_CAN1_RX0_IRQHandler
                0x08000c34                USB_HP_CAN1_TX_IRQHandler
                0x08000c34                DMA1_Channel3_IRQHandler
                0x08000c34                TIM1_UP_IRQHandler
                0x08000c34                WWDG_IRQHandler
                0x08000c34                TIM2_IRQHandler
                0x08000c34                TIM1_BRK_IRQHandler
                0x08000c34                EXTI1_IRQHandler
                0x08000c34                RTCAlarm_IRQHandler
                0x08000c34                I2C2_ER_IRQHandler
                0x08000c34                DMA1_Channel2_IRQHandler
                0x08000c34                CAN1_SCE_IRQHandler
                0x08000c34                FLASH_IRQHandler
                0x08000c34                BusFault_Handler
                0x08000c34                I2C1_ER_IRQHandler
                0x08000c34                USBWakeUp_IRQHandler
 .text.GPIO_Init
                0x08000c3a      0x178 ..\obj\stm32f10x_gpio.o
                0x08000c3a                GPIO_Init
 *fill*         0x08000db2        0x2 
 .text.i2c1_check_error
                0x08000db4      0x100 ..\obj\i2c_vl530x.o
                0x08000db4                i2c1_check_error
 .text.init_i2c1
                0x08000eb4       0x94 ..\obj\i2c_vl530x.o
                0x08000eb4                init_i2c1
 .text.i2c_read
                0x08000f48      0x460 ..\obj\i2c_vl530x.o
                0x08000f48                i2c_read
 .text.i2c_write
                0x080013a8      0x168 ..\obj\i2c_vl530x.o
                0x080013a8                i2c_write
 .text.main     0x08001510      0x1b4 ..\obj\main.o
                0x08001510                main
 .text.RCC_DeInit
                0x080016c4       0x5c ..\obj\stm32f10x_rcc.o
                0x080016c4                RCC_DeInit
 .text.RCC_HSEConfig
                0x08001720       0x5c ..\obj\stm32f10x_rcc.o
                0x08001720                RCC_HSEConfig
 .text.RCC_WaitForHSEStartUp
                0x0800177c       0x50 ..\obj\stm32f10x_rcc.o
                0x0800177c                RCC_WaitForHSEStartUp
 .text.RCC_PLLConfig
                0x080017cc       0x3c ..\obj\stm32f10x_rcc.o
                0x080017cc                RCC_PLLConfig
 .text.RCC_PLLCmd
                0x08001808       0x20 ..\obj\stm32f10x_rcc.o
                0x08001808                RCC_PLLCmd
 .text.RCC_SYSCLKConfig
                0x08001828       0x38 ..\obj\stm32f10x_rcc.o
                0x08001828                RCC_SYSCLKConfig
 .text.RCC_GetSYSCLKSource
                0x08001860       0x1c ..\obj\stm32f10x_rcc.o
                0x08001860                RCC_GetSYSCLKSource
 .text.RCC_HCLKConfig
                0x0800187c       0x38 ..\obj\stm32f10x_rcc.o
                0x0800187c                RCC_HCLKConfig
 .text.RCC_PCLK1Config
                0x080018b4       0x38 ..\obj\stm32f10x_rcc.o
                0x080018b4                RCC_PCLK1Config
 .text.RCC_PCLK2Config
                0x080018ec       0x38 ..\obj\stm32f10x_rcc.o
                0x080018ec                RCC_PCLK2Config
 .text.RCC_ADCCLKConfig
                0x08001924       0x38 ..\obj\stm32f10x_rcc.o
                0x08001924                RCC_ADCCLKConfig
 .text.RCC_GetClocksFreq
                0x0800195c      0x160 ..\obj\stm32f10x_rcc.o
                0x0800195c                RCC_GetClocksFreq
 .text.RCC_AHBPeriphClockCmd
                0x08001abc       0x3c ..\obj\stm32f10x_rcc.o
                0x08001abc                RCC_AHBPeriphClockCmd
 .text.RCC_APB2PeriphClockCmd
                0x08001af8       0x3c ..\obj\stm32f10x_rcc.o
                0x08001af8                RCC_APB2PeriphClockCmd
 .text.RCC_APB1PeriphClockCmd
                0x08001b34       0x3c ..\obj\stm32f10x_rcc.o
                0x08001b34                RCC_APB1PeriphClockCmd
 .text.RCC_APB1PeriphResetCmd
                0x08001b70       0x3c ..\obj\stm32f10x_rcc.o
                0x08001b70                RCC_APB1PeriphResetCmd
 .text.RCC_GetFlagStatus
                0x08001bac       0x74 ..\obj\stm32f10x_rcc.o
                0x08001bac                RCC_GetFlagStatus
 .text.ADC_Init
                0x08001c20       0xa4 ..\obj\stm32f10x_adc.o
                0x08001c20                ADC_Init
 .text.ADC_Cmd  0x08001cc4       0x36 ..\obj\stm32f10x_adc.o
                0x08001cc4                ADC_Cmd
 .text.ADC_DMACmd
                0x08001cfa       0x36 ..\obj\stm32f10x_adc.o
                0x08001cfa                ADC_DMACmd
 .text.ADC_ResetCalibration
                0x08001d30       0x1e ..\obj\stm32f10x_adc.o
                0x08001d30                ADC_ResetCalibration
 .text.ADC_GetResetCalibrationStatus
                0x08001d4e       0x2e ..\obj\stm32f10x_adc.o
                0x08001d4e                ADC_GetResetCalibrationStatus
 .text.ADC_StartCalibration
                0x08001d7c       0x1e ..\obj\stm32f10x_adc.o
                0x08001d7c                ADC_StartCalibration
 .text.ADC_GetCalibrationStatus
                0x08001d9a       0x2e ..\obj\stm32f10x_adc.o
                0x08001d9a                ADC_GetCalibrationStatus
 .text.ADC_SoftwareStartConvCmd
                0x08001dc8       0x36 ..\obj\stm32f10x_adc.o
                0x08001dc8                ADC_SoftwareStartConvCmd
 .text.ADC_RegularChannelConfig
                0x08001dfe      0x192 ..\obj\stm32f10x_adc.o
                0x08001dfe                ADC_RegularChannelConfig
 .text.USART_Init
                0x08001f90      0x174 ..\obj\stm32f10x_usart.o
                0x08001f90                USART_Init
 .text.USART_Cmd
                0x08002104       0x3e ..\obj\stm32f10x_usart.o
                0x08002104                USART_Cmd
 .text.USART_SendData
                0x08002142       0x22 ..\obj\stm32f10x_usart.o
                0x08002142                USART_SendData
 .text.USART_GetFlagStatus
                0x08002164       0x36 ..\obj\stm32f10x_usart.o
                0x08002164                USART_GetFlagStatus
 .text.USART_GetITStatus
                0x0800219a       0xb4 ..\obj\stm32f10x_usart.o
                0x0800219a                USART_GetITStatus
 .text.setclockto72
                0x0800224e       0x70 ..\obj\Tracer_2019.o
                0x0800224e                setclockto72
 *fill*         0x080022be        0x2 
 .text.TIM_Init
                0x080022c0       0x70 ..\obj\Tracer_2019.o
                0x080022c0                TIM_Init
 .text.TIM4_IRQHandler
                0x08002330       0x30 ..\obj\Tracer_2019.o
                0x08002330                TIM4_IRQHandler
 .text.USART1_Init
                0x08002360       0x98 ..\obj\Tracer_2019.o
                0x08002360                USART1_Init
 .text.USART_Send
                0x080023f8       0x3e ..\obj\Tracer_2019.o
                0x080023f8                USART_Send
 *fill*         0x08002436        0x2 
 .text.I2C_Initialize
                0x08002438      0x10c ..\obj\Tracer_2019.o
                0x08002438                I2C_Initialize
 .text.USART2_IRQHandler
                0x08002544      0x2b0 ..\obj\Tracer_2019.o
                0x08002544                USART2_IRQHandler
 .text.USART1_IRQHandler
                0x080027f4      0x2b0 ..\obj\Tracer_2019.o
                0x080027f4                USART1_IRQHandler
 .text.VL53L0X_init
                0x08002aa4      0x57c ..\obj\MZ_VL53L0X.o
                0x08002aa4                VL53L0X_init
 .text.VL53L0X_writeReg
                0x08003020       0x38 ..\obj\MZ_VL53L0X.o
                0x08003020                VL53L0X_writeReg
 .text.VL53L0X_writeReg16Bit
                0x08003058       0x44 ..\obj\MZ_VL53L0X.o
                0x08003058                VL53L0X_writeReg16Bit
 .text.VL53L0X_writeReg32Bit
                0x0800309c       0x50 ..\obj\MZ_VL53L0X.o
                0x0800309c                VL53L0X_writeReg32Bit
 .text.VL53L0X_readReg
                0x080030ec       0x3c ..\obj\MZ_VL53L0X.o
                0x080030ec                VL53L0X_readReg
 .text.VL53L0X_readReg16Bit
                0x08003128       0x4e ..\obj\MZ_VL53L0X.o
                0x08003128                VL53L0X_readReg16Bit
 .text.VL53L0X_writeMulti
                0x08003176       0x42 ..\obj\MZ_VL53L0X.o
                0x08003176                VL53L0X_writeMulti
 .text.VL53L0X_readMulti
                0x080031b8       0x42 ..\obj\MZ_VL53L0X.o
                0x080031b8                VL53L0X_readMulti
 *fill*         0x080031fa        0x6 
 .text.VL53L0X_setSignalRateLimit
                0x08003200       0x68 ..\obj\MZ_VL53L0X.o
                0x08003200                VL53L0X_setSignalRateLimit
 .text.VL53L0X_setMeasurementTimingBudget
                0x08003268      0x132 ..\obj\MZ_VL53L0X.o
                0x08003268                VL53L0X_setMeasurementTimingBudget
 .text.VL53L0X_getMeasurementTimingBudget
                0x0800339a       0xce ..\obj\MZ_VL53L0X.o
                0x0800339a                VL53L0X_getMeasurementTimingBudget
 .text.VL53L0X_setVcselPulsePeriod
                0x08003468      0x2ec ..\obj\MZ_VL53L0X.o
                0x08003468                VL53L0X_setVcselPulsePeriod
 .text.VL53L0X_getVcselPulsePeriod
                0x08003754       0x4a ..\obj\MZ_VL53L0X.o
                0x08003754                VL53L0X_getVcselPulsePeriod
 .text.VL53L0X_startContinuous
                0x0800379e       0x9e ..\obj\MZ_VL53L0X.o
                0x0800379e                VL53L0X_startContinuous
 .text.VL53L0X_readRangeContinuousMillimeters
                0x0800383c       0x5a ..\obj\MZ_VL53L0X.o
                0x0800383c                VL53L0X_readRangeContinuousMillimeters
 .text.VL53L0X_getSpadInfo
                0x08003896      0x140 ..\obj\MZ_VL53L0X.o
                0x08003896                VL53L0X_getSpadInfo
 .text.VL53L0X_getSequenceStepEnables
                0x080039d6       0x96 ..\obj\MZ_VL53L0X.o
                0x080039d6                VL53L0X_getSequenceStepEnables
 .text.VL53L0X_getSequenceStepTimeouts
                0x08003a6c       0xd8 ..\obj\MZ_VL53L0X.o
                0x08003a6c                VL53L0X_getSequenceStepTimeouts
 .text.VL53L0X_decodeTimeout
                0x08003b44       0x26 ..\obj\MZ_VL53L0X.o
                0x08003b44                VL53L0X_decodeTimeout
 .text.VL53L0X_encodeTimeout
                0x08003b6a       0x56 ..\obj\MZ_VL53L0X.o
                0x08003b6a                VL53L0X_encodeTimeout
 .text.VL53L0X_timeoutMclksToMicroseconds
                0x08003bc0       0x50 ..\obj\MZ_VL53L0X.o
                0x08003bc0                VL53L0X_timeoutMclksToMicroseconds
 .text.VL53L0X_timeoutMicrosecondsToMclks
                0x08003c10       0x4c ..\obj\MZ_VL53L0X.o
                0x08003c10                VL53L0X_timeoutMicrosecondsToMclks
 .text.VL53L0X_performSingleRefCalibration
                0x08003c5c       0x66 ..\obj\MZ_VL53L0X.o
                0x08003c5c                VL53L0X_performSingleRefCalibration
 *fill*         0x08003cc2        0x2 
 .text.VL53L0X_startTimeout
                0x08003cc4       0x20 ..\obj\MZ_VL53L0X.o
                0x08003cc4                VL53L0X_startTimeout
 .text.VL53L0X_checkTimeoutExpired
                0x08003ce4       0x3c ..\obj\MZ_VL53L0X.o
                0x08003ce4                VL53L0X_checkTimeoutExpired
 .text.ADC_DMA_init
                0x08003d20      0x110 ..\obj\adc_comp.o
                0x08003d20                ADC_DMA_init
 .text.BW_ADC_Init
                0x08003e30        0xc ..\obj\adc_comp.o
                0x08003e30                BW_ADC_Init
 .text.DMA_Init
                0x08003e3c       0x7c ..\obj\stm32f10x_dma.o
                0x08003e3c                DMA_Init
 .text.DMA_Cmd  0x08003eb8       0x38 ..\obj\stm32f10x_dma.o
                0x08003eb8                DMA_Cmd
 .text.NVIC_Init
                0x08003ef0       0xc4 ..\obj\misc.o
                0x08003ef0                NVIC_Init
 .text.I2C_DeInit
                0x08003fb4       0x48 ..\obj\stm32f10x_i2c.o
                0x08003fb4                I2C_DeInit
 .text.I2C_Init
                0x08003ffc      0x184 ..\obj\stm32f10x_i2c.o
                0x08003ffc                I2C_Init
 .text.I2C_Cmd  0x08004180       0x3e ..\obj\stm32f10x_i2c.o
                0x08004180                I2C_Cmd
 .text.I2C_GenerateSTART
                0x080041be       0x3e ..\obj\stm32f10x_i2c.o
                0x080041be                I2C_GenerateSTART
 .text.I2C_GenerateSTOP
                0x080041fc       0x3e ..\obj\stm32f10x_i2c.o
                0x080041fc                I2C_GenerateSTOP
 .text.I2C_AcknowledgeConfig
                0x0800423a       0x3e ..\obj\stm32f10x_i2c.o
                0x0800423a                I2C_AcknowledgeConfig
 .text.I2C_SendData
                0x08004278       0x1e ..\obj\stm32f10x_i2c.o
                0x08004278                I2C_SendData
 .text.I2C_ReceiveData
                0x08004296       0x1a ..\obj\stm32f10x_i2c.o
                0x08004296                I2C_ReceiveData
 .text.I2C_Send7bitAddress
                0x080042b0       0x3a ..\obj\stm32f10x_i2c.o
                0x080042b0                I2C_Send7bitAddress
 .text.I2C_SoftwareResetCmd
                0x080042ea       0x42 ..\obj\stm32f10x_i2c.o
                0x080042ea                I2C_SoftwareResetCmd
 .text.I2C_GetFlagStatus
                0x0800432c       0x64 ..\obj\stm32f10x_i2c.o
                0x0800432c                I2C_GetFlagStatus
 .text          0x08004390      0x378 c:/program files (x86)/gnu tools arm embedded/7 2018-q2-update/bin/../lib/gcc/arm-none-eabi/7.3.1/thumb/v7-m\libgcc.a(_arm_addsubdf3.o)
                0x08004390                __aeabi_drsub
                0x08004398                __aeabi_dsub
                0x08004398                __subdf3
                0x0800439c                __aeabi_dadd
                0x0800439c                __adddf3
                0x08004614                __floatunsidf
                0x08004614                __aeabi_ui2d
                0x08004634                __floatsidf
                0x08004634                __aeabi_i2d
                0x08004658                __aeabi_f2d
                0x08004658                __extendsfdf2
                0x0800469c                __floatundidf
                0x0800469c                __aeabi_ul2d
                0x080046ac                __floatdidf
                0x080046ac                __aeabi_l2d
 .text          0x08004708      0x110 c:/program files (x86)/gnu tools arm embedded/7 2018-q2-update/bin/../lib/gcc/arm-none-eabi/7.3.1/thumb/v7-m\libgcc.a(_arm_cmpdf2.o)
                0x08004708                __gtdf2
                0x08004708                __gedf2
                0x08004710                __ltdf2
                0x08004710                __ledf2
                0x08004718                __nedf2
                0x08004718                __eqdf2
                0x08004718                __cmpdf2
                0x08004794                __aeabi_cdrcmple
                0x080047a4                __aeabi_cdcmpeq
                0x080047a4                __aeabi_cdcmple
                0x080047b4                __aeabi_dcmpeq
                0x080047c8                __aeabi_dcmplt
                0x080047dc                __aeabi_dcmple
                0x080047f0                __aeabi_dcmpge
                0x08004804                __aeabi_dcmpgt
 .text          0x08004818      0x2a0 c:/program files (x86)/gnu tools arm embedded/7 2018-q2-update/bin/../lib/gcc/arm-none-eabi/7.3.1/thumb/v7-m\libgcc.a(_arm_muldivsf3.o)
                0x08004818                __mulsf3
                0x08004818                __aeabi_fmul
                0x08004980                __aeabi_fdiv
                0x08004980                __divsf3
 .text          0x08004ab8       0xec c:/program files (x86)/gnu tools arm embedded/7 2018-q2-update/bin/../lib/gcc/arm-none-eabi/7.3.1/thumb/v7-m\libgcc.a(_arm_cmpsf2.o)
                0x08004ab8                __gesf2
                0x08004ab8                __gtsf2
                0x08004ac0                __lesf2
                0x08004ac0                __ltsf2
                0x08004ac8                __nesf2
                0x08004ac8                __eqsf2
                0x08004ac8                __cmpsf2
                0x08004b28                __aeabi_cfrcmple
                0x08004b30                __aeabi_cfcmpeq
                0x08004b30                __aeabi_cfcmple
                0x08004b40                __aeabi_fcmpeq
                0x08004b54                __aeabi_fcmplt
                0x08004b68                __aeabi_fcmple
                0x08004b7c                __aeabi_fcmpge
                0x08004b90                __aeabi_fcmpgt
 .text          0x08004ba4       0x40 c:/program files (x86)/gnu tools arm embedded/7 2018-q2-update/bin/../lib/gcc/arm-none-eabi/7.3.1/thumb/v7-m\libgcc.a(_arm_fixunssfsi.o)
                0x08004ba4                __fixunssfsi
                0x08004ba4                __aeabi_f2uiz
 *(.init)
 *(.fini)
 *crtbegin.o(.ctors)
 *crtbegin?.o(.ctors)
 *(EXCLUDE_FILE(*crtend.o *crtend?.o) .ctors)
 *(SORT_BY_NAME(.ctors.*))
 *(.ctors)
 *crtbegin.o(.dtors)
 *crtbegin?.o(.dtors)
 *(EXCLUDE_FILE(*crtend.o *crtend?.o) .dtors)
 *(SORT_BY_NAME(.dtors.*))
 *(.dtors)
 *(.rodata*)
 .rodata        0x08004be4       0x18 ..\obj\Tracer_2019.o
                0x08004be4                CMD_GET_TCS3200
                0x08004be8                RAW_VAL_FLAG
                0x08004bec                RAW_DATA
                0x08004bf0                STAT_DATA
                0x08004bf4                TH_DATA
                0x08004bf8                RGB_VAL_FLAG
 *(.eh_fram e*)

.glue_7         0x08004bfc        0x0
 .glue_7        0x08004bfc        0x0 linker stubs

.glue_7t        0x08004bfc        0x0
 .glue_7t       0x08004bfc        0x0 linker stubs

.vfp11_veneer   0x08004bfc        0x0
 .vfp11_veneer  0x08004bfc        0x0 linker stubs

.v4_bx          0x08004bfc        0x0
 .v4_bx         0x08004bfc        0x0 linker stubs

.iplt           0x08004bfc        0x0
 .iplt          0x08004bfc        0x0 ..\obj\delay.o

.rel.dyn        0x08004bfc        0x0
 .rel.iplt      0x08004bfc        0x0 ..\obj\delay.o

.ARM.extab
 *(.ARM.extab* .gnu.linkonce.armextab.*)
                0x08004bfc                __exidx_start = .

.ARM.exidx
 *(.ARM.exidx* .gnu.linkonce.armexidx.*)
                0x08004bfc                __exidx_end = .
                0x08004bfc                __etext = .
                0x08004bfc                _sidata = __etext

.data           0x20000000       0x58 load address 0x08004bfc
                0x20000000                __data_start__ = .
                0x20000000                _sdata = __data_start__
 *(vtable)
 *(.data*)
 .data          0x20000000       0x14 ..\obj\system_stm32f10x.o
                0x20000000                SystemCoreClock
                0x20000004                AHBPrescTable
 .data          0x20000014       0x18 ..\obj\main.o
                0x20000014                myTOFsensor
 .data          0x2000002c       0x14 ..\obj\stm32f10x_rcc.o
 .data          0x20000040        0xc ..\obj\Tracer_2019.o
                0x20000040                COMMAND_FLAG_A
                0x20000044                COMMAND_FLAG_B
                0x20000048                COMMAND_COMPLETED
 .data          0x2000004c        0xc ..\obj\adc_comp.o
                0x2000004c                ADCBuffer
                0x20000058                . = ALIGN (0x4)
                [!provide]                PROVIDE (__preinit_array_start = .)
 *(.preinit_array)
                [!provide]                PROVIDE (__preinit_array_end = .)
                0x20000058                . = ALIGN (0x4)
                [!provide]                PROVIDE (__init_array_start = .)
 *(SORT_BY_NAME(.init_array.*))
 *(.init_array)
                [!provide]                PROVIDE (__init_array_end = .)
                0x20000058                . = ALIGN (0x4)
                [!provide]                PROVIDE (__fini_array_start = .)
 *(SORT_BY_NAME(.fini_array.*))
 *(.fini_array)
                [!provide]                PROVIDE (__fini_array_end = .)
 *(.jcr*)
                0x20000058                . = ALIGN (0x4)
                0x20000058                __data_end__ = .
                0x20000058                _edata = __data_end__

.igot.plt       0x20000058        0x0 load address 0x08004c54
 .igot.plt      0x20000058        0x0 ..\obj\delay.o

.bss            0x20000058      0x17c load address 0x08004c54
                0x20000058                . = ALIGN (0x4)
                0x20000058                __bss_start__ = .
                0x20000058                _sbss = __bss_start__
 *(.bss*)
 .bss           0x20000058       0x50 ..\obj\TCS_Tracer2019.o
                0x20000058                TCS_DATA
                0x2000005e                TCS_DATA_2
                0x20000060                data_byte
                0x20000062                ERROR_DATA
                0x20000064                ERROR_WRITE1
                0x20000065                ERROR_WRITE2
                0x20000066                ERROR_WRITE3
                0x20000067                ERROR_WRITE4
                0x20000068                ERROR_WRITE5
                0x20000069                ERROR_WRITE6
                0x2000006a                data_H
                0x2000006b                data_L
                0x2000006c                final_data
                0x20000070                Tracer_front_R_H
                0x20000074                Tracer_front_R_L
                0x20000078                Tracer_front_G_H
                0x2000007c                Tracer_front_G_L
                0x20000080                Tracer_front_B_H
                0x20000084                Tracer_front_B_L
                0x20000088                Distance_VL_H
                0x2000008c                Distance_VL_L
                0x20000090                Tracer_back_R_H
                0x20000094                Tracer_back_R_L
                0x20000098                Tracer_back_G_H
                0x2000009c                Tracer_back_G_L
                0x200000a0                Tracer_back_B_H
                0x200000a4                Tracer_back_B_L
 .bss           0x200000a8       0x34 ..\obj\Tracer_2019.o
                0x200000a8                SLAVE_COMMAND
                0x200000ac                ADC_Buf
                0x200000c0                Tracer_ADC_Raw
                0x200000cc                Tracer_Stat
 *(COMMON)
 COMMON         0x200000dc       0x5c ..\obj\delay.o
                0x200000dc                TCS_GREEN_BACK
                0x200000e4                TCS_B
                0x200000ec                TCS_GREEN_FRONT
                0x200000f4                sysTick_Time
                0x200000f8                TCS_CLEAR_BACK
                0x20000100                TCS_BLUE_FRONT
                0x20000108                TCS_RED_BACK
                0x20000110                TCS_CLEAR_FRONT
                0x20000118                adc_value
                0x2000011c                TCS_RED_FRONT
                0x20000124                TCS_BLUE_BACK
                0x2000012c                TCS_F
                0x20000134                Sharp
 COMMON         0x20000138       0x50 ..\obj\main.o
                0x20000138                ADC_DATA_F
                0x2000013c                STATUS
                0x20000140                dist
                0x20000144                buffer
                0x20000160                ADC_DATA_M
                0x20000164                data
                0x20000184                ADC_DATA_R
 COMMON         0x20000188       0x4c ..\obj\Tracer_2019.o
                0x20000188                TIM_TimeBaseStructure
                0x20000194                ADC_InitStructure
                0x200001a8                I2C_InitStructure
                0x200001b8                GPIO_InitStructure
                0x200001bc                USART_InitStructure
                0x200001cc                NVIC_InitStructure
                0x200001d0                ADC_SUM
                0x200001d4                . = ALIGN (0x4)
                0x200001d4                __bss_end__ = .
                0x200001d4                _ebss = __bss_end__

.heap           0x200001d4        0x0
                0x200001d4                __end__ = .
                0x200001d4                _end = __end__
                0x200001d4                end = __end__
 *(.heap*)
                0x200001d4                __HeapLimit = .

.co_stack       0x200001d4      0x404 load address 0x08004dd0
                0x200001d8                . = ALIGN (0x8)
 *fill*         0x200001d4        0x4 
 *(.co_stack .co_stack.*)
 .co_stack      0x200001d8      0x400 ..\obj\startup_stm32f10x_md.o
                0x200001d8                pulStack
                0x20005000                __StackTop = (ORIGIN (ram) + LENGTH (ram))
                0x20004bfc                __StackLimit = (__StackTop - SIZEOF (.co_stack))
                [!provide]                PROVIDE (__stack = __StackTop)
                0x00000001                ASSERT ((__StackLimit >= __HeapLimit), region ram  overflowed with stack)
LOAD ..\obj\delay.o
LOAD ..\obj\stm32f10x_tim.o
LOAD ..\obj\system_stm32f10x.o
LOAD ..\obj\TCS_Tracer2019.o
LOAD ..\obj\startup_stm32f10x_md.o
LOAD ..\obj\stm32f10x_gpio.o
LOAD ..\obj\i2c_vl530x.o
LOAD ..\obj\main.o
LOAD ..\obj\stm32f10x_rcc.o
LOAD ..\obj\stm32f10x_adc.o
LOAD ..\obj\stm32f10x_usart.o
LOAD ..\obj\Tracer_2019.o
LOAD ..\obj\syscalls.o
LOAD ..\obj\MZ_VL53L0X.o
LOAD ..\obj\adc_comp.o
LOAD ..\obj\stm32f10x_dma.o
LOAD ..\obj\misc.o
LOAD ..\obj\stm32f10x_i2c.o
LOAD ..\obj\stm32f10x_iwdg.o
START GROUP
LOAD c:/program files (x86)/gnu tools arm embedded/7 2018-q2-update/bin/../lib/gcc/arm-none-eabi/7.3.1/thumb/v7-m\libgcc.a
LOAD c:/program files (x86)/gnu tools arm embedded/7 2018-q2-update/bin/../lib/gcc/arm-none-eabi/7.3.1/../../../../arm-none-eabi/lib/thumb/v7-m\libg.a
LOAD c:/program files (x86)/gnu tools arm embedded/7 2018-q2-update/bin/../lib/gcc/arm-none-eabi/7.3.1/../../../../arm-none-eabi/lib/thumb/v7-m\libc.a
END GROUP
OUTPUT(BW_Tracer_2019_Ver 1.0.elf elf32-littlearm)

.debug_info     0x00000000     0xe4e6
 .debug_info    0x00000000     0x11b8 ..\obj\delay.o
 .debug_info    0x000011b8     0x1c66 ..\obj\stm32f10x_tim.o
 .debug_info    0x00002e1e      0x2fe ..\obj\system_stm32f10x.o
 .debug_info    0x0000311c     0x10c6 ..\obj\TCS_Tracer2019.o
 .debug_info    0x000041e2      0x10f ..\obj\startup_stm32f10x_md.o
 .debug_info    0x000042f1      0x6fe ..\obj\stm32f10x_gpio.o
 .debug_info    0x000049ef     0x109c ..\obj\i2c_vl530x.o
 .debug_info    0x00005a8b      0xfd7 ..\obj\main.o
 .debug_info    0x00006a62      0x8ae ..\obj\stm32f10x_rcc.o
 .debug_info    0x00007310      0xb82 ..\obj\stm32f10x_adc.o
 .debug_info    0x00007e92      0x9f6 ..\obj\stm32f10x_usart.o
 .debug_info    0x00008888     0x19e0 ..\obj\Tracer_2019.o
 .debug_info    0x0000a268     0x19a2 ..\obj\MZ_VL53L0X.o
 .debug_info    0x0000bc0a     0x1401 ..\obj\adc_comp.o
 .debug_info    0x0000d00b      0x481 ..\obj\stm32f10x_dma.o
 .debug_info    0x0000d48c      0x547 ..\obj\misc.o
 .debug_info    0x0000d9d3      0xb13 ..\obj\stm32f10x_i2c.o

.debug_abbrev   0x00000000     0x228f
 .debug_abbrev  0x00000000      0x2b7 ..\obj\delay.o
 .debug_abbrev  0x000002b7      0x1c5 ..\obj\stm32f10x_tim.o
 .debug_abbrev  0x0000047c      0x170 ..\obj\system_stm32f10x.o
 .debug_abbrev  0x000005ec      0x2e0 ..\obj\TCS_Tracer2019.o
 .debug_abbrev  0x000008cc       0xb8 ..\obj\startup_stm32f10x_md.o
 .debug_abbrev  0x00000984      0x1e1 ..\obj\stm32f10x_gpio.o
 .debug_abbrev  0x00000b65      0x28a ..\obj\i2c_vl530x.o
 .debug_abbrev  0x00000def      0x21a ..\obj\main.o
 .debug_abbrev  0x00001009      0x1d1 ..\obj\stm32f10x_rcc.o
 .debug_abbrev  0x000011da      0x1ad ..\obj\stm32f10x_adc.o
 .debug_abbrev  0x00001387      0x191 ..\obj\stm32f10x_usart.o
 .debug_abbrev  0x00001518      0x30a ..\obj\Tracer_2019.o
 .debug_abbrev  0x00001822      0x2f4 ..\obj\MZ_VL53L0X.o
 .debug_abbrev  0x00001b16      0x2ee ..\obj\adc_comp.o
 .debug_abbrev  0x00001e04      0x184 ..\obj\stm32f10x_dma.o
 .debug_abbrev  0x00001f88      0x174 ..\obj\misc.o
 .debug_abbrev  0x000020fc      0x193 ..\obj\stm32f10x_i2c.o

.debug_aranges  0x00000000      0xc40
 .debug_aranges
                0x00000000       0x48 ..\obj\delay.o
 .debug_aranges
                0x00000048      0x2f0 ..\obj\stm32f10x_tim.o
 .debug_aranges
                0x00000338       0x38 ..\obj\system_stm32f10x.o
 .debug_aranges
                0x00000370       0x68 ..\obj\TCS_Tracer2019.o
 .debug_aranges
                0x000003d8       0x28 ..\obj\startup_stm32f10x_md.o
 .debug_aranges
                0x00000400       0xa8 ..\obj\stm32f10x_gpio.o
 .debug_aranges
                0x000004a8       0x38 ..\obj\i2c_vl530x.o
 .debug_aranges
                0x000004e0       0x20 ..\obj\main.o
 .debug_aranges
                0x00000500      0x118 ..\obj\stm32f10x_rcc.o
 .debug_aranges
                0x00000618      0x138 ..\obj\stm32f10x_adc.o
 .debug_aranges
                0x00000750      0x100 ..\obj\stm32f10x_usart.o
 .debug_aranges
                0x00000850       0x80 ..\obj\Tracer_2019.o
 .debug_aranges
                0x000008d0      0x110 ..\obj\MZ_VL53L0X.o
 .debug_aranges
                0x000009e0       0x90 ..\obj\adc_comp.o
 .debug_aranges
                0x00000a70       0x70 ..\obj\stm32f10x_dma.o
 .debug_aranges
                0x00000ae0       0x40 ..\obj\misc.o
 .debug_aranges
                0x00000b20      0x120 ..\obj\stm32f10x_i2c.o

.debug_ranges   0x00000000      0xb30
 .debug_ranges  0x00000000       0x38 ..\obj\delay.o
 .debug_ranges  0x00000038      0x2e0 ..\obj\stm32f10x_tim.o
 .debug_ranges  0x00000318       0x28 ..\obj\system_stm32f10x.o
 .debug_ranges  0x00000340       0x58 ..\obj\TCS_Tracer2019.o
 .debug_ranges  0x00000398       0x18 ..\obj\startup_stm32f10x_md.o
 .debug_ranges  0x000003b0       0x98 ..\obj\stm32f10x_gpio.o
 .debug_ranges  0x00000448       0x28 ..\obj\i2c_vl530x.o
 .debug_ranges  0x00000470       0x10 ..\obj\main.o
 .debug_ranges  0x00000480      0x108 ..\obj\stm32f10x_rcc.o
 .debug_ranges  0x00000588      0x128 ..\obj\stm32f10x_adc.o
 .debug_ranges  0x000006b0       0xf0 ..\obj\stm32f10x_usart.o
 .debug_ranges  0x000007a0       0x70 ..\obj\Tracer_2019.o
 .debug_ranges  0x00000810      0x100 ..\obj\MZ_VL53L0X.o
 .debug_ranges  0x00000910       0x80 ..\obj\adc_comp.o
 .debug_ranges  0x00000990       0x60 ..\obj\stm32f10x_dma.o
 .debug_ranges  0x000009f0       0x30 ..\obj\misc.o
 .debug_ranges  0x00000a20      0x110 ..\obj\stm32f10x_i2c.o

.debug_line     0x00000000     0x6da5
 .debug_line    0x00000000      0x570 ..\obj\delay.o
 .debug_line    0x00000570      0xd4a ..\obj\stm32f10x_tim.o
 .debug_line    0x000012ba      0x33b ..\obj\system_stm32f10x.o
 .debug_line    0x000015f5      0x6ca ..\obj\TCS_Tracer2019.o
 .debug_line    0x00001cbf      0x117 ..\obj\startup_stm32f10x_md.o
 .debug_line    0x00001dd6      0x5ca ..\obj\stm32f10x_gpio.o
 .debug_line    0x000023a0      0x6f0 ..\obj\i2c_vl530x.o
 .debug_line    0x00002a90      0x58c ..\obj\main.o
 .debug_line    0x0000301c      0x6c5 ..\obj\stm32f10x_rcc.o
 .debug_line    0x000036e1      0x734 ..\obj\stm32f10x_adc.o
 .debug_line    0x00003e15      0x6ac ..\obj\stm32f10x_usart.o
 .debug_line    0x000044c1      0x816 ..\obj\Tracer_2019.o
 .debug_line    0x00004cd7      0x946 ..\obj\MZ_VL53L0X.o
 .debug_line    0x0000561d      0x738 ..\obj\adc_comp.o
 .debug_line    0x00005d55      0x532 ..\obj\stm32f10x_dma.o
 .debug_line    0x00006287      0x43f ..\obj\misc.o
 .debug_line    0x000066c6      0x6df ..\obj\stm32f10x_i2c.o

.debug_str      0x00000000     0x4e32
 .debug_str     0x00000000      0xd55 ..\obj\delay.o
                                0xdf5 (size before relaxing)
 .debug_str     0x00000d55      0xc59 ..\obj\stm32f10x_tim.o
                                0xf1c (size before relaxing)
 .debug_str     0x000019ae      0x183 ..\obj\system_stm32f10x.o
                                0x3c0 (size before relaxing)
 .debug_str     0x00001b31      0x194 ..\obj\TCS_Tracer2019.o
                                0xb46 (size before relaxing)
 .debug_str     0x00001cc5      0x137 ..\obj\startup_stm32f10x_md.o
                                0x28d (size before relaxing)
 .debug_str     0x00001dfc      0x3f3 ..\obj\stm32f10x_gpio.o
                                0x658 (size before relaxing)
 .debug_str     0x000021ef      0x11a ..\obj\i2c_vl530x.o
                                0xb55 (size before relaxing)
 .debug_str     0x00002309      0x1c3 ..\obj\main.o
                                0xb9e (size before relaxing)
 .debug_str     0x000024cc      0x45d ..\obj\stm32f10x_rcc.o
                                0x759 (size before relaxing)
 .debug_str     0x00002929      0x5a5 ..\obj\stm32f10x_adc.o
                                0x83a (size before relaxing)
 .debug_str     0x00002ece      0x48a ..\obj\stm32f10x_usart.o
                                0x7cf (size before relaxing)
 .debug_str     0x00003358      0x3c0 ..\obj\Tracer_2019.o
                               0x13e2 (size before relaxing)
 .debug_str     0x00003718      0xd9c ..\obj\MZ_VL53L0X.o
                               0x1815 (size before relaxing)
 .debug_str     0x000044b4      0x2a9 ..\obj\adc_comp.o
                                0xe83 (size before relaxing)
 .debug_str     0x0000475d      0x1b4 ..\obj\stm32f10x_dma.o
                                0x4f6 (size before relaxing)
 .debug_str     0x00004911      0x179 ..\obj\misc.o
                                0x4fd (size before relaxing)
 .debug_str     0x00004a8a      0x3a8 ..\obj\stm32f10x_i2c.o
                                0x7a5 (size before relaxing)

.comment        0x00000000       0x7f
 .comment       0x00000000       0x7f ..\obj\delay.o
                                 0x80 (size before relaxing)
 .comment       0x0000007f       0x80 ..\obj\stm32f10x_tim.o
 .comment       0x0000007f       0x80 ..\obj\system_stm32f10x.o
 .comment       0x0000007f       0x80 ..\obj\TCS_Tracer2019.o
 .comment       0x0000007f       0x80 ..\obj\startup_stm32f10x_md.o
 .comment       0x0000007f       0x80 ..\obj\stm32f10x_gpio.o
 .comment       0x0000007f       0x80 ..\obj\i2c_vl530x.o
 .comment       0x0000007f       0x80 ..\obj\main.o
 .comment       0x0000007f       0x80 ..\obj\stm32f10x_rcc.o
 .comment       0x0000007f       0x80 ..\obj\stm32f10x_adc.o
 .comment       0x0000007f       0x80 ..\obj\stm32f10x_usart.o
 .comment       0x0000007f       0x80 ..\obj\Tracer_2019.o
 .comment       0x0000007f       0x80 ..\obj\MZ_VL53L0X.o
 .comment       0x0000007f       0x80 ..\obj\adc_comp.o
 .comment       0x0000007f       0x80 ..\obj\stm32f10x_dma.o
 .comment       0x0000007f       0x80 ..\obj\misc.o
 .comment       0x0000007f       0x80 ..\obj\stm32f10x_i2c.o

.ARM.attributes
                0x00000000       0x33
 .ARM.attributes
                0x00000000       0x33 ..\obj\delay.o
 .ARM.attributes
                0x00000033       0x33 ..\obj\stm32f10x_tim.o
 .ARM.attributes
                0x00000066       0x33 ..\obj\system_stm32f10x.o
 .ARM.attributes
                0x00000099       0x33 ..\obj\TCS_Tracer2019.o
 .ARM.attributes
                0x000000cc       0x33 ..\obj\startup_stm32f10x_md.o
 .ARM.attributes
                0x000000ff       0x33 ..\obj\stm32f10x_gpio.o
 .ARM.attributes
                0x00000132       0x33 ..\obj\i2c_vl530x.o
 .ARM.attributes
                0x00000165       0x33 ..\obj\main.o
 .ARM.attributes
                0x00000198       0x33 ..\obj\stm32f10x_rcc.o
 .ARM.attributes
                0x000001cb       0x33 ..\obj\stm32f10x_adc.o
 .ARM.attributes
                0x000001fe       0x33 ..\obj\stm32f10x_usart.o
 .ARM.attributes
                0x00000231       0x33 ..\obj\Tracer_2019.o
 .ARM.attributes
                0x00000264       0x33 ..\obj\MZ_VL53L0X.o
 .ARM.attributes
                0x00000297       0x33 ..\obj\adc_comp.o
 .ARM.attributes
                0x000002ca       0x33 ..\obj\stm32f10x_dma.o
 .ARM.attributes
                0x000002fd       0x33 ..\obj\misc.o
 .ARM.attributes
                0x00000330       0x33 ..\obj\stm32f10x_i2c.o
 .ARM.attributes
                0x00000363       0x1d c:/program files (x86)/gnu tools arm embedded/7 2018-q2-update/bin/../lib/gcc/arm-none-eabi/7.3.1/thumb/v7-m\libgcc.a(_arm_addsubdf3.o)
 .ARM.attributes
                0x00000380       0x1d c:/program files (x86)/gnu tools arm embedded/7 2018-q2-update/bin/../lib/gcc/arm-none-eabi/7.3.1/thumb/v7-m\libgcc.a(_arm_cmpdf2.o)
 .ARM.attributes
                0x0000039d       0x1d c:/program files (x86)/gnu tools arm embedded/7 2018-q2-update/bin/../lib/gcc/arm-none-eabi/7.3.1/thumb/v7-m\libgcc.a(_arm_muldivsf3.o)
 .ARM.attributes
                0x000003ba       0x1d c:/program files (x86)/gnu tools arm embedded/7 2018-q2-update/bin/../lib/gcc/arm-none-eabi/7.3.1/thumb/v7-m\libgcc.a(_arm_cmpsf2.o)
 .ARM.attributes
                0x000003d7       0x1d c:/program files (x86)/gnu tools arm embedded/7 2018-q2-update/bin/../lib/gcc/arm-none-eabi/7.3.1/thumb/v7-m\libgcc.a(_arm_fixunssfsi.o)

.debug_frame    0x00000000     0x36f8
 .debug_frame   0x00000000       0xe4 ..\obj\delay.o
 .debug_frame   0x000000e4      0xe2c ..\obj\stm32f10x_tim.o
 .debug_frame   0x00000f10       0x9c ..\obj\system_stm32f10x.o
 .debug_frame   0x00000fac      0x168 ..\obj\TCS_Tracer2019.o
 .debug_frame   0x00001114       0x4c ..\obj\startup_stm32f10x_md.o
 .debug_frame   0x00001160      0x2d0 ..\obj\stm32f10x_gpio.o
 .debug_frame   0x00001430       0xa4 ..\obj\i2c_vl530x.o
 .debug_frame   0x000014d4       0x2c ..\obj\main.o
 .debug_frame   0x00001500      0x4f4 ..\obj\stm32f10x_rcc.o
 .debug_frame   0x000019f4      0x5a4 ..\obj\stm32f10x_adc.o
 .debug_frame   0x00001f98      0x490 ..\obj\stm32f10x_usart.o
 .debug_frame   0x00002428      0x1c8 ..\obj\Tracer_2019.o
 .debug_frame   0x000025f0      0x490 ..\obj\MZ_VL53L0X.o
 .debug_frame   0x00002a80      0x214 ..\obj\adc_comp.o
 .debug_frame   0x00002c94      0x1c8 ..\obj\stm32f10x_dma.o
 .debug_frame   0x00002e5c       0xd8 ..\obj\misc.o
 .debug_frame   0x00002f34      0x530 ..\obj\stm32f10x_i2c.o
 .debug_frame   0x00003464       0xac c:/program files (x86)/gnu tools arm embedded/7 2018-q2-update/bin/../lib/gcc/arm-none-eabi/7.3.1/thumb/v7-m\libgcc.a(_arm_addsubdf3.o)
 .debug_frame   0x00003510       0xc4 c:/program files (x86)/gnu tools arm embedded/7 2018-q2-update/bin/../lib/gcc/arm-none-eabi/7.3.1/thumb/v7-m\libgcc.a(_arm_cmpdf2.o)
 .debug_frame   0x000035d4       0x38 c:/program files (x86)/gnu tools arm embedded/7 2018-q2-update/bin/../lib/gcc/arm-none-eabi/7.3.1/thumb/v7-m\libgcc.a(_arm_muldivsf3.o)
 .debug_frame   0x0000360c       0xc8 c:/program files (x86)/gnu tools arm embedded/7 2018-q2-update/bin/../lib/gcc/arm-none-eabi/7.3.1/thumb/v7-m\libgcc.a(_arm_cmpsf2.o)
 .debug_frame   0x000036d4       0x24 c:/program files (x86)/gnu tools arm embedded/7 2018-q2-update/bin/../lib/gcc/arm-none-eabi/7.3.1/thumb/v7-m\libgcc.a(_arm_fixunssfsi.o)
